Component: Arm Compiler for Embedded 6.19 Tool: armlink [5e73cb00]

==============================================================================

Section Cross References

    stm32f1xx_nucleo.o(.ARM.exidx.text.BSP_GetVersion) refers to stm32f1xx_nucleo.o(.text.BSP_GetVersion) for [Anonymous Symbol]
    stm32f1xx_nucleo.o(.text.BSP_LED_Init) refers to stm32f1xx_nucleo.o(.data.LED_PORT) for LED_PORT
    stm32f1xx_nucleo.o(.text.BSP_LED_Init) refers to stm32f1xx_hal_gpio.o(.text.HAL_GPIO_Init) for HAL_GPIO_Init
    stm32f1xx_nucleo.o(.text.BSP_LED_Init) refers to stm32f1xx_hal_gpio.o(.text.HAL_GPIO_WritePin) for HAL_GPIO_WritePin
    stm32f1xx_nucleo.o(.ARM.exidx.text.BSP_LED_Init) refers to stm32f1xx_nucleo.o(.text.BSP_LED_Init) for [Anonymous Symbol]
    stm32f1xx_nucleo.o(.text.BSP_LED_DeInit) refers to stm32f1xx_nucleo.o(.data.LED_PORT) for LED_PORT
    stm32f1xx_nucleo.o(.text.BSP_LED_DeInit) refers to stm32f1xx_hal_gpio.o(.text.HAL_GPIO_WritePin) for HAL_GPIO_WritePin
    stm32f1xx_nucleo.o(.text.BSP_LED_DeInit) refers to stm32f1xx_hal_gpio.o(.text.HAL_GPIO_DeInit) for HAL_GPIO_DeInit
    stm32f1xx_nucleo.o(.ARM.exidx.text.BSP_LED_DeInit) refers to stm32f1xx_nucleo.o(.text.BSP_LED_DeInit) for [Anonymous Symbol]
    stm32f1xx_nucleo.o(.text.BSP_LED_On) refers to stm32f1xx_nucleo.o(.data.LED_PORT) for LED_PORT
    stm32f1xx_nucleo.o(.text.BSP_LED_On) refers to stm32f1xx_hal_gpio.o(.text.HAL_GPIO_WritePin) for HAL_GPIO_WritePin
    stm32f1xx_nucleo.o(.ARM.exidx.text.BSP_LED_On) refers to stm32f1xx_nucleo.o(.text.BSP_LED_On) for [Anonymous Symbol]
    stm32f1xx_nucleo.o(.text.BSP_LED_Off) refers to stm32f1xx_nucleo.o(.data.LED_PORT) for LED_PORT
    stm32f1xx_nucleo.o(.text.BSP_LED_Off) refers to stm32f1xx_hal_gpio.o(.text.HAL_GPIO_WritePin) for HAL_GPIO_WritePin
    stm32f1xx_nucleo.o(.ARM.exidx.text.BSP_LED_Off) refers to stm32f1xx_nucleo.o(.text.BSP_LED_Off) for [Anonymous Symbol]
    stm32f1xx_nucleo.o(.text.BSP_LED_Toggle) refers to stm32f1xx_nucleo.o(.data.LED_PORT) for LED_PORT
    stm32f1xx_nucleo.o(.text.BSP_LED_Toggle) refers to stm32f1xx_hal_gpio.o(.text.HAL_GPIO_TogglePin) for HAL_GPIO_TogglePin
    stm32f1xx_nucleo.o(.ARM.exidx.text.BSP_LED_Toggle) refers to stm32f1xx_nucleo.o(.text.BSP_LED_Toggle) for [Anonymous Symbol]
    stm32f1xx_nucleo.o(.text.BSP_PB_Init) refers to stm32f1xx_nucleo.o(.data.BUTTON_PORT) for BUTTON_PORT
    stm32f1xx_nucleo.o(.text.BSP_PB_Init) refers to stm32f1xx_hal_gpio.o(.text.HAL_GPIO_Init) for HAL_GPIO_Init
    stm32f1xx_nucleo.o(.text.BSP_PB_Init) refers to stm32f1xx_hal_cortex.o(.text.HAL_NVIC_SetPriority) for HAL_NVIC_SetPriority
    stm32f1xx_nucleo.o(.text.BSP_PB_Init) refers to stm32f1xx_hal_cortex.o(.text.HAL_NVIC_EnableIRQ) for HAL_NVIC_EnableIRQ
    stm32f1xx_nucleo.o(.ARM.exidx.text.BSP_PB_Init) refers to stm32f1xx_nucleo.o(.text.BSP_PB_Init) for [Anonymous Symbol]
    stm32f1xx_nucleo.o(.text.BSP_PB_DeInit) refers to stm32f1xx_hal_cortex.o(.text.HAL_NVIC_DisableIRQ) for HAL_NVIC_DisableIRQ
    stm32f1xx_nucleo.o(.text.BSP_PB_DeInit) refers to stm32f1xx_nucleo.o(.data.BUTTON_PORT) for BUTTON_PORT
    stm32f1xx_nucleo.o(.text.BSP_PB_DeInit) refers to stm32f1xx_hal_gpio.o(.text.HAL_GPIO_DeInit) for HAL_GPIO_DeInit
    stm32f1xx_nucleo.o(.ARM.exidx.text.BSP_PB_DeInit) refers to stm32f1xx_nucleo.o(.text.BSP_PB_DeInit) for [Anonymous Symbol]
    stm32f1xx_nucleo.o(.text.BSP_PB_GetState) refers to stm32f1xx_nucleo.o(.data.BUTTON_PORT) for BUTTON_PORT
    stm32f1xx_nucleo.o(.text.BSP_PB_GetState) refers to stm32f1xx_hal_gpio.o(.text.HAL_GPIO_ReadPin) for HAL_GPIO_ReadPin
    stm32f1xx_nucleo.o(.ARM.exidx.text.BSP_PB_GetState) refers to stm32f1xx_nucleo.o(.text.BSP_PB_GetState) for [Anonymous Symbol]
    stm32f1xx_hal_rcc_ex.o(.text.HAL_RCCEx_PeriphCLKConfig) refers to stm32f1xx_hal.o(.text.HAL_GetTick) for HAL_GetTick
    stm32f1xx_hal_rcc_ex.o(.ARM.exidx.text.HAL_RCCEx_PeriphCLKConfig) refers to stm32f1xx_hal_rcc_ex.o(.text.HAL_RCCEx_PeriphCLKConfig) for [Anonymous Symbol]
    stm32f1xx_hal_rcc_ex.o(.ARM.exidx.text.HAL_RCCEx_GetPeriphCLKConfig) refers to stm32f1xx_hal_rcc_ex.o(.text.HAL_RCCEx_GetPeriphCLKConfig) for [Anonymous Symbol]
    stm32f1xx_hal_rcc_ex.o(.text.HAL_RCCEx_GetPeriphCLKFreq) refers to stm32f1xx_hal_rcc.o(.text.HAL_RCC_GetPCLK2Freq) for HAL_RCC_GetPCLK2Freq
    stm32f1xx_hal_rcc_ex.o(.ARM.exidx.text.HAL_RCCEx_GetPeriphCLKFreq) refers to stm32f1xx_hal_rcc_ex.o(.text.HAL_RCCEx_GetPeriphCLKFreq) for [Anonymous Symbol]
    stm32f1xx_hal.o(.text.HAL_Init) refers to stm32f1xx_hal_cortex.o(.text.HAL_NVIC_SetPriorityGrouping) for HAL_NVIC_SetPriorityGrouping
    stm32f1xx_hal.o(.text.HAL_Init) refers to stm32f1xx_hal.o(.text.HAL_InitTick) for HAL_InitTick
    stm32f1xx_hal.o(.text.HAL_Init) refers to stm32f1xx_hal.o(.text.HAL_MspInit) for HAL_MspInit
    stm32f1xx_hal.o(.ARM.exidx.text.HAL_Init) refers to stm32f1xx_hal.o(.text.HAL_Init) for [Anonymous Symbol]
    stm32f1xx_hal.o(.text.HAL_InitTick) refers to stm32f1xx_hal.o(.data..L_MergedGlobals) for .L_MergedGlobals
    stm32f1xx_hal.o(.text.HAL_InitTick) refers to system_stm32f1xx.o(.data.SystemCoreClock) for SystemCoreClock
    stm32f1xx_hal.o(.text.HAL_InitTick) refers to stm32f1xx_hal_cortex.o(.text.HAL_SYSTICK_Config) for HAL_SYSTICK_Config
    stm32f1xx_hal.o(.text.HAL_InitTick) refers to stm32f1xx_hal_cortex.o(.text.HAL_NVIC_SetPriority) for HAL_NVIC_SetPriority
    stm32f1xx_hal.o(.ARM.exidx.text.HAL_InitTick) refers to stm32f1xx_hal.o(.text.HAL_InitTick) for [Anonymous Symbol]
    stm32f1xx_hal.o(.ARM.exidx.text.HAL_MspInit) refers to stm32f1xx_hal.o(.text.HAL_MspInit) for [Anonymous Symbol]
    stm32f1xx_hal.o(.text.HAL_DeInit) refers to stm32f1xx_hal.o(.text.HAL_MspDeInit) for HAL_MspDeInit
    stm32f1xx_hal.o(.ARM.exidx.text.HAL_DeInit) refers to stm32f1xx_hal.o(.text.HAL_DeInit) for [Anonymous Symbol]
    stm32f1xx_hal.o(.ARM.exidx.text.HAL_MspDeInit) refers to stm32f1xx_hal.o(.text.HAL_MspDeInit) for [Anonymous Symbol]
    stm32f1xx_hal.o(.text.HAL_IncTick) refers to stm32f1xx_hal.o(.data..L_MergedGlobals) for .L_MergedGlobals
    stm32f1xx_hal.o(.text.HAL_IncTick) refers to stm32f1xx_hal.o(.bss.uwTick) for uwTick
    stm32f1xx_hal.o(.ARM.exidx.text.HAL_IncTick) refers to stm32f1xx_hal.o(.text.HAL_IncTick) for [Anonymous Symbol]
    stm32f1xx_hal.o(.text.HAL_GetTick) refers to stm32f1xx_hal.o(.bss.uwTick) for uwTick
    stm32f1xx_hal.o(.ARM.exidx.text.HAL_GetTick) refers to stm32f1xx_hal.o(.text.HAL_GetTick) for [Anonymous Symbol]
    stm32f1xx_hal.o(.text.HAL_GetTickPrio) refers to stm32f1xx_hal.o(.data..L_MergedGlobals) for .L_MergedGlobals
    stm32f1xx_hal.o(.ARM.exidx.text.HAL_GetTickPrio) refers to stm32f1xx_hal.o(.text.HAL_GetTickPrio) for [Anonymous Symbol]
    stm32f1xx_hal.o(.text.HAL_SetTickFreq) refers to stm32f1xx_hal.o(.data..L_MergedGlobals) for .L_MergedGlobals
    stm32f1xx_hal.o(.text.HAL_SetTickFreq) refers to stm32f1xx_hal.o(.text.HAL_InitTick) for HAL_InitTick
    stm32f1xx_hal.o(.ARM.exidx.text.HAL_SetTickFreq) refers to stm32f1xx_hal.o(.text.HAL_SetTickFreq) for [Anonymous Symbol]
    stm32f1xx_hal.o(.text.HAL_GetTickFreq) refers to stm32f1xx_hal.o(.data..L_MergedGlobals) for .L_MergedGlobals
    stm32f1xx_hal.o(.ARM.exidx.text.HAL_GetTickFreq) refers to stm32f1xx_hal.o(.text.HAL_GetTickFreq) for [Anonymous Symbol]
    stm32f1xx_hal.o(.text.HAL_Delay) refers to stm32f1xx_hal.o(.text.HAL_GetTick) for HAL_GetTick
    stm32f1xx_hal.o(.text.HAL_Delay) refers to stm32f1xx_hal.o(.data..L_MergedGlobals) for .L_MergedGlobals
    stm32f1xx_hal.o(.ARM.exidx.text.HAL_Delay) refers to stm32f1xx_hal.o(.text.HAL_Delay) for [Anonymous Symbol]
    stm32f1xx_hal.o(.ARM.exidx.text.HAL_SuspendTick) refers to stm32f1xx_hal.o(.text.HAL_SuspendTick) for [Anonymous Symbol]
    stm32f1xx_hal.o(.ARM.exidx.text.HAL_ResumeTick) refers to stm32f1xx_hal.o(.text.HAL_ResumeTick) for [Anonymous Symbol]
    stm32f1xx_hal.o(.ARM.exidx.text.HAL_GetHalVersion) refers to stm32f1xx_hal.o(.text.HAL_GetHalVersion) for [Anonymous Symbol]
    stm32f1xx_hal.o(.ARM.exidx.text.HAL_GetREVID) refers to stm32f1xx_hal.o(.text.HAL_GetREVID) for [Anonymous Symbol]
    stm32f1xx_hal.o(.ARM.exidx.text.HAL_GetDEVID) refers to stm32f1xx_hal.o(.text.HAL_GetDEVID) for [Anonymous Symbol]
    stm32f1xx_hal.o(.ARM.exidx.text.HAL_GetUIDw0) refers to stm32f1xx_hal.o(.text.HAL_GetUIDw0) for [Anonymous Symbol]
    stm32f1xx_hal.o(.ARM.exidx.text.HAL_GetUIDw1) refers to stm32f1xx_hal.o(.text.HAL_GetUIDw1) for [Anonymous Symbol]
    stm32f1xx_hal.o(.ARM.exidx.text.HAL_GetUIDw2) refers to stm32f1xx_hal.o(.text.HAL_GetUIDw2) for [Anonymous Symbol]
    stm32f1xx_hal.o(.ARM.exidx.text.HAL_DBGMCU_EnableDBGSleepMode) refers to stm32f1xx_hal.o(.text.HAL_DBGMCU_EnableDBGSleepMode) for [Anonymous Symbol]
    stm32f1xx_hal.o(.ARM.exidx.text.HAL_DBGMCU_DisableDBGSleepMode) refers to stm32f1xx_hal.o(.text.HAL_DBGMCU_DisableDBGSleepMode) for [Anonymous Symbol]
    stm32f1xx_hal.o(.ARM.exidx.text.HAL_DBGMCU_EnableDBGStopMode) refers to stm32f1xx_hal.o(.text.HAL_DBGMCU_EnableDBGStopMode) for [Anonymous Symbol]
    stm32f1xx_hal.o(.ARM.exidx.text.HAL_DBGMCU_DisableDBGStopMode) refers to stm32f1xx_hal.o(.text.HAL_DBGMCU_DisableDBGStopMode) for [Anonymous Symbol]
    stm32f1xx_hal.o(.ARM.exidx.text.HAL_DBGMCU_EnableDBGStandbyMode) refers to stm32f1xx_hal.o(.text.HAL_DBGMCU_EnableDBGStandbyMode) for [Anonymous Symbol]
    stm32f1xx_hal.o(.ARM.exidx.text.HAL_DBGMCU_DisableDBGStandbyMode) refers to stm32f1xx_hal.o(.text.HAL_DBGMCU_DisableDBGStandbyMode) for [Anonymous Symbol]
    stm32f1xx_hal_gpio.o(.ARM.exidx.text.HAL_GPIO_Init) refers to stm32f1xx_hal_gpio.o(.text.HAL_GPIO_Init) for [Anonymous Symbol]
    stm32f1xx_hal_gpio.o(.ARM.exidx.text.HAL_GPIO_DeInit) refers to stm32f1xx_hal_gpio.o(.text.HAL_GPIO_DeInit) for [Anonymous Symbol]
    stm32f1xx_hal_gpio.o(.ARM.exidx.text.HAL_GPIO_ReadPin) refers to stm32f1xx_hal_gpio.o(.text.HAL_GPIO_ReadPin) for [Anonymous Symbol]
    stm32f1xx_hal_gpio.o(.ARM.exidx.text.HAL_GPIO_WritePin) refers to stm32f1xx_hal_gpio.o(.text.HAL_GPIO_WritePin) for [Anonymous Symbol]
    stm32f1xx_hal_gpio.o(.ARM.exidx.text.HAL_GPIO_TogglePin) refers to stm32f1xx_hal_gpio.o(.text.HAL_GPIO_TogglePin) for [Anonymous Symbol]
    stm32f1xx_hal_gpio.o(.ARM.exidx.text.HAL_GPIO_LockPin) refers to stm32f1xx_hal_gpio.o(.text.HAL_GPIO_LockPin) for [Anonymous Symbol]
    stm32f1xx_hal_gpio.o(.text.HAL_GPIO_EXTI_IRQHandler) refers to stm32f1xx_hal_gpio.o(.text.HAL_GPIO_EXTI_Callback) for HAL_GPIO_EXTI_Callback
    stm32f1xx_hal_gpio.o(.ARM.exidx.text.HAL_GPIO_EXTI_IRQHandler) refers to stm32f1xx_hal_gpio.o(.text.HAL_GPIO_EXTI_IRQHandler) for [Anonymous Symbol]
    stm32f1xx_hal_gpio.o(.ARM.exidx.text.HAL_GPIO_EXTI_Callback) refers to stm32f1xx_hal_gpio.o(.text.HAL_GPIO_EXTI_Callback) for [Anonymous Symbol]
    stm32f1xx_hal_rcc.o(.text.HAL_RCC_DeInit) refers to stm32f1xx_hal.o(.text.HAL_GetTick) for HAL_GetTick
    stm32f1xx_hal_rcc.o(.text.HAL_RCC_DeInit) refers to stm32f1xx_hal.o(.data..L_MergedGlobals) for uwTickPrio
    stm32f1xx_hal_rcc.o(.text.HAL_RCC_DeInit) refers to system_stm32f1xx.o(.data.SystemCoreClock) for SystemCoreClock
    stm32f1xx_hal_rcc.o(.text.HAL_RCC_DeInit) refers to stm32f1xx_hal.o(.text.HAL_InitTick) for HAL_InitTick
    stm32f1xx_hal_rcc.o(.ARM.exidx.text.HAL_RCC_DeInit) refers to stm32f1xx_hal_rcc.o(.text.HAL_RCC_DeInit) for [Anonymous Symbol]
    stm32f1xx_hal_rcc.o(.text.HAL_RCC_OscConfig) refers to stm32f1xx_hal.o(.text.HAL_GetTick) for HAL_GetTick
    stm32f1xx_hal_rcc.o(.text.HAL_RCC_OscConfig) refers to system_stm32f1xx.o(.data.SystemCoreClock) for SystemCoreClock
    stm32f1xx_hal_rcc.o(.ARM.exidx.text.HAL_RCC_OscConfig) refers to stm32f1xx_hal_rcc.o(.text.HAL_RCC_OscConfig) for [Anonymous Symbol]
    stm32f1xx_hal_rcc.o(.text.HAL_RCC_ClockConfig) refers to stm32f1xx_hal_rcc.o(.rodata.cst16) for .L__const.HAL_RCC_GetSysClockFreq.aPLLMULFactorTable
    stm32f1xx_hal_rcc.o(.text.HAL_RCC_ClockConfig) refers to stm32f1xx_hal.o(.text.HAL_GetTick) for HAL_GetTick
    stm32f1xx_hal_rcc.o(.text.HAL_RCC_ClockConfig) refers to stm32f1xx_hal_rcc.o(.rodata..L__const.HAL_RCC_GetSysClockFreq.aPredivFactorTable) for .L__const.HAL_RCC_GetSysClockFreq.aPredivFactorTable
    stm32f1xx_hal_rcc.o(.text.HAL_RCC_ClockConfig) refers to system_stm32f1xx.o(.rodata.AHBPrescTable) for AHBPrescTable
    stm32f1xx_hal_rcc.o(.text.HAL_RCC_ClockConfig) refers to system_stm32f1xx.o(.data.SystemCoreClock) for SystemCoreClock
    stm32f1xx_hal_rcc.o(.text.HAL_RCC_ClockConfig) refers to stm32f1xx_hal.o(.data..L_MergedGlobals) for uwTickPrio
    stm32f1xx_hal_rcc.o(.text.HAL_RCC_ClockConfig) refers to stm32f1xx_hal.o(.text.HAL_InitTick) for HAL_InitTick
    stm32f1xx_hal_rcc.o(.ARM.exidx.text.HAL_RCC_ClockConfig) refers to stm32f1xx_hal_rcc.o(.text.HAL_RCC_ClockConfig) for [Anonymous Symbol]
    stm32f1xx_hal_rcc.o(.text.HAL_RCC_GetSysClockFreq) refers to stm32f1xx_hal_rcc.o(.rodata.cst16) for .L__const.HAL_RCC_GetSysClockFreq.aPLLMULFactorTable
    stm32f1xx_hal_rcc.o(.text.HAL_RCC_GetSysClockFreq) refers to stm32f1xx_hal_rcc.o(.rodata..L__const.HAL_RCC_GetSysClockFreq.aPredivFactorTable) for .L__const.HAL_RCC_GetSysClockFreq.aPredivFactorTable
    stm32f1xx_hal_rcc.o(.ARM.exidx.text.HAL_RCC_GetSysClockFreq) refers to stm32f1xx_hal_rcc.o(.text.HAL_RCC_GetSysClockFreq) for [Anonymous Symbol]
    stm32f1xx_hal_rcc.o(.text.HAL_RCC_MCOConfig) refers to stm32f1xx_hal_gpio.o(.text.HAL_GPIO_Init) for HAL_GPIO_Init
    stm32f1xx_hal_rcc.o(.ARM.exidx.text.HAL_RCC_MCOConfig) refers to stm32f1xx_hal_rcc.o(.text.HAL_RCC_MCOConfig) for [Anonymous Symbol]
    stm32f1xx_hal_rcc.o(.ARM.exidx.text.HAL_RCC_EnableCSS) refers to stm32f1xx_hal_rcc.o(.text.HAL_RCC_EnableCSS) for [Anonymous Symbol]
    stm32f1xx_hal_rcc.o(.ARM.exidx.text.HAL_RCC_DisableCSS) refers to stm32f1xx_hal_rcc.o(.text.HAL_RCC_DisableCSS) for [Anonymous Symbol]
    stm32f1xx_hal_rcc.o(.text.HAL_RCC_GetHCLKFreq) refers to system_stm32f1xx.o(.data.SystemCoreClock) for SystemCoreClock
    stm32f1xx_hal_rcc.o(.ARM.exidx.text.HAL_RCC_GetHCLKFreq) refers to stm32f1xx_hal_rcc.o(.text.HAL_RCC_GetHCLKFreq) for [Anonymous Symbol]
    stm32f1xx_hal_rcc.o(.text.HAL_RCC_GetPCLK1Freq) refers to system_stm32f1xx.o(.data.SystemCoreClock) for SystemCoreClock
    stm32f1xx_hal_rcc.o(.text.HAL_RCC_GetPCLK1Freq) refers to system_stm32f1xx.o(.rodata.APBPrescTable) for APBPrescTable
    stm32f1xx_hal_rcc.o(.ARM.exidx.text.HAL_RCC_GetPCLK1Freq) refers to stm32f1xx_hal_rcc.o(.text.HAL_RCC_GetPCLK1Freq) for [Anonymous Symbol]
    stm32f1xx_hal_rcc.o(.text.HAL_RCC_GetPCLK2Freq) refers to system_stm32f1xx.o(.data.SystemCoreClock) for SystemCoreClock
    stm32f1xx_hal_rcc.o(.text.HAL_RCC_GetPCLK2Freq) refers to system_stm32f1xx.o(.rodata.APBPrescTable) for APBPrescTable
    stm32f1xx_hal_rcc.o(.ARM.exidx.text.HAL_RCC_GetPCLK2Freq) refers to stm32f1xx_hal_rcc.o(.text.HAL_RCC_GetPCLK2Freq) for [Anonymous Symbol]
    stm32f1xx_hal_rcc.o(.ARM.exidx.text.HAL_RCC_GetOscConfig) refers to stm32f1xx_hal_rcc.o(.text.HAL_RCC_GetOscConfig) for [Anonymous Symbol]
    stm32f1xx_hal_rcc.o(.ARM.exidx.text.HAL_RCC_GetClockConfig) refers to stm32f1xx_hal_rcc.o(.text.HAL_RCC_GetClockConfig) for [Anonymous Symbol]
    stm32f1xx_hal_rcc.o(.text.HAL_RCC_NMI_IRQHandler) refers to stm32f1xx_hal_rcc.o(.text.HAL_RCC_CSSCallback) for HAL_RCC_CSSCallback
    stm32f1xx_hal_rcc.o(.ARM.exidx.text.HAL_RCC_NMI_IRQHandler) refers to stm32f1xx_hal_rcc.o(.text.HAL_RCC_NMI_IRQHandler) for [Anonymous Symbol]
    stm32f1xx_hal_rcc.o(.ARM.exidx.text.HAL_RCC_CSSCallback) refers to stm32f1xx_hal_rcc.o(.text.HAL_RCC_CSSCallback) for [Anonymous Symbol]
    stm32f1xx_hal_cortex.o(.ARM.exidx.text.HAL_NVIC_SetPriorityGrouping) refers to stm32f1xx_hal_cortex.o(.text.HAL_NVIC_SetPriorityGrouping) for [Anonymous Symbol]
    stm32f1xx_hal_cortex.o(.ARM.exidx.text.HAL_NVIC_SetPriority) refers to stm32f1xx_hal_cortex.o(.text.HAL_NVIC_SetPriority) for [Anonymous Symbol]
    stm32f1xx_hal_cortex.o(.ARM.exidx.text.HAL_NVIC_EnableIRQ) refers to stm32f1xx_hal_cortex.o(.text.HAL_NVIC_EnableIRQ) for [Anonymous Symbol]
    stm32f1xx_hal_cortex.o(.ARM.exidx.text.HAL_NVIC_DisableIRQ) refers to stm32f1xx_hal_cortex.o(.text.HAL_NVIC_DisableIRQ) for [Anonymous Symbol]
    stm32f1xx_hal_cortex.o(.text.HAL_NVIC_SystemReset) refers to stm32f1xx_hal_cortex.o(.text.__NVIC_SystemReset) for __NVIC_SystemReset
    stm32f1xx_hal_cortex.o(.ARM.exidx.text.HAL_NVIC_SystemReset) refers to stm32f1xx_hal_cortex.o(.text.HAL_NVIC_SystemReset) for [Anonymous Symbol]
    stm32f1xx_hal_cortex.o(.ARM.exidx.text.__NVIC_SystemReset) refers to stm32f1xx_hal_cortex.o(.text.__NVIC_SystemReset) for [Anonymous Symbol]
    stm32f1xx_hal_cortex.o(.ARM.exidx.text.HAL_SYSTICK_Config) refers to stm32f1xx_hal_cortex.o(.text.HAL_SYSTICK_Config) for [Anonymous Symbol]
    stm32f1xx_hal_cortex.o(.ARM.exidx.text.HAL_NVIC_GetPriorityGrouping) refers to stm32f1xx_hal_cortex.o(.text.HAL_NVIC_GetPriorityGrouping) for [Anonymous Symbol]
    stm32f1xx_hal_cortex.o(.ARM.exidx.text.HAL_NVIC_GetPriority) refers to stm32f1xx_hal_cortex.o(.text.HAL_NVIC_GetPriority) for [Anonymous Symbol]
    stm32f1xx_hal_cortex.o(.ARM.exidx.text.HAL_NVIC_SetPendingIRQ) refers to stm32f1xx_hal_cortex.o(.text.HAL_NVIC_SetPendingIRQ) for [Anonymous Symbol]
    stm32f1xx_hal_cortex.o(.ARM.exidx.text.HAL_NVIC_GetPendingIRQ) refers to stm32f1xx_hal_cortex.o(.text.HAL_NVIC_GetPendingIRQ) for [Anonymous Symbol]
    stm32f1xx_hal_cortex.o(.ARM.exidx.text.HAL_NVIC_ClearPendingIRQ) refers to stm32f1xx_hal_cortex.o(.text.HAL_NVIC_ClearPendingIRQ) for [Anonymous Symbol]
    stm32f1xx_hal_cortex.o(.ARM.exidx.text.HAL_NVIC_GetActive) refers to stm32f1xx_hal_cortex.o(.text.HAL_NVIC_GetActive) for [Anonymous Symbol]
    stm32f1xx_hal_cortex.o(.ARM.exidx.text.HAL_SYSTICK_CLKSourceConfig) refers to stm32f1xx_hal_cortex.o(.text.HAL_SYSTICK_CLKSourceConfig) for [Anonymous Symbol]
    stm32f1xx_hal_cortex.o(.text.HAL_SYSTICK_IRQHandler) refers to stm32f1xx_hal_cortex.o(.text.HAL_SYSTICK_Callback) for HAL_SYSTICK_Callback
    stm32f1xx_hal_cortex.o(.ARM.exidx.text.HAL_SYSTICK_IRQHandler) refers to stm32f1xx_hal_cortex.o(.text.HAL_SYSTICK_IRQHandler) for [Anonymous Symbol]
    stm32f1xx_hal_cortex.o(.ARM.exidx.text.HAL_SYSTICK_Callback) refers to stm32f1xx_hal_cortex.o(.text.HAL_SYSTICK_Callback) for [Anonymous Symbol]
    stm32f1xx_it.o(.ARM.exidx.text.NMI_Handler) refers to stm32f1xx_it.o(.text.NMI_Handler) for [Anonymous Symbol]
    stm32f1xx_it.o(.ARM.exidx.text.HardFault_Handler) refers to stm32f1xx_it.o(.text.HardFault_Handler) for [Anonymous Symbol]
    stm32f1xx_it.o(.ARM.exidx.text.MemManage_Handler) refers to stm32f1xx_it.o(.text.MemManage_Handler) for [Anonymous Symbol]
    stm32f1xx_it.o(.ARM.exidx.text.BusFault_Handler) refers to stm32f1xx_it.o(.text.BusFault_Handler) for [Anonymous Symbol]
    stm32f1xx_it.o(.ARM.exidx.text.UsageFault_Handler) refers to stm32f1xx_it.o(.text.UsageFault_Handler) for [Anonymous Symbol]
    stm32f1xx_it.o(.ARM.exidx.text.SVC_Handler) refers to stm32f1xx_it.o(.text.SVC_Handler) for [Anonymous Symbol]
    stm32f1xx_it.o(.ARM.exidx.text.DebugMon_Handler) refers to stm32f1xx_it.o(.text.DebugMon_Handler) for [Anonymous Symbol]
    stm32f1xx_it.o(.ARM.exidx.text.PendSV_Handler) refers to stm32f1xx_it.o(.text.PendSV_Handler) for [Anonymous Symbol]
    stm32f1xx_it.o(.text.SysTick_Handler) refers to stm32f1xx_hal.o(.text.HAL_IncTick) for HAL_IncTick
    stm32f1xx_it.o(.ARM.exidx.text.SysTick_Handler) refers to stm32f1xx_it.o(.text.SysTick_Handler) for [Anonymous Symbol]
    main.o(.text.main) refers to stm32f1xx_hal.o(.text.HAL_Init) for HAL_Init
    main.o(.text.main) refers to stm32f1xx_hal_rcc.o(.text.HAL_RCC_OscConfig) for HAL_RCC_OscConfig
    main.o(.text.main) refers to stm32f1xx_hal_rcc.o(.text.HAL_RCC_ClockConfig) for HAL_RCC_ClockConfig
    main.o(.text.main) refers to main.o(.bss.GPIO_InitStruct) for GPIO_InitStruct
    main.o(.text.main) refers to stm32f1xx_hal_gpio.o(.text.HAL_GPIO_Init) for HAL_GPIO_Init
    main.o(.text.main) refers to stm32f1xx_hal_gpio.o(.text.HAL_GPIO_TogglePin) for HAL_GPIO_TogglePin
    main.o(.text.main) refers to stm32f1xx_hal.o(.text.HAL_Delay) for HAL_Delay
    main.o(.ARM.exidx.text.main) refers to main.o(.text.main) for [Anonymous Symbol]
    main.o(.text.SystemClock_Config) refers to stm32f1xx_hal_rcc.o(.text.HAL_RCC_OscConfig) for HAL_RCC_OscConfig
    main.o(.text.SystemClock_Config) refers to stm32f1xx_hal_rcc.o(.text.HAL_RCC_ClockConfig) for HAL_RCC_ClockConfig
    main.o(.ARM.exidx.text.SystemClock_Config) refers to main.o(.text.SystemClock_Config) for [Anonymous Symbol]
    system_stm32f1xx.o(.ARM.exidx.text.SystemInit) refers to system_stm32f1xx.o(.text.SystemInit) for [Anonymous Symbol]
    system_stm32f1xx.o(.text.SystemCoreClockUpdate) refers to system_stm32f1xx.o(.data.SystemCoreClock) for SystemCoreClock
    system_stm32f1xx.o(.text.SystemCoreClockUpdate) refers to system_stm32f1xx.o(.rodata.AHBPrescTable) for AHBPrescTable
    system_stm32f1xx.o(.ARM.exidx.text.SystemCoreClockUpdate) refers to system_stm32f1xx.o(.text.SystemCoreClockUpdate) for [Anonymous Symbol]
    startup_stm32f103xb.o(RESET) refers to startup_stm32f103xb.o(STACK) for __initial_sp
    startup_stm32f103xb.o(RESET) refers to startup_stm32f103xb.o(.text) for Reset_Handler
    startup_stm32f103xb.o(RESET) refers to stm32f1xx_it.o(.text.NMI_Handler) for NMI_Handler
    startup_stm32f103xb.o(RESET) refers to stm32f1xx_it.o(.text.HardFault_Handler) for HardFault_Handler
    startup_stm32f103xb.o(RESET) refers to stm32f1xx_it.o(.text.MemManage_Handler) for MemManage_Handler
    startup_stm32f103xb.o(RESET) refers to stm32f1xx_it.o(.text.BusFault_Handler) for BusFault_Handler
    startup_stm32f103xb.o(RESET) refers to stm32f1xx_it.o(.text.UsageFault_Handler) for UsageFault_Handler
    startup_stm32f103xb.o(RESET) refers to stm32f1xx_it.o(.text.SVC_Handler) for SVC_Handler
    startup_stm32f103xb.o(RESET) refers to stm32f1xx_it.o(.text.DebugMon_Handler) for DebugMon_Handler
    startup_stm32f103xb.o(RESET) refers to stm32f1xx_it.o(.text.PendSV_Handler) for PendSV_Handler
    startup_stm32f103xb.o(RESET) refers to stm32f1xx_it.o(.text.SysTick_Handler) for SysTick_Handler
    startup_stm32f103xb.o(.text) refers to system_stm32f1xx.o(.text.SystemInit) for SystemInit
    startup_stm32f103xb.o(.text) refers to entry.o(.ARM.Collect$$$$00000000) for __main
    entry.o(.ARM.Collect$$$$00000000) refers (Special) to entry10a.o(.ARM.Collect$$$$0000000D) for __rt_final_cpp
    entry.o(.ARM.Collect$$$$00000000) refers (Special) to entry11a.o(.ARM.Collect$$$$0000000F) for __rt_final_exit
    entry.o(.ARM.Collect$$$$00000000) refers (Special) to entry7b.o(.ARM.Collect$$$$00000008) for _main_clock
    entry.o(.ARM.Collect$$$$00000000) refers (Special) to entry8b.o(.ARM.Collect$$$$0000000A) for _main_cpp_init
    entry.o(.ARM.Collect$$$$00000000) refers (Special) to entry9a.o(.ARM.Collect$$$$0000000B) for _main_init
    entry.o(.ARM.Collect$$$$00000000) refers (Special) to entry5.o(.ARM.Collect$$$$00000004) for _main_scatterload
    entry.o(.ARM.Collect$$$$00000000) refers (Special) to entry2.o(.ARM.Collect$$$$00000001) for _main_stk
    entry2.o(.ARM.Collect$$$$00000001) refers to entry2.o(.ARM.Collect$$$$00002712) for __lit__00000000
    entry2.o(.ARM.Collect$$$$00002712) refers to startup_stm32f103xb.o(STACK) for __initial_sp
    entry2.o(__vectab_stack_and_reset_area) refers to startup_stm32f103xb.o(STACK) for __initial_sp
    entry2.o(__vectab_stack_and_reset_area) refers to entry.o(.ARM.Collect$$$$00000000) for __main
    entry5.o(.ARM.Collect$$$$00000004) refers to init.o(.text) for __scatterload
    entry9a.o(.ARM.Collect$$$$0000000B) refers to main.o(.text.main) for main
    entry9b.o(.ARM.Collect$$$$0000000C) refers to main.o(.text.main) for main
    init.o(.text) refers to entry5.o(.ARM.Collect$$$$00000004) for __main_after_scatterload


==============================================================================

Removing Unused input sections from the image.

    Removing stm32f1xx_nucleo.o(.text), (0 bytes).
    Removing stm32f1xx_nucleo.o(.text.BSP_GetVersion), (10 bytes).
    Removing stm32f1xx_nucleo.o(.ARM.exidx.text.BSP_GetVersion), (8 bytes).
    Removing stm32f1xx_nucleo.o(.text.BSP_LED_Init), (84 bytes).
    Removing stm32f1xx_nucleo.o(.ARM.exidx.text.BSP_LED_Init), (8 bytes).
    Removing stm32f1xx_nucleo.o(.text.BSP_LED_DeInit), (38 bytes).
    Removing stm32f1xx_nucleo.o(.ARM.exidx.text.BSP_LED_DeInit), (8 bytes).
    Removing stm32f1xx_nucleo.o(.text.BSP_LED_On), (20 bytes).
    Removing stm32f1xx_nucleo.o(.ARM.exidx.text.BSP_LED_On), (8 bytes).
    Removing stm32f1xx_nucleo.o(.text.BSP_LED_Off), (20 bytes).
    Removing stm32f1xx_nucleo.o(.ARM.exidx.text.BSP_LED_Off), (8 bytes).
    Removing stm32f1xx_nucleo.o(.text.BSP_LED_Toggle), (18 bytes).
    Removing stm32f1xx_nucleo.o(.ARM.exidx.text.BSP_LED_Toggle), (8 bytes).
    Removing stm32f1xx_nucleo.o(.text.BSP_PB_Init), (126 bytes).
    Removing stm32f1xx_nucleo.o(.ARM.exidx.text.BSP_PB_Init), (8 bytes).
    Removing stm32f1xx_nucleo.o(.text.BSP_PB_DeInit), (34 bytes).
    Removing stm32f1xx_nucleo.o(.ARM.exidx.text.BSP_PB_DeInit), (8 bytes).
    Removing stm32f1xx_nucleo.o(.text.BSP_PB_GetState), (24 bytes).
    Removing stm32f1xx_nucleo.o(.ARM.exidx.text.BSP_PB_GetState), (8 bytes).
    Removing stm32f1xx_nucleo.o(.data.LED_PORT), (4 bytes).
    Removing stm32f1xx_nucleo.o(.rodata.LED_PIN), (2 bytes).
    Removing stm32f1xx_nucleo.o(.data.BUTTON_PORT), (4 bytes).
    Removing stm32f1xx_nucleo.o(.rodata.BUTTON_PIN), (2 bytes).
    Removing stm32f1xx_nucleo.o(.rodata.BUTTON_IRQn), (1 bytes).
    Removing stm32f1xx_hal_rcc_ex.o(.text), (0 bytes).
    Removing stm32f1xx_hal_rcc_ex.o(.text.HAL_RCCEx_PeriphCLKConfig), (266 bytes).
    Removing stm32f1xx_hal_rcc_ex.o(.ARM.exidx.text.HAL_RCCEx_PeriphCLKConfig), (8 bytes).
    Removing stm32f1xx_hal_rcc_ex.o(.text.HAL_RCCEx_GetPeriphCLKConfig), (38 bytes).
    Removing stm32f1xx_hal_rcc_ex.o(.ARM.exidx.text.HAL_RCCEx_GetPeriphCLKConfig), (8 bytes).
    Removing stm32f1xx_hal_rcc_ex.o(.text.HAL_RCCEx_GetPeriphCLKFreq), (240 bytes).
    Removing stm32f1xx_hal_rcc_ex.o(.ARM.exidx.text.HAL_RCCEx_GetPeriphCLKFreq), (8 bytes).
    Removing stm32f1xx_hal.o(.text), (0 bytes).
    Removing stm32f1xx_hal.o(.ARM.exidx.text.HAL_Init), (8 bytes).
    Removing stm32f1xx_hal.o(.ARM.exidx.text.HAL_InitTick), (8 bytes).
    Removing stm32f1xx_hal.o(.ARM.exidx.text.HAL_MspInit), (8 bytes).
    Removing stm32f1xx_hal.o(.text.HAL_DeInit), (32 bytes).
    Removing stm32f1xx_hal.o(.ARM.exidx.text.HAL_DeInit), (8 bytes).
    Removing stm32f1xx_hal.o(.text.HAL_MspDeInit), (2 bytes).
    Removing stm32f1xx_hal.o(.ARM.exidx.text.HAL_MspDeInit), (8 bytes).
    Removing stm32f1xx_hal.o(.ARM.exidx.text.HAL_IncTick), (8 bytes).
    Removing stm32f1xx_hal.o(.ARM.exidx.text.HAL_GetTick), (8 bytes).
    Removing stm32f1xx_hal.o(.text.HAL_GetTickPrio), (12 bytes).
    Removing stm32f1xx_hal.o(.ARM.exidx.text.HAL_GetTickPrio), (8 bytes).
    Removing stm32f1xx_hal.o(.text.HAL_SetTickFreq), (38 bytes).
    Removing stm32f1xx_hal.o(.ARM.exidx.text.HAL_SetTickFreq), (8 bytes).
    Removing stm32f1xx_hal.o(.text.HAL_GetTickFreq), (12 bytes).
    Removing stm32f1xx_hal.o(.ARM.exidx.text.HAL_GetTickFreq), (8 bytes).
    Removing stm32f1xx_hal.o(.ARM.exidx.text.HAL_Delay), (8 bytes).
    Removing stm32f1xx_hal.o(.text.HAL_SuspendTick), (18 bytes).
    Removing stm32f1xx_hal.o(.ARM.exidx.text.HAL_SuspendTick), (8 bytes).
    Removing stm32f1xx_hal.o(.text.HAL_ResumeTick), (18 bytes).
    Removing stm32f1xx_hal.o(.ARM.exidx.text.HAL_ResumeTick), (8 bytes).
    Removing stm32f1xx_hal.o(.text.HAL_GetHalVersion), (10 bytes).
    Removing stm32f1xx_hal.o(.ARM.exidx.text.HAL_GetHalVersion), (8 bytes).
    Removing stm32f1xx_hal.o(.text.HAL_GetREVID), (14 bytes).
    Removing stm32f1xx_hal.o(.ARM.exidx.text.HAL_GetREVID), (8 bytes).
    Removing stm32f1xx_hal.o(.text.HAL_GetDEVID), (16 bytes).
    Removing stm32f1xx_hal.o(.ARM.exidx.text.HAL_GetDEVID), (8 bytes).
    Removing stm32f1xx_hal.o(.text.HAL_GetUIDw0), (12 bytes).
    Removing stm32f1xx_hal.o(.ARM.exidx.text.HAL_GetUIDw0), (8 bytes).
    Removing stm32f1xx_hal.o(.text.HAL_GetUIDw1), (12 bytes).
    Removing stm32f1xx_hal.o(.ARM.exidx.text.HAL_GetUIDw1), (8 bytes).
    Removing stm32f1xx_hal.o(.text.HAL_GetUIDw2), (12 bytes).
    Removing stm32f1xx_hal.o(.ARM.exidx.text.HAL_GetUIDw2), (8 bytes).
    Removing stm32f1xx_hal.o(.text.HAL_DBGMCU_EnableDBGSleepMode), (18 bytes).
    Removing stm32f1xx_hal.o(.ARM.exidx.text.HAL_DBGMCU_EnableDBGSleepMode), (8 bytes).
    Removing stm32f1xx_hal.o(.text.HAL_DBGMCU_DisableDBGSleepMode), (18 bytes).
    Removing stm32f1xx_hal.o(.ARM.exidx.text.HAL_DBGMCU_DisableDBGSleepMode), (8 bytes).
    Removing stm32f1xx_hal.o(.text.HAL_DBGMCU_EnableDBGStopMode), (18 bytes).
    Removing stm32f1xx_hal.o(.ARM.exidx.text.HAL_DBGMCU_EnableDBGStopMode), (8 bytes).
    Removing stm32f1xx_hal.o(.text.HAL_DBGMCU_DisableDBGStopMode), (18 bytes).
    Removing stm32f1xx_hal.o(.ARM.exidx.text.HAL_DBGMCU_DisableDBGStopMode), (8 bytes).
    Removing stm32f1xx_hal.o(.text.HAL_DBGMCU_EnableDBGStandbyMode), (18 bytes).
    Removing stm32f1xx_hal.o(.ARM.exidx.text.HAL_DBGMCU_EnableDBGStandbyMode), (8 bytes).
    Removing stm32f1xx_hal.o(.text.HAL_DBGMCU_DisableDBGStandbyMode), (18 bytes).
    Removing stm32f1xx_hal.o(.ARM.exidx.text.HAL_DBGMCU_DisableDBGStandbyMode), (8 bytes).
    Removing stm32f1xx_hal_gpio.o(.text), (0 bytes).
    Removing stm32f1xx_hal_gpio.o(.ARM.exidx.text.HAL_GPIO_Init), (8 bytes).
    Removing stm32f1xx_hal_gpio.o(.text.HAL_GPIO_DeInit), (282 bytes).
    Removing stm32f1xx_hal_gpio.o(.ARM.exidx.text.HAL_GPIO_DeInit), (8 bytes).
    Removing stm32f1xx_hal_gpio.o(.text.HAL_GPIO_ReadPin), (10 bytes).
    Removing stm32f1xx_hal_gpio.o(.ARM.exidx.text.HAL_GPIO_ReadPin), (8 bytes).
    Removing stm32f1xx_hal_gpio.o(.text.HAL_GPIO_WritePin), (10 bytes).
    Removing stm32f1xx_hal_gpio.o(.ARM.exidx.text.HAL_GPIO_WritePin), (8 bytes).
    Removing stm32f1xx_hal_gpio.o(.ARM.exidx.text.HAL_GPIO_TogglePin), (8 bytes).
    Removing stm32f1xx_hal_gpio.o(.text.HAL_GPIO_LockPin), (40 bytes).
    Removing stm32f1xx_hal_gpio.o(.ARM.exidx.text.HAL_GPIO_LockPin), (8 bytes).
    Removing stm32f1xx_hal_gpio.o(.text.HAL_GPIO_EXTI_IRQHandler), (22 bytes).
    Removing stm32f1xx_hal_gpio.o(.ARM.exidx.text.HAL_GPIO_EXTI_IRQHandler), (8 bytes).
    Removing stm32f1xx_hal_gpio.o(.text.HAL_GPIO_EXTI_Callback), (2 bytes).
    Removing stm32f1xx_hal_gpio.o(.ARM.exidx.text.HAL_GPIO_EXTI_Callback), (8 bytes).
    Removing stm32f1xx_hal_rcc.o(.text), (0 bytes).
    Removing stm32f1xx_hal_rcc.o(.text.HAL_RCC_DeInit), (234 bytes).
    Removing stm32f1xx_hal_rcc.o(.ARM.exidx.text.HAL_RCC_DeInit), (8 bytes).
    Removing stm32f1xx_hal_rcc.o(.ARM.exidx.text.HAL_RCC_OscConfig), (8 bytes).
    Removing stm32f1xx_hal_rcc.o(.ARM.exidx.text.HAL_RCC_ClockConfig), (8 bytes).
    Removing stm32f1xx_hal_rcc.o(.text.HAL_RCC_GetSysClockFreq), (86 bytes).
    Removing stm32f1xx_hal_rcc.o(.ARM.exidx.text.HAL_RCC_GetSysClockFreq), (8 bytes).
    Removing stm32f1xx_hal_rcc.o(.text.HAL_RCC_MCOConfig), (82 bytes).
    Removing stm32f1xx_hal_rcc.o(.ARM.exidx.text.HAL_RCC_MCOConfig), (8 bytes).
    Removing stm32f1xx_hal_rcc.o(.text.HAL_RCC_EnableCSS), (12 bytes).
    Removing stm32f1xx_hal_rcc.o(.ARM.exidx.text.HAL_RCC_EnableCSS), (8 bytes).
    Removing stm32f1xx_hal_rcc.o(.text.HAL_RCC_DisableCSS), (12 bytes).
    Removing stm32f1xx_hal_rcc.o(.ARM.exidx.text.HAL_RCC_DisableCSS), (8 bytes).
    Removing stm32f1xx_hal_rcc.o(.text.HAL_RCC_GetHCLKFreq), (12 bytes).
    Removing stm32f1xx_hal_rcc.o(.ARM.exidx.text.HAL_RCC_GetHCLKFreq), (8 bytes).
    Removing stm32f1xx_hal_rcc.o(.text.HAL_RCC_GetPCLK1Freq), (38 bytes).
    Removing stm32f1xx_hal_rcc.o(.ARM.exidx.text.HAL_RCC_GetPCLK1Freq), (8 bytes).
    Removing stm32f1xx_hal_rcc.o(.text.HAL_RCC_GetPCLK2Freq), (38 bytes).
    Removing stm32f1xx_hal_rcc.o(.ARM.exidx.text.HAL_RCC_GetPCLK2Freq), (8 bytes).
    Removing stm32f1xx_hal_rcc.o(.text.HAL_RCC_GetOscConfig), (128 bytes).
    Removing stm32f1xx_hal_rcc.o(.ARM.exidx.text.HAL_RCC_GetOscConfig), (8 bytes).
    Removing stm32f1xx_hal_rcc.o(.text.HAL_RCC_GetClockConfig), (66 bytes).
    Removing stm32f1xx_hal_rcc.o(.ARM.exidx.text.HAL_RCC_GetClockConfig), (8 bytes).
    Removing stm32f1xx_hal_rcc.o(.text.HAL_RCC_NMI_IRQHandler), (28 bytes).
    Removing stm32f1xx_hal_rcc.o(.ARM.exidx.text.HAL_RCC_NMI_IRQHandler), (8 bytes).
    Removing stm32f1xx_hal_rcc.o(.text.HAL_RCC_CSSCallback), (2 bytes).
    Removing stm32f1xx_hal_rcc.o(.ARM.exidx.text.HAL_RCC_CSSCallback), (8 bytes).
    Removing stm32f1xx_hal_cortex.o(.text), (0 bytes).
    Removing stm32f1xx_hal_cortex.o(.ARM.exidx.text.HAL_NVIC_SetPriorityGrouping), (8 bytes).
    Removing stm32f1xx_hal_cortex.o(.ARM.exidx.text.HAL_NVIC_SetPriority), (8 bytes).
    Removing stm32f1xx_hal_cortex.o(.text.HAL_NVIC_EnableIRQ), (38 bytes).
    Removing stm32f1xx_hal_cortex.o(.ARM.exidx.text.HAL_NVIC_EnableIRQ), (8 bytes).
    Removing stm32f1xx_hal_cortex.o(.text.HAL_NVIC_DisableIRQ), (46 bytes).
    Removing stm32f1xx_hal_cortex.o(.ARM.exidx.text.HAL_NVIC_DisableIRQ), (8 bytes).
    Removing stm32f1xx_hal_cortex.o(.text.HAL_NVIC_SystemReset), (4 bytes).
    Removing stm32f1xx_hal_cortex.o(.ARM.exidx.text.HAL_NVIC_SystemReset), (8 bytes).
    Removing stm32f1xx_hal_cortex.o(.text.__NVIC_SystemReset), (42 bytes).
    Removing stm32f1xx_hal_cortex.o(.ARM.exidx.text.__NVIC_SystemReset), (8 bytes).
    Removing stm32f1xx_hal_cortex.o(.ARM.exidx.text.HAL_SYSTICK_Config), (8 bytes).
    Removing stm32f1xx_hal_cortex.o(.text.HAL_NVIC_GetPriorityGrouping), (16 bytes).
    Removing stm32f1xx_hal_cortex.o(.ARM.exidx.text.HAL_NVIC_GetPriorityGrouping), (8 bytes).
    Removing stm32f1xx_hal_cortex.o(.text.HAL_NVIC_GetPriority), (90 bytes).
    Removing stm32f1xx_hal_cortex.o(.ARM.exidx.text.HAL_NVIC_GetPriority), (8 bytes).
    Removing stm32f1xx_hal_cortex.o(.text.HAL_NVIC_SetPendingIRQ), (38 bytes).
    Removing stm32f1xx_hal_cortex.o(.ARM.exidx.text.HAL_NVIC_SetPendingIRQ), (8 bytes).
    Removing stm32f1xx_hal_cortex.o(.text.HAL_NVIC_GetPendingIRQ), (42 bytes).
    Removing stm32f1xx_hal_cortex.o(.ARM.exidx.text.HAL_NVIC_GetPendingIRQ), (8 bytes).
    Removing stm32f1xx_hal_cortex.o(.text.HAL_NVIC_ClearPendingIRQ), (38 bytes).
    Removing stm32f1xx_hal_cortex.o(.ARM.exidx.text.HAL_NVIC_ClearPendingIRQ), (8 bytes).
    Removing stm32f1xx_hal_cortex.o(.text.HAL_NVIC_GetActive), (42 bytes).
    Removing stm32f1xx_hal_cortex.o(.ARM.exidx.text.HAL_NVIC_GetActive), (8 bytes).
    Removing stm32f1xx_hal_cortex.o(.text.HAL_SYSTICK_CLKSourceConfig), (24 bytes).
    Removing stm32f1xx_hal_cortex.o(.ARM.exidx.text.HAL_SYSTICK_CLKSourceConfig), (8 bytes).
    Removing stm32f1xx_hal_cortex.o(.text.HAL_SYSTICK_IRQHandler), (4 bytes).
    Removing stm32f1xx_hal_cortex.o(.ARM.exidx.text.HAL_SYSTICK_IRQHandler), (8 bytes).
    Removing stm32f1xx_hal_cortex.o(.text.HAL_SYSTICK_Callback), (2 bytes).
    Removing stm32f1xx_hal_cortex.o(.ARM.exidx.text.HAL_SYSTICK_Callback), (8 bytes).
    Removing stm32f1xx_it.o(.text), (0 bytes).
    Removing stm32f1xx_it.o(.ARM.exidx.text.NMI_Handler), (8 bytes).
    Removing stm32f1xx_it.o(.ARM.exidx.text.HardFault_Handler), (8 bytes).
    Removing stm32f1xx_it.o(.ARM.exidx.text.MemManage_Handler), (8 bytes).
    Removing stm32f1xx_it.o(.ARM.exidx.text.BusFault_Handler), (8 bytes).
    Removing stm32f1xx_it.o(.ARM.exidx.text.UsageFault_Handler), (8 bytes).
    Removing stm32f1xx_it.o(.ARM.exidx.text.SVC_Handler), (8 bytes).
    Removing stm32f1xx_it.o(.ARM.exidx.text.DebugMon_Handler), (8 bytes).
    Removing stm32f1xx_it.o(.ARM.exidx.text.PendSV_Handler), (8 bytes).
    Removing stm32f1xx_it.o(.ARM.exidx.text.SysTick_Handler), (8 bytes).
    Removing main.o(.text), (0 bytes).
    Removing main.o(.ARM.exidx.text.main), (8 bytes).
    Removing main.o(.text.SystemClock_Config), (84 bytes).
    Removing main.o(.ARM.exidx.text.SystemClock_Config), (8 bytes).
    Removing main.o(.ARM.use_no_argv), (4 bytes).
    Removing system_stm32f1xx.o(.text), (0 bytes).
    Removing system_stm32f1xx.o(.ARM.exidx.text.SystemInit), (8 bytes).
    Removing system_stm32f1xx.o(.text.SystemCoreClockUpdate), (112 bytes).
    Removing system_stm32f1xx.o(.ARM.exidx.text.SystemCoreClockUpdate), (8 bytes).
    Removing system_stm32f1xx.o(.rodata.APBPrescTable), (8 bytes).
    Removing startup_stm32f103xb.o(HEAP), (512 bytes).

169 unused section(s) (total 4201 bytes) removed from the image.

==============================================================================

Image Symbol Table

    Local Symbols

    Symbol Name                              Value     Ov Type        Size  Object(Section)

    ../clib/microlib/init/entry.s            0x00000000   Number         0  entry.o ABSOLUTE
    ../clib/microlib/init/entry.s            0x00000000   Number         0  entry2.o ABSOLUTE
    ../clib/microlib/init/entry.s            0x00000000   Number         0  entry5.o ABSOLUTE
    ../clib/microlib/init/entry.s            0x00000000   Number         0  entry7a.o ABSOLUTE
    ../clib/microlib/init/entry.s            0x00000000   Number         0  entry7b.o ABSOLUTE
    ../clib/microlib/init/entry.s            0x00000000   Number         0  entry8a.o ABSOLUTE
    ../clib/microlib/init/entry.s            0x00000000   Number         0  entry8b.o ABSOLUTE
    ../clib/microlib/init/entry.s            0x00000000   Number         0  entry9a.o ABSOLUTE
    ../clib/microlib/init/entry.s            0x00000000   Number         0  entry9b.o ABSOLUTE
    ../clib/microlib/init/entry.s            0x00000000   Number         0  entry10a.o ABSOLUTE
    ../clib/microlib/init/entry.s            0x00000000   Number         0  entry10b.o ABSOLUTE
    ../clib/microlib/init/entry.s            0x00000000   Number         0  entry11a.o ABSOLUTE
    ../clib/microlib/init/entry.s            0x00000000   Number         0  entry11b.o ABSOLUTE
    dc.s                                     0x00000000   Number         0  dc.o ABSOLUTE
    handlers.s                               0x00000000   Number         0  handlers.o ABSOLUTE
    init.s                                   0x00000000   Number         0  init.o ABSOLUTE
    main.c                                   0x00000000   Number         0  main.o ABSOLUTE
    startup_stm32f103xb.s                    0x00000000   Number         0  startup_stm32f103xb.o ABSOLUTE
    stm32f1xx_hal.c                          0x00000000   Number         0  stm32f1xx_hal.o ABSOLUTE
    stm32f1xx_hal_cortex.c                   0x00000000   Number         0  stm32f1xx_hal_cortex.o ABSOLUTE
    stm32f1xx_hal_gpio.c                     0x00000000   Number         0  stm32f1xx_hal_gpio.o ABSOLUTE
    stm32f1xx_hal_rcc.c                      0x00000000   Number         0  stm32f1xx_hal_rcc.o ABSOLUTE
    stm32f1xx_hal_rcc_ex.c                   0x00000000   Number         0  stm32f1xx_hal_rcc_ex.o ABSOLUTE
    stm32f1xx_it.c                           0x00000000   Number         0  stm32f1xx_it.o ABSOLUTE
    stm32f1xx_nucleo.c                       0x00000000   Number         0  stm32f1xx_nucleo.o ABSOLUTE
    system_stm32f1xx.c                       0x00000000   Number         0  system_stm32f1xx.o ABSOLUTE
    RESET                                    0x08000000   Section      236  startup_stm32f103xb.o(RESET)
    .ARM.Collect$$$$00000000                 0x080000ec   Section        0  entry.o(.ARM.Collect$$$$00000000)
    .ARM.Collect$$$$00000001                 0x080000ec   Section        4  entry2.o(.ARM.Collect$$$$00000001)
    .ARM.Collect$$$$00000004                 0x080000f0   Section        4  entry5.o(.ARM.Collect$$$$00000004)
    .ARM.Collect$$$$00000008                 0x080000f4   Section        0  entry7b.o(.ARM.Collect$$$$00000008)
    .ARM.Collect$$$$0000000A                 0x080000f4   Section        0  entry8b.o(.ARM.Collect$$$$0000000A)
    .ARM.Collect$$$$0000000B                 0x080000f4   Section        8  entry9a.o(.ARM.Collect$$$$0000000B)
    __lit__00000000                          0x080000fc   Data           4  entry2.o(.ARM.Collect$$$$00002712)
    .ARM.Collect$$$$0000000D                 0x080000fc   Section        0  entry10a.o(.ARM.Collect$$$$0000000D)
    .ARM.Collect$$$$0000000F                 0x080000fc   Section        0  entry11a.o(.ARM.Collect$$$$0000000F)
    .ARM.Collect$$$$00002712                 0x080000fc   Section        4  entry2.o(.ARM.Collect$$$$00002712)
    .text                                    0x08000100   Section       36  startup_stm32f103xb.o(.text)
    .text                                    0x08000124   Section       36  init.o(.text)
    [Anonymous Symbol]                       0x08000148   Section        0  stm32f1xx_it.o(.text.BusFault_Handler)
    [Anonymous Symbol]                       0x0800014c   Section        0  stm32f1xx_it.o(.text.DebugMon_Handler)
    [Anonymous Symbol]                       0x08000150   Section        0  stm32f1xx_hal.o(.text.HAL_Delay)
    [Anonymous Symbol]                       0x08000178   Section        0  stm32f1xx_hal_gpio.o(.text.HAL_GPIO_Init)
    [Anonymous Symbol]                       0x08000394   Section        0  stm32f1xx_hal_gpio.o(.text.HAL_GPIO_TogglePin)
    [Anonymous Symbol]                       0x080003a4   Section        0  stm32f1xx_hal.o(.text.HAL_GetTick)
    [Anonymous Symbol]                       0x080003b0   Section        0  stm32f1xx_hal.o(.text.HAL_IncTick)
    [Anonymous Symbol]                       0x080003cc   Section        0  stm32f1xx_hal.o(.text.HAL_Init)
    [Anonymous Symbol]                       0x080003f4   Section        0  stm32f1xx_hal.o(.text.HAL_InitTick)
    [Anonymous Symbol]                       0x0800043c   Section        0  stm32f1xx_hal.o(.text.HAL_MspInit)
    [Anonymous Symbol]                       0x08000440   Section        0  stm32f1xx_hal_cortex.o(.text.HAL_NVIC_SetPriority)
    [Anonymous Symbol]                       0x08000498   Section        0  stm32f1xx_hal_cortex.o(.text.HAL_NVIC_SetPriorityGrouping)
    [Anonymous Symbol]                       0x080004b8   Section        0  stm32f1xx_hal_rcc.o(.text.HAL_RCC_ClockConfig)
    [Anonymous Symbol]                       0x08000678   Section        0  stm32f1xx_hal_rcc.o(.text.HAL_RCC_OscConfig)
    [Anonymous Symbol]                       0x08000a2c   Section        0  stm32f1xx_hal_cortex.o(.text.HAL_SYSTICK_Config)
    [Anonymous Symbol]                       0x08000a58   Section        0  stm32f1xx_it.o(.text.HardFault_Handler)
    [Anonymous Symbol]                       0x08000a5c   Section        0  stm32f1xx_it.o(.text.MemManage_Handler)
    [Anonymous Symbol]                       0x08000a60   Section        0  stm32f1xx_it.o(.text.NMI_Handler)
    [Anonymous Symbol]                       0x08000a64   Section        0  stm32f1xx_it.o(.text.PendSV_Handler)
    [Anonymous Symbol]                       0x08000a68   Section        0  stm32f1xx_it.o(.text.SVC_Handler)
    [Anonymous Symbol]                       0x08000a6c   Section        0  stm32f1xx_it.o(.text.SysTick_Handler)
    [Anonymous Symbol]                       0x08000a70   Section        0  system_stm32f1xx.o(.text.SystemInit)
    [Anonymous Symbol]                       0x08000ac0   Section        0  stm32f1xx_it.o(.text.UsageFault_Handler)
    [Anonymous Symbol]                       0x08000ac4   Section        0  main.o(.text.main)
    i.__scatterload_copy                     0x08000b68   Section       14  handlers.o(i.__scatterload_copy)
    i.__scatterload_null                     0x08000b76   Section        2  handlers.o(i.__scatterload_null)
    i.__scatterload_zeroinit                 0x08000b78   Section       14  handlers.o(i.__scatterload_zeroinit)
    .L__const.HAL_RCC_GetSysClockFreq.aPredivFactorTable 0x08000b86   Data           2  stm32f1xx_hal_rcc.o(.rodata..L__const.HAL_RCC_GetSysClockFreq.aPredivFactorTable)
    .L__const.HAL_RCC_GetSysClockFreq.aPLLMULFactorTable 0x08000b98   Data          16  stm32f1xx_hal_rcc.o(.rodata.cst16)
    .L_MergedGlobals                         0x20000000   Data           8  stm32f1xx_hal.o(.data..L_MergedGlobals)
    [Anonymous Symbol]                       0x20000000   Section        0  stm32f1xx_hal.o(.data..L_MergedGlobals)
    GPIO_InitStruct                          0x20000010   Data          16  main.o(.bss.GPIO_InitStruct)
    [Anonymous Symbol]                       0x20000010   Section        0  main.o(.bss.GPIO_InitStruct)
    STACK                                    0x20000028   Section     1024  startup_stm32f103xb.o(STACK)

    Global Symbols

    Symbol Name                              Value     Ov Type        Size  Object(Section)

    BuildAttributes$$THM_ISAv4$P$D$K$B$S$PE$A:L22UL41UL21$X:L11$S22US41US21$IEEE1$IW$~IW$USESV6$~STKCKD$USESV7$~SHL$OTIME$EBA8$MICROLIB$REQ8$PRES8$EABIv2 0x00000000   Number         0  anon$$obj.o ABSOLUTE
    __cpp_initialize__aeabi_                  - Undefined Weak Reference
    __cxa_finalize                            - Undefined Weak Reference
    __decompress                              - Undefined Weak Reference
    _clock_init                               - Undefined Weak Reference
    _microlib_exit                            - Undefined Weak Reference
    __Vectors_Size                           0x000000ec   Number         0  startup_stm32f103xb.o ABSOLUTE
    __Vectors                                0x08000000   Data           4  startup_stm32f103xb.o(RESET)
    __Vectors_End                            0x080000ec   Data           0  startup_stm32f103xb.o(RESET)
    __main                                   0x080000ed   Thumb Code     0  entry.o(.ARM.Collect$$$$00000000)
    _main_stk                                0x080000ed   Thumb Code     0  entry2.o(.ARM.Collect$$$$00000001)
    _main_scatterload                        0x080000f1   Thumb Code     0  entry5.o(.ARM.Collect$$$$00000004)
    __main_after_scatterload                 0x080000f5   Thumb Code     0  entry5.o(.ARM.Collect$$$$00000004)
    _main_clock                              0x080000f5   Thumb Code     0  entry7b.o(.ARM.Collect$$$$00000008)
    _main_cpp_init                           0x080000f5   Thumb Code     0  entry8b.o(.ARM.Collect$$$$0000000A)
    _main_init                               0x080000f5   Thumb Code     0  entry9a.o(.ARM.Collect$$$$0000000B)
    __rt_final_cpp                           0x080000fd   Thumb Code     0  entry10a.o(.ARM.Collect$$$$0000000D)
    __rt_final_exit                          0x080000fd   Thumb Code     0  entry11a.o(.ARM.Collect$$$$0000000F)
    Reset_Handler                            0x08000101   Thumb Code     8  startup_stm32f103xb.o(.text)
    ADC1_2_IRQHandler                        0x0800011b   Thumb Code     0  startup_stm32f103xb.o(.text)
    CAN1_RX1_IRQHandler                      0x0800011b   Thumb Code     0  startup_stm32f103xb.o(.text)
    CAN1_SCE_IRQHandler                      0x0800011b   Thumb Code     0  startup_stm32f103xb.o(.text)
    DMA1_Channel1_IRQHandler                 0x0800011b   Thumb Code     0  startup_stm32f103xb.o(.text)
    DMA1_Channel2_IRQHandler                 0x0800011b   Thumb Code     0  startup_stm32f103xb.o(.text)
    DMA1_Channel3_IRQHandler                 0x0800011b   Thumb Code     0  startup_stm32f103xb.o(.text)
    DMA1_Channel4_IRQHandler                 0x0800011b   Thumb Code     0  startup_stm32f103xb.o(.text)
    DMA1_Channel5_IRQHandler                 0x0800011b   Thumb Code     0  startup_stm32f103xb.o(.text)
    DMA1_Channel6_IRQHandler                 0x0800011b   Thumb Code     0  startup_stm32f103xb.o(.text)
    DMA1_Channel7_IRQHandler                 0x0800011b   Thumb Code     0  startup_stm32f103xb.o(.text)
    EXTI0_IRQHandler                         0x0800011b   Thumb Code     0  startup_stm32f103xb.o(.text)
    EXTI15_10_IRQHandler                     0x0800011b   Thumb Code     0  startup_stm32f103xb.o(.text)
    EXTI1_IRQHandler                         0x0800011b   Thumb Code     0  startup_stm32f103xb.o(.text)
    EXTI2_IRQHandler                         0x0800011b   Thumb Code     0  startup_stm32f103xb.o(.text)
    EXTI3_IRQHandler                         0x0800011b   Thumb Code     0  startup_stm32f103xb.o(.text)
    EXTI4_IRQHandler                         0x0800011b   Thumb Code     0  startup_stm32f103xb.o(.text)
    EXTI9_5_IRQHandler                       0x0800011b   Thumb Code     0  startup_stm32f103xb.o(.text)
    FLASH_IRQHandler                         0x0800011b   Thumb Code     0  startup_stm32f103xb.o(.text)
    I2C1_ER_IRQHandler                       0x0800011b   Thumb Code     0  startup_stm32f103xb.o(.text)
    I2C1_EV_IRQHandler                       0x0800011b   Thumb Code     0  startup_stm32f103xb.o(.text)
    I2C2_ER_IRQHandler                       0x0800011b   Thumb Code     0  startup_stm32f103xb.o(.text)
    I2C2_EV_IRQHandler                       0x0800011b   Thumb Code     0  startup_stm32f103xb.o(.text)
    PVD_IRQHandler                           0x0800011b   Thumb Code     0  startup_stm32f103xb.o(.text)
    RCC_IRQHandler                           0x0800011b   Thumb Code     0  startup_stm32f103xb.o(.text)
    RTC_Alarm_IRQHandler                     0x0800011b   Thumb Code     0  startup_stm32f103xb.o(.text)
    RTC_IRQHandler                           0x0800011b   Thumb Code     0  startup_stm32f103xb.o(.text)
    SPI1_IRQHandler                          0x0800011b   Thumb Code     0  startup_stm32f103xb.o(.text)
    SPI2_IRQHandler                          0x0800011b   Thumb Code     0  startup_stm32f103xb.o(.text)
    TAMPER_IRQHandler                        0x0800011b   Thumb Code     0  startup_stm32f103xb.o(.text)
    TIM1_BRK_IRQHandler                      0x0800011b   Thumb Code     0  startup_stm32f103xb.o(.text)
    TIM1_CC_IRQHandler                       0x0800011b   Thumb Code     0  startup_stm32f103xb.o(.text)
    TIM1_TRG_COM_IRQHandler                  0x0800011b   Thumb Code     0  startup_stm32f103xb.o(.text)
    TIM1_UP_IRQHandler                       0x0800011b   Thumb Code     0  startup_stm32f103xb.o(.text)
    TIM2_IRQHandler                          0x0800011b   Thumb Code     0  startup_stm32f103xb.o(.text)
    TIM3_IRQHandler                          0x0800011b   Thumb Code     0  startup_stm32f103xb.o(.text)
    TIM4_IRQHandler                          0x0800011b   Thumb Code     0  startup_stm32f103xb.o(.text)
    USART1_IRQHandler                        0x0800011b   Thumb Code     0  startup_stm32f103xb.o(.text)
    USART2_IRQHandler                        0x0800011b   Thumb Code     0  startup_stm32f103xb.o(.text)
    USART3_IRQHandler                        0x0800011b   Thumb Code     0  startup_stm32f103xb.o(.text)
    USBWakeUp_IRQHandler                     0x0800011b   Thumb Code     0  startup_stm32f103xb.o(.text)
    USB_HP_CAN1_TX_IRQHandler                0x0800011b   Thumb Code     0  startup_stm32f103xb.o(.text)
    USB_LP_CAN1_RX0_IRQHandler               0x0800011b   Thumb Code     0  startup_stm32f103xb.o(.text)
    WWDG_IRQHandler                          0x0800011b   Thumb Code     0  startup_stm32f103xb.o(.text)
    __scatterload                            0x08000125   Thumb Code    28  init.o(.text)
    __scatterload_rt2                        0x08000125   Thumb Code     0  init.o(.text)
    BusFault_Handler                         0x08000149   Thumb Code     2  stm32f1xx_it.o(.text.BusFault_Handler)
    DebugMon_Handler                         0x0800014d   Thumb Code     2  stm32f1xx_it.o(.text.DebugMon_Handler)
    HAL_Delay                                0x08000151   Thumb Code    40  stm32f1xx_hal.o(.text.HAL_Delay)
    HAL_GPIO_Init                            0x08000179   Thumb Code   538  stm32f1xx_hal_gpio.o(.text.HAL_GPIO_Init)
    HAL_GPIO_TogglePin                       0x08000395   Thumb Code    16  stm32f1xx_hal_gpio.o(.text.HAL_GPIO_TogglePin)
    HAL_GetTick                              0x080003a5   Thumb Code    12  stm32f1xx_hal.o(.text.HAL_GetTick)
    HAL_IncTick                              0x080003b1   Thumb Code    26  stm32f1xx_hal.o(.text.HAL_IncTick)
    HAL_Init                                 0x080003cd   Thumb Code    38  stm32f1xx_hal.o(.text.HAL_Init)
    HAL_InitTick                             0x080003f5   Thumb Code    72  stm32f1xx_hal.o(.text.HAL_InitTick)
    HAL_MspInit                              0x0800043d   Thumb Code     2  stm32f1xx_hal.o(.text.HAL_MspInit)
    HAL_NVIC_SetPriority                     0x08000441   Thumb Code    86  stm32f1xx_hal_cortex.o(.text.HAL_NVIC_SetPriority)
    HAL_NVIC_SetPriorityGrouping             0x08000499   Thumb Code    32  stm32f1xx_hal_cortex.o(.text.HAL_NVIC_SetPriorityGrouping)
    HAL_RCC_ClockConfig                      0x080004b9   Thumb Code   446  stm32f1xx_hal_rcc.o(.text.HAL_RCC_ClockConfig)
    HAL_RCC_OscConfig                        0x08000679   Thumb Code   948  stm32f1xx_hal_rcc.o(.text.HAL_RCC_OscConfig)
    HAL_SYSTICK_Config                       0x08000a2d   Thumb Code    44  stm32f1xx_hal_cortex.o(.text.HAL_SYSTICK_Config)
    HardFault_Handler                        0x08000a59   Thumb Code     2  stm32f1xx_it.o(.text.HardFault_Handler)
    MemManage_Handler                        0x08000a5d   Thumb Code     2  stm32f1xx_it.o(.text.MemManage_Handler)
    NMI_Handler                              0x08000a61   Thumb Code     2  stm32f1xx_it.o(.text.NMI_Handler)
    PendSV_Handler                           0x08000a65   Thumb Code     2  stm32f1xx_it.o(.text.PendSV_Handler)
    SVC_Handler                              0x08000a69   Thumb Code     2  stm32f1xx_it.o(.text.SVC_Handler)
    SysTick_Handler                          0x08000a6d   Thumb Code     4  stm32f1xx_it.o(.text.SysTick_Handler)
    SystemInit                               0x08000a71   Thumb Code    80  system_stm32f1xx.o(.text.SystemInit)
    UsageFault_Handler                       0x08000ac1   Thumb Code     2  stm32f1xx_it.o(.text.UsageFault_Handler)
    main                                     0x08000ac5   Thumb Code   164  main.o(.text.main)
    __scatterload_copy                       0x08000b69   Thumb Code    14  handlers.o(i.__scatterload_copy)
    __scatterload_null                       0x08000b77   Thumb Code     2  handlers.o(i.__scatterload_null)
    __scatterload_zeroinit                   0x08000b79   Thumb Code    14  handlers.o(i.__scatterload_zeroinit)
    AHBPrescTable                            0x08000b88   Data          16  system_stm32f1xx.o(.rodata.AHBPrescTable)
    Region$$Table$$Base                      0x08000ba8   Number         0  anon$$obj.o(Region$$Table)
    Region$$Table$$Limit                     0x08000bc8   Number         0  anon$$obj.o(Region$$Table)
    uwTickFreq                               0x20000000   Data           1  stm32f1xx_hal.o(.data..L_MergedGlobals)
    uwTickPrio                               0x20000004   Data           4  stm32f1xx_hal.o(.data..L_MergedGlobals)
    SystemCoreClock                          0x20000008   Data           4  system_stm32f1xx.o(.data.SystemCoreClock)
    uwTick                                   0x20000020   Data           4  stm32f1xx_hal.o(.bss.uwTick)
    __initial_sp                             0x20000428   Data           0  startup_stm32f103xb.o(STACK)



==============================================================================

Memory Map of the image

  Image Entry point : 0x080000ed

  Load Region LR_IROM1 (Base: 0x08000000, Size: 0x00000bd8, Max: 0x00020000, ABSOLUTE)

    Execution Region ER_IROM1 (Exec base: 0x08000000, Load base: 0x08000000, Size: 0x00000bc8, Max: 0x00020000, ABSOLUTE)

    Exec Addr    Load Addr    Size         Type   Attr      Idx    E Section Name        Object

    0x08000000   0x08000000   0x000000ec   Data   RO          263    RESET               startup_stm32f103xb.o
    0x080000ec   0x080000ec   0x00000000   Code   RO          270  * .ARM.Collect$$$$00000000  mc_w.l(entry.o)
    0x080000ec   0x080000ec   0x00000004   Code   RO          273    .ARM.Collect$$$$00000001  mc_w.l(entry2.o)
    0x080000f0   0x080000f0   0x00000004   Code   RO          276    .ARM.Collect$$$$00000004  mc_w.l(entry5.o)
    0x080000f4   0x080000f4   0x00000000   Code   RO          278    .ARM.Collect$$$$00000008  mc_w.l(entry7b.o)
    0x080000f4   0x080000f4   0x00000000   Code   RO          280    .ARM.Collect$$$$0000000A  mc_w.l(entry8b.o)
    0x080000f4   0x080000f4   0x00000008   Code   RO          281    .ARM.Collect$$$$0000000B  mc_w.l(entry9a.o)
    0x080000fc   0x080000fc   0x00000000   Code   RO          283    .ARM.Collect$$$$0000000D  mc_w.l(entry10a.o)
    0x080000fc   0x080000fc   0x00000000   Code   RO          285    .ARM.Collect$$$$0000000F  mc_w.l(entry11a.o)
    0x080000fc   0x080000fc   0x00000004   Code   RO          274    .ARM.Collect$$$$00002712  mc_w.l(entry2.o)
    0x08000100   0x08000100   0x00000024   Code   RO          264    .text               startup_stm32f103xb.o
    0x08000124   0x08000124   0x00000024   Code   RO          287    .text               mc_w.l(init.o)
    0x08000148   0x08000148   0x00000002   Code   RO          215    .text.BusFault_Handler  stm32f1xx_it.o
    0x0800014a   0x0800014a   0x00000002   PAD
    0x0800014c   0x0800014c   0x00000002   Code   RO          221    .text.DebugMon_Handler  stm32f1xx_it.o
    0x0800014e   0x0800014e   0x00000002   PAD
    0x08000150   0x08000150   0x00000028   Code   RO           67    .text.HAL_Delay     stm32f1xx_hal.o
    0x08000178   0x08000178   0x0000021a   Code   RO          107    .text.HAL_GPIO_Init  stm32f1xx_hal_gpio.o
    0x08000392   0x08000392   0x00000002   PAD
    0x08000394   0x08000394   0x00000010   Code   RO          115    .text.HAL_GPIO_TogglePin  stm32f1xx_hal_gpio.o
    0x080003a4   0x080003a4   0x0000000c   Code   RO           59    .text.HAL_GetTick   stm32f1xx_hal.o
    0x080003b0   0x080003b0   0x0000001a   Code   RO           57    .text.HAL_IncTick   stm32f1xx_hal.o
    0x080003ca   0x080003ca   0x00000002   PAD
    0x080003cc   0x080003cc   0x00000026   Code   RO           47    .text.HAL_Init      stm32f1xx_hal.o
    0x080003f2   0x080003f2   0x00000002   PAD
    0x080003f4   0x080003f4   0x00000048   Code   RO           49    .text.HAL_InitTick  stm32f1xx_hal.o
    0x0800043c   0x0800043c   0x00000002   Code   RO           51    .text.HAL_MspInit   stm32f1xx_hal.o
    0x0800043e   0x0800043e   0x00000002   PAD
    0x08000440   0x08000440   0x00000056   Code   RO          171    .text.HAL_NVIC_SetPriority  stm32f1xx_hal_cortex.o
    0x08000496   0x08000496   0x00000002   PAD
    0x08000498   0x08000498   0x00000020   Code   RO          169    .text.HAL_NVIC_SetPriorityGrouping  stm32f1xx_hal_cortex.o
    0x080004b8   0x080004b8   0x000001be   Code   RO          135    .text.HAL_RCC_ClockConfig  stm32f1xx_hal_rcc.o
    0x08000676   0x08000676   0x00000002   PAD
    0x08000678   0x08000678   0x000003b4   Code   RO          133    .text.HAL_RCC_OscConfig  stm32f1xx_hal_rcc.o
    0x08000a2c   0x08000a2c   0x0000002c   Code   RO          181    .text.HAL_SYSTICK_Config  stm32f1xx_hal_cortex.o
    0x08000a58   0x08000a58   0x00000002   Code   RO          211    .text.HardFault_Handler  stm32f1xx_it.o
    0x08000a5a   0x08000a5a   0x00000002   PAD
    0x08000a5c   0x08000a5c   0x00000002   Code   RO          213    .text.MemManage_Handler  stm32f1xx_it.o
    0x08000a5e   0x08000a5e   0x00000002   PAD
    0x08000a60   0x08000a60   0x00000002   Code   RO          209    .text.NMI_Handler   stm32f1xx_it.o
    0x08000a62   0x08000a62   0x00000002   PAD
    0x08000a64   0x08000a64   0x00000002   Code   RO          223    .text.PendSV_Handler  stm32f1xx_it.o
    0x08000a66   0x08000a66   0x00000002   PAD
    0x08000a68   0x08000a68   0x00000002   Code   RO          219    .text.SVC_Handler   stm32f1xx_it.o
    0x08000a6a   0x08000a6a   0x00000002   PAD
    0x08000a6c   0x08000a6c   0x00000004   Code   RO          225    .text.SysTick_Handler  stm32f1xx_it.o
    0x08000a70   0x08000a70   0x00000050   Code   RO          247    .text.SystemInit    system_stm32f1xx.o
    0x08000ac0   0x08000ac0   0x00000002   Code   RO          217    .text.UsageFault_Handler  stm32f1xx_it.o
    0x08000ac2   0x08000ac2   0x00000002   PAD
    0x08000ac4   0x08000ac4   0x000000a4   Code   RO          234    .text.main          main.o
    0x08000b68   0x08000b68   0x0000000e   Code   RO          291    i.__scatterload_copy  mc_w.l(handlers.o)
    0x08000b76   0x08000b76   0x00000002   Code   RO          292    i.__scatterload_null  mc_w.l(handlers.o)
    0x08000b78   0x08000b78   0x0000000e   Code   RO          293    i.__scatterload_zeroinit  mc_w.l(handlers.o)
    0x08000b86   0x08000b86   0x00000002   Data   RO          160    .rodata..L__const.HAL_RCC_GetSysClockFreq.aPredivFactorTable  stm32f1xx_hal_rcc.o
    0x08000b88   0x08000b88   0x00000010   Data   RO          252    .rodata.AHBPrescTable  system_stm32f1xx.o
    0x08000b98   0x08000b98   0x00000010   Data   RO          159    .rodata.cst16       stm32f1xx_hal_rcc.o
    0x08000ba8   0x08000ba8   0x00000020   Data   RO          290    Region$$Table       anon$$obj.o


    Execution Region RW_IRAM1 (Exec base: 0x20000000, Load base: 0x08000bc8, Size: 0x00000428, Max: 0x00005000, ABSOLUTE)

    Exec Addr    Load Addr    Size         Type   Attr      Idx    E Section Name        Object

    0x20000000   0x08000bc8   0x00000008   Data   RW           98    .data..L_MergedGlobals  stm32f1xx_hal.o
    0x20000008   0x08000bd0   0x00000004   Data   RW          251    .data.SystemCoreClock  system_stm32f1xx.o
    0x2000000c   0x08000bd4   0x00000004   PAD
    0x20000010        -       0x00000010   Zero   RW          238    .bss.GPIO_InitStruct  main.o
    0x20000020        -       0x00000004   Zero   RW           97    .bss.uwTick         stm32f1xx_hal.o
    0x20000024   0x08000bd4   0x00000004   PAD
    0x20000028        -       0x00000400   Zero   RW          261    STACK               startup_stm32f103xb.o


==============================================================================

Image component sizes


      Code (inc. data)   RO Data    RW Data    ZI Data      Debug   Object Name

       164          0          0          0         16       2578   main.o
        36          8        236          0       1024        860   startup_stm32f103xb.o
       190          0          0          8          4       5926   stm32f1xx_hal.o
       162          0          0          0          0       8674   stm32f1xx_hal_cortex.o
       554         22          0          0          0       4679   stm32f1xx_hal_gpio.o
      1394          0         18          0          0       7797   stm32f1xx_hal_rcc.o
        20          0          0          0          0       1226   stm32f1xx_it.o
        80          0         16          4          0       2295   system_stm32f1xx.o

    ----------------------------------------------------------------------
      2628         30        302         12       1052      34035   Object Totals
         0          0         32          0          0          0   (incl. Generated)
        28          0          0          0          8          0   (incl. Padding)

    ----------------------------------------------------------------------

      Code (inc. data)   RO Data    RW Data    ZI Data      Debug   Library Member Name

         0          0          0          0          0          0   entry.o
         0          0          0          0          0          0   entry10a.o
         0          0          0          0          0          0   entry11a.o
         8          4          0          0          0          0   entry2.o
         4          0          0          0          0          0   entry5.o
         0          0          0          0          0          0   entry7b.o
         0          0          0          0          0          0   entry8b.o
         8          4          0          0          0          0   entry9a.o
        30          0          0          0          0          0   handlers.o
        36          8          0          0          0         68   init.o

    ----------------------------------------------------------------------
        86         16          0          0          0         68   Library Totals
         0          0          0          0          0          0   (incl. Padding)

    ----------------------------------------------------------------------

      Code (inc. data)   RO Data    RW Data    ZI Data      Debug   Library Name

        86         16          0          0          0         68   mc_w.l

    ----------------------------------------------------------------------
        86         16          0          0          0         68   Library Totals

    ----------------------------------------------------------------------

==============================================================================


      Code (inc. data)   RO Data    RW Data    ZI Data      Debug   

      2714         46        302         12       1052      34135   Grand Totals
      2714         46        302         12       1052      34135   ELF Image Totals
      2714         46        302         12          0          0   ROM Totals

==============================================================================

    Total RO  Size (Code + RO Data)                 3016 (   2.95kB)
    Total RW  Size (RW Data + ZI Data)              1064 (   1.04kB)
    Total ROM Size (Code + RO Data + RW Data)       3028 (   2.96kB)

==============================================================================

