Component: Arm Compiler for Embedded 6.19 Tool: armlink [5e73cb00]

==============================================================================

Section Cross References

    rtx_blinky.o(.text) refers to led_nucleo_f103rb.o(.text) for LED_GetCount
    rtx_blinky.o(.text) refers to rtx_conf_cm.o(.text) for __osSignalWait
    rtx_blinky.o(.text) refers to buttons_nucleo_f103rb.o(.text) for Buttons_GetCount
    rtx_blinky.o(.text) refers to rt_cmsis.o(i.osKernelInitialize) for osKernelInitialize
    rtx_blinky.o(.text) refers to system_stm32f10x.o(.text) for SystemCoreClockUpdate
    rtx_blinky.o(.text) refers to rtx_blinky.o(.rodata.os_thread_def_blinkLED) for os_thread_def_blinkLED
    rtx_blinky.o(.text) refers to rt_cmsis.o(i.osThreadCreate) for osThreadCreate
    rtx_blinky.o(.text) refers to rtx_blinky.o(.bss.tid_blinkLED) for tid_blinkLED
    rtx_blinky.o(.text) refers to rt_cmsis.o(i.osKernelStart) for osKernelStart
    rtx_blinky.o(.text) refers to rt_cmsis.o(i.osDelay) for osDelay
    rtx_blinky.o(.text) refers to rt_cmsis.o(i.osSignalSet) for osSignalSet
    rtx_blinky.o(.ARM.exidx) refers to rtx_blinky.o(.text) for [Anonymous Symbol]
    rtx_blinky.o(.rodata.os_thread_def_blinkLED) refers to rtx_blinky.o(.text) for blinkLED
    buttons_nucleo_f103rb.o(.ARM.exidx) refers to buttons_nucleo_f103rb.o(.text) for [Anonymous Symbol]
    led_nucleo_f103rb.o(.ARM.exidx) refers to led_nucleo_f103rb.o(.text) for [Anonymous Symbol]
    rtx_conf_cm.o(.text) refers to rt_cmsis.o(i.osSignalWait) for osSignalWait
    rtx_conf_cm.o(.text) refers to rt_cmsis.o(i.osMessageGet) for osMessageGet
    rtx_conf_cm.o(.text) refers to rt_cmsis.o(i.osMailGet) for osMailGet
    rtx_conf_cm.o(.ARM.exidx) refers to rtx_conf_cm.o(.text) for [Anonymous Symbol]
    rtx_conf_cm.o(.ARM.Collect$$$$000000FF) refers to rt_cmsis.o(i.osKernelInitialize) for osKernelInitialize
    rtx_conf_cm.o(.ARM.Collect$$$$000000FF) refers to rtx_conf_cm.o(.rodata.os_thread_def_main) for os_thread_def_main
    rtx_conf_cm.o(.ARM.Collect$$$$000000FF) refers to rt_cmsis.o(i.osThreadCreate) for osThreadCreate
    rtx_conf_cm.o(.ARM.Collect$$$$000000FF) refers to rt_cmsis.o(i.osKernelStart) for osKernelStart
    rtx_conf_cm.o(.ARM.exidx.ARM.Collect$$$$000000FF) refers to rtx_conf_cm.o(.ARM.Collect$$$$000000FF) for [Anonymous Symbol]
    rtx_conf_cm.o(.rodata.os_thread_def_osTimerThread) refers to rt_cmsis.o(i.osTimerThread) for osTimerThread
    rtx_conf_cm.o(.rodata.os_messageQ_def_osTimerMessageQ) refers to rtx_conf_cm.o(.bss.os_messageQ_q_osTimerMessageQ) for os_messageQ_q_osTimerMessageQ
    rtx_conf_cm.o(.rodata.os_thread_def_main) refers to rtx_blinky.o(.text) for main
    startup_stm32f10x_md.o(RESET) refers to startup_stm32f10x_md.o(STACK) for __initial_sp
    startup_stm32f10x_md.o(RESET) refers to startup_stm32f10x_md.o(.text) for Reset_Handler
    startup_stm32f10x_md.o(RESET) refers to hal_cm3.o(.emb_text) for SVC_Handler
    startup_stm32f10x_md.o(.text) refers to system_stm32f10x.o(.text) for SystemInit
    startup_stm32f10x_md.o(.text) refers to entry.o(.ARM.Collect$$$$00000000) for __main
    system_stm32f10x.o(.text) refers to system_stm32f10x.o(.data.SystemCoreClock) for SystemCoreClock
    system_stm32f10x.o(.text) refers to system_stm32f10x.o(.rodata.AHBPrescTable) for AHBPrescTable
    system_stm32f10x.o(.ARM.exidx) refers to system_stm32f10x.o(.text) for [Anonymous Symbol]
    rt_cmsis.o(i.isrMessageGet) refers to rt_mailbox.o(i.isr_mbx_receive) for isr_mbx_receive
    rt_cmsis.o(i.isrMessagePut) refers to rt_mailbox.o(i.rt_mbx_check) for rt_mbx_check
    rt_cmsis.o(i.isrMessagePut) refers to rt_mailbox.o(i.isr_mbx_send) for isr_mbx_send
    rt_cmsis.o(i.isrSemaphoreRelease) refers to rt_cmsis.o(i.rt_id2obj) for rt_id2obj
    rt_cmsis.o(i.isrSemaphoreRelease) refers to rt_semaphore.o(i.isr_sem_send) for isr_sem_send
    rt_cmsis.o(i.isrSignalSet) refers to rt_cmsis.o(i.rt_tid2ptcb) for rt_tid2ptcb
    rt_cmsis.o(i.isrSignalSet) refers to rt_event.o(i.isr_evt_set) for isr_evt_set
    rt_cmsis.o(i.osDelay) refers to rt_cmsis.o(i.svcDelay) for svcDelay
    rt_cmsis.o(i.osKernelInitialize) refers to rt_cmsis.o(i.svcKernelInitialize) for svcKernelInitialize
    rt_cmsis.o(i.osKernelRunning) refers to rt_cmsis.o(i.svcKernelRunning) for svcKernelRunning
    rt_cmsis.o(i.osKernelRunning) refers to rt_cmsis.o(.data) for .data
    rt_cmsis.o(i.osKernelStart) refers to rtx_conf_cm.o(.rodata.os_flags) for os_flags
    rt_cmsis.o(i.osKernelStart) refers to rt_cmsis.o(i.svcKernelStart) for svcKernelStart
    rt_cmsis.o(i.osKernelSysTick) refers to rt_cmsis.o(i.svcKernelSysTick) for svcKernelSysTick
    rt_cmsis.o(i.osMailAlloc) refers to rt_cmsis.o(i.sysMailAlloc) for sysMailAlloc
    rt_cmsis.o(i.osMailCAlloc) refers to rt_cmsis.o(i.sysMailAlloc) for sysMailAlloc
    rt_cmsis.o(i.osMailCAlloc) refers to rt_cmsis.o(i.rt_clr_box) for rt_clr_box
    rt_cmsis.o(i.osMailCreate) refers to rt_cmsis.o(i.svcMailCreate) for svcMailCreate
[...]
    rt_cmsis.o(i.svcMutexDelete) refers to rt_cmsis.o(i.rt_id2obj) for rt_id2obj
    rt_cmsis.o(i.svcMutexDelete) refers to rt_mutex.o(i.rt_mut_delete) for rt_mut_delete
    rt_cmsis.o(i.svcMutexRelease) refers to rt_cmsis.o(i.rt_id2obj) for rt_id2obj
    rt_cmsis.o(i.svcMutexRelease) refers to rt_mutex.o(i.rt_mut_release) for rt_mut_release
    rt_cmsis.o(i.svcMutexWait) refers to rt_cmsis.o(i.rt_id2obj) for rt_id2obj
    rt_cmsis.o(i.svcMutexWait) refers to rt_cmsis.o(i.rt_ms2tick) for rt_ms2tick
    rt_cmsis.o(i.svcMutexWait) refers to rt_mutex.o(i.rt_mut_wait) for rt_mut_wait
    rt_cmsis.o(i.svcPoolCreate) refers to rt_membox.o(i._init_box) for _init_box
    rt_cmsis.o(i.svcSemaphoreCreate) refers to rt_semaphore.o(i.rt_sem_init) for rt_sem_init
    rt_cmsis.o(i.svcSemaphoreDelete) refers to rt_cmsis.o(i.rt_id2obj) for rt_id2obj
    rt_cmsis.o(i.svcSemaphoreDelete) refers to rt_semaphore.o(i.rt_sem_delete) for rt_sem_delete
    rt_cmsis.o(i.svcSemaphoreRelease) refers to rt_cmsis.o(i.rt_id2obj) for rt_id2obj
    rt_cmsis.o(i.svcSemaphoreRelease) refers to rt_semaphore.o(i.rt_sem_send) for rt_sem_send
    rt_cmsis.o(i.svcSemaphoreWait) refers to rt_cmsis.o(i.rt_id2obj) for rt_id2obj
    rt_cmsis.o(i.svcSemaphoreWait) refers to rt_cmsis.o(i.rt_ms2tick) for rt_ms2tick
    rt_cmsis.o(i.svcSemaphoreWait) refers to rt_semaphore.o(i.rt_sem_wait) for rt_sem_wait
    rt_cmsis.o(i.svcSignalClear) refers to rt_cmsis.o(i.rt_tid2ptcb) for rt_tid2ptcb
    rt_cmsis.o(i.svcSignalClear) refers to rt_event.o(i.rt_evt_clr) for rt_evt_clr
    rt_cmsis.o(i.svcSignalSet) refers to rt_cmsis.o(i.rt_tid2ptcb) for rt_tid2ptcb
    rt_cmsis.o(i.svcSignalSet) refers to rt_event.o(i.rt_evt_set) for rt_evt_set
    rt_cmsis.o(i.svcSignalWait) refers to rt_cmsis.o(i.rt_ms2tick) for rt_ms2tick
    rt_cmsis.o(i.svcSignalWait) refers to rt_event.o(i.rt_evt_wait) for rt_evt_wait
    rt_cmsis.o(i.svcSignalWait) refers to rt_task.o(.data) for os_tsk
    rt_cmsis.o(i.svcThreadCreate) refers to rt_memory.o(i.rt_alloc_mem) for rt_alloc_mem
    rt_cmsis.o(i.svcThreadCreate) refers to rt_task.o(i.rt_tsk_create) for rt_tsk_create
    rt_cmsis.o(i.svcThreadCreate) refers to rt_memory.o(i.rt_free_mem) for rt_free_mem
    rt_cmsis.o(i.svcThreadCreate) refers to rtx_conf_cm.o(.bss.os_stack_mem) for os_stack_mem
    rt_cmsis.o(i.svcThreadCreate) refers to rtx_conf_cm.o(.bss.os_active_TCB) for os_active_TCB
    rt_cmsis.o(i.svcThreadCreate) refers to rt_cmsis.o(i.osThreadExit) for osThreadExit
    rt_cmsis.o(i.svcThreadGetId) refers to rt_task.o(i.rt_tsk_self) for rt_tsk_self
    rt_cmsis.o(i.svcThreadGetId) refers to rtx_conf_cm.o(.bss.os_active_TCB) for os_active_TCB
    rt_cmsis.o(i.svcThreadGetPriority) refers to rt_cmsis.o(i.rt_tid2ptcb) for rt_tid2ptcb
    rt_cmsis.o(i.svcThreadSetPriority) refers to rt_cmsis.o(i.rt_tid2ptcb) for rt_tid2ptcb
    rt_cmsis.o(i.svcThreadSetPriority) refers to rt_task.o(i.rt_tsk_prio) for rt_tsk_prio
    rt_cmsis.o(i.svcThreadTerminate) refers to rt_cmsis.o(i.rt_tid2ptcb) for rt_tid2ptcb
    rt_cmsis.o(i.svcThreadTerminate) refers to rt_task.o(i.rt_tsk_delete) for rt_tsk_delete
    rt_cmsis.o(i.svcThreadTerminate) refers to rt_memory.o(i.rt_free_mem) for rt_free_mem
    rt_cmsis.o(i.svcThreadTerminate) refers to rtx_conf_cm.o(.bss.os_stack_mem) for os_stack_mem
    rt_cmsis.o(i.svcThreadYield) refers to rt_task.o(i.rt_tsk_pass) for rt_tsk_pass
    rt_cmsis.o(i.svcTimerCall) refers to rt_cmsis.o(i.rt_id2obj) for rt_id2obj
    rt_cmsis.o(i.svcTimerCreate) refers to rtx_conf_cm.o(.bss.osThreadId_osTimerThread) for osThreadId_osTimerThread
    rt_cmsis.o(i.svcTimerDelete) refers to rt_cmsis.o(i.rt_id2obj) for rt_id2obj
    rt_cmsis.o(i.svcTimerDelete) refers to rt_cmsis.o(i.rt_timer_remove) for rt_timer_remove
    rt_cmsis.o(i.svcTimerStart) refers to rt_cmsis.o(i.rt_id2obj) for rt_id2obj
    rt_cmsis.o(i.svcTimerStart) refers to uldiv.o(.text) for __aeabi_uldivmod
    rt_cmsis.o(i.svcTimerStart) refers to rt_cmsis.o(i.rt_timer_remove) for rt_timer_remove
    rt_cmsis.o(i.svcTimerStart) refers to rt_cmsis.o(i.rt_timer_insert) for rt_timer_insert
    rt_cmsis.o(i.svcTimerStart) refers to rtx_conf_cm.o(.rodata.os_clockrate) for os_clockrate
    rt_cmsis.o(i.svcTimerStop) refers to rt_cmsis.o(i.rt_id2obj) for rt_id2obj
    rt_cmsis.o(i.svcTimerStop) refers to rt_cmsis.o(i.rt_timer_remove) for rt_timer_remove
    rt_cmsis.o(i.sysMailAlloc) refers to rt_membox.o(i.rt_alloc_box) for rt_alloc_box
    rt_cmsis.o(i.sysMailAlloc) refers to rt_list.o(i.rt_put_prio) for rt_put_prio
    rt_cmsis.o(i.sysMailAlloc) refers to rt_cmsis.o(i.rt_ms2tick) for rt_ms2tick
    rt_cmsis.o(i.sysMailAlloc) refers to rt_task.o(i.rt_block) for rt_block
    rt_cmsis.o(i.sysMailAlloc) refers to rt_task.o(.data) for os_tsk
    rt_cmsis.o(i.sysMailFree) refers to rt_membox.o(i.rt_free_box) for rt_free_box
    rt_cmsis.o(i.sysMailFree) refers to rt_list.o(i.rt_psq_enq) for rt_psq_enq
    rt_cmsis.o(i.sysMailFree) refers to rt_system.o(i.rt_psh_req) for rt_psh_req
    rt_cmsis.o(i.sysMailFree) refers to rt_membox.o(i.rt_alloc_box) for rt_alloc_box
    rt_cmsis.o(i.sysMailFree) refers to rt_list.o(i.rt_get_first) for rt_get_first
    rt_cmsis.o(i.sysMailFree) refers to hal_cm.o(i.rt_ret_val) for rt_ret_val
    rt_cmsis.o(i.sysMailFree) refers to rt_list.o(i.rt_rmv_dly) for rt_rmv_dly
    rt_cmsis.o(i.sysMailFree) refers to rt_task.o(i.rt_dispatch) for rt_dispatch
    rt_cmsis.o(i.sysPoolAlloc) refers to rt_membox.o(i.rt_alloc_box) for rt_alloc_box
    rt_cmsis.o(i.sysPoolFree) refers to rt_membox.o(i.rt_free_box) for rt_free_box
    rt_cmsis.o(i.sysTimerTick) refers to rt_cmsis.o(i.isrMessagePut) for isrMessagePut
    rt_cmsis.o(i.sysTimerTick) refers to rtx_conf_cm.o(.text) for os_error
    rt_cmsis.o(i.sysTimerTick) refers to rt_cmsis.o(i.rt_timer_insert) for rt_timer_insert
    rt_cmsis.o(i.sysTimerTick) refers to rt_cmsis.o(.data) for .data
    rt_cmsis.o(i.sysTimerTick) refers to rtx_conf_cm.o(.bss.osMessageQId_osTimerMessageQ) for osMessageQId_osTimerMessageQ
    rt_cmsis.o(i.sysUserTimerUpdate) refers to rt_cmsis.o(i.sysTimerTick) for sysTimerTick
    rt_cmsis.o(i.sysUserTimerUpdate) refers to rt_cmsis.o(.data) for .data
    rt_cmsis.o(i.sysUserTimerWakeupTime) refers to rt_cmsis.o(.data) for .data
    rt_task.o(i.rt_block) refers to rt_list.o(i.rt_put_dly) for rt_put_dly
    rt_task.o(i.rt_block) refers to rt_list.o(i.rt_get_first) for rt_get_first
    rt_task.o(i.rt_block) refers to rt_task.o(i.rt_switch_req) for rt_switch_req
    rt_task.o(i.rt_block) refers to rt_task.o(.data) for .data
    rt_task.o(i.rt_block) refers to rt_list.o(.bss) for os_rdy
    rt_task.o(i.rt_dispatch) refers to rt_list.o(i.rt_put_rdy_first) for rt_put_rdy_first
    rt_task.o(i.rt_dispatch) refers to rt_task.o(i.rt_switch_req) for rt_switch_req
    rt_task.o(i.rt_dispatch) refers to rt_list.o(i.rt_get_first) for rt_get_first
    rt_task.o(i.rt_dispatch) refers to rt_list.o(i.rt_put_prio) for rt_put_prio
    rt_task.o(i.rt_dispatch) refers to rt_task.o(.data) for .data
    rt_task.o(i.rt_dispatch) refers to rt_list.o(.bss) for os_rdy
    rt_task.o(i.rt_init_context) refers to rt_membox.o(i.rt_alloc_box) for rt_alloc_box
    rt_task.o(i.rt_init_context) refers to hal_cm.o(i.rt_init_stack) for rt_init_stack
    rt_task.o(i.rt_init_context) refers to rtx_conf_cm.o(.bss.mp_stk) for mp_stk
    rt_task.o(i.rt_switch_req) refers to hal_cm.o(i.dbg_task_switch) for dbg_task_switch
    rt_task.o(i.rt_switch_req) refers to rt_task.o(.data) for .data
    rt_task.o(i.rt_switch_req) refers to hal_cm.o(.data) for dbg_msg
    rt_task.o(i.rt_sys_init) refers to hal_cm.o(i.dbg_init) for dbg_init
    rt_task.o(i.rt_sys_init) refers to rt_membox.o(i._init_box) for _init_box
    rt_task.o(i.rt_sys_init) refers to rt_task.o(i.rt_init_context) for rt_init_context
    rt_task.o(i.rt_sys_init) refers to rt_robin.o(i.rt_init_robin) for rt_init_robin
    rt_task.o(i.rt_sys_init) refers to rtx_conf_cm.o(.bss.os_active_TCB) for os_active_TCB
    rt_task.o(i.rt_sys_init) refers to rtx_conf_cm.o(.rodata.os_maxtaskrun) for os_maxtaskrun
    rt_task.o(i.rt_sys_init) refers to rtx_conf_cm.o(.rodata.mp_tcb_size) for mp_tcb_size
    rt_task.o(i.rt_sys_init) refers to rtx_conf_cm.o(.bss.mp_tcb) for mp_tcb
    rt_task.o(i.rt_sys_init) refers to rtx_conf_cm.o(.rodata.os_stackinfo) for os_stackinfo
    rt_task.o(i.rt_sys_init) refers to rtx_conf_cm.o(.rodata.mp_stk_size) for mp_stk_size
    rt_task.o(i.rt_sys_init) refers to rtx_conf_cm.o(.bss.mp_stk) for mp_stk
    rt_task.o(i.rt_sys_init) refers to rtx_conf_cm.o(.rodata.mp_tmr_size) for mp_tmr_size
    rt_task.o(i.rt_sys_init) refers to rtx_conf_cm.o(.bss.m_tmr) for m_tmr
    rt_task.o(i.rt_sys_init) refers to rt_task.o(.bss) for .bss
    rt_task.o(i.rt_sys_init) refers to rtx_conf_cm.o(.text) for os_idle_demon
    rt_task.o(i.rt_sys_init) refers to rt_list.o(.bss) for os_rdy
    rt_task.o(i.rt_sys_init) refers to rt_task.o(.data) for .data
    rt_task.o(i.rt_sys_init) refers to rtx_conf_cm.o(.bss.os_fifo) for os_fifo
    rt_task.o(i.rt_sys_init) refers to rtx_conf_cm.o(.rodata.os_fifo_size) for os_fifo_size
    rt_task.o(i.rt_sys_start) refers to rt_system.o(i.os_tick_init) for os_tick_init
    rt_task.o(i.rt_sys_start) refers to rt_system.o(.data) for os_tick_irqn
    rt_task.o(i.rt_tsk_create) refers to rt_membox.o(i.rt_alloc_box) for rt_alloc_box
    rt_task.o(i.rt_tsk_create) refers to rt_task.o(i.rt_init_context) for rt_init_context
    rt_task.o(i.rt_tsk_create) refers to hal_cm.o(i.dbg_task_notify) for dbg_task_notify
    rt_task.o(i.rt_tsk_create) refers to rt_task.o(i.rt_dispatch) for rt_dispatch
    rt_task.o(i.rt_tsk_create) refers to rtx_conf_cm.o(.bss.mp_tcb) for mp_tcb
    rt_task.o(i.rt_tsk_create) refers to rtx_conf_cm.o(.bss.os_active_TCB) for os_active_TCB
    rt_task.o(i.rt_tsk_create) refers to rtx_conf_cm.o(.rodata.os_maxtaskrun) for os_maxtaskrun
    rt_task.o(i.rt_tsk_create) refers to hal_cm.o(.data) for dbg_msg
    rt_task.o(i.rt_tsk_delete) refers to hal_cm3.o(.emb_text) for rt_get_PSP
    rt_task.o(i.rt_tsk_delete) refers to rt_system.o(i.rt_stk_check) for rt_stk_check
    rt_task.o(i.rt_tsk_delete) refers to rt_list.o(i.rt_get_first) for rt_get_first
    rt_task.o(i.rt_tsk_delete) refers to hal_cm.o(i.rt_ret_val) for rt_ret_val
    rt_task.o(i.rt_tsk_delete) refers to rt_list.o(i.rt_rmv_dly) for rt_rmv_dly
    rt_task.o(i.rt_tsk_delete) refers to rt_list.o(i.rt_put_prio) for rt_put_prio
    rt_task.o(i.rt_tsk_delete) refers to rt_membox.o(i.rt_free_box) for rt_free_box
    rt_task.o(i.rt_tsk_delete) refers to hal_cm.o(i.dbg_task_notify) for dbg_task_notify
    rt_task.o(i.rt_tsk_delete) refers to rt_list.o(i.rt_rmv_list) for rt_rmv_list
    rt_task.o(i.rt_tsk_delete) refers to rt_task.o(i.rt_dispatch) for rt_dispatch
    rt_task.o(i.rt_tsk_delete) refers to hal_cm.o(.data) for dbg_msg
    rt_task.o(i.rt_tsk_delete) refers to rtx_conf_cm.o(.bss.os_active_TCB) for os_active_TCB
    rt_task.o(i.rt_tsk_delete) refers to rt_task.o(.data) for .data
    rt_task.o(i.rt_tsk_delete) refers to rt_list.o(.bss) for os_rdy
    rt_task.o(i.rt_tsk_delete) refers to rtx_conf_cm.o(.bss.mp_stk) for mp_stk
    rt_task.o(i.rt_tsk_delete) refers to rtx_conf_cm.o(.bss.mp_tcb) for mp_tcb
    rt_task.o(i.rt_tsk_delete) refers to rtx_conf_cm.o(.rodata.os_maxtaskrun) for os_maxtaskrun
    rt_task.o(i.rt_tsk_pass) refers to rt_list.o(i.rt_get_same_rdy_prio) for rt_get_same_rdy_prio
    rt_task.o(i.rt_tsk_pass) refers to rt_list.o(i.rt_put_prio) for rt_put_prio
    rt_task.o(i.rt_tsk_pass) refers to rt_task.o(i.rt_switch_req) for rt_switch_req
    rt_task.o(i.rt_tsk_pass) refers to rt_task.o(.data) for .data
    rt_task.o(i.rt_tsk_pass) refers to rt_list.o(.bss) for os_rdy
    rt_task.o(i.rt_tsk_prio) refers to rt_list.o(i.rt_put_prio) for rt_put_prio
    rt_task.o(i.rt_tsk_prio) refers to rt_list.o(i.rt_resort_prio) for rt_resort_prio
    rt_task.o(i.rt_tsk_prio) refers to rt_list.o(i.rt_get_first) for rt_get_first
    rt_task.o(i.rt_tsk_prio) refers to rt_task.o(i.rt_dispatch) for rt_dispatch
    rt_task.o(i.rt_tsk_prio) refers to rt_task.o(.data) for .data
    rt_task.o(i.rt_tsk_prio) refers to rtx_conf_cm.o(.rodata.os_maxtaskrun) for os_maxtaskrun
    rt_task.o(i.rt_tsk_prio) refers to rtx_conf_cm.o(.bss.os_active_TCB) for os_active_TCB
    rt_task.o(i.rt_tsk_prio) refers to rt_list.o(.bss) for os_rdy
    rt_task.o(i.rt_tsk_self) refers to rt_task.o(.data) for .data
    rt_system.o(i.os_tick_init) refers to rtx_conf_cm.o(.rodata.os_trv) for os_trv
    rt_system.o(i.os_tick_val) refers to rtx_conf_cm.o(.rodata.os_trv) for os_trv
    rt_system.o(i.rt_pop_req) refers to rt_list.o(i.rt_put_rdy_first) for rt_put_rdy_first
    rt_system.o(i.rt_pop_req) refers to rt_semaphore.o(i.rt_sem_psh) for rt_sem_psh
    rt_system.o(i.rt_pop_req) refers to rt_list.o(i.rt_get_first) for rt_get_first
    rt_system.o(i.rt_pop_req) refers to rt_task.o(i.rt_switch_req) for rt_switch_req
    rt_system.o(i.rt_pop_req) refers to rt_event.o(i.rt_evt_psh) for rt_evt_psh
    rt_system.o(i.rt_pop_req) refers to rt_mailbox.o(i.rt_mbx_psh) for rt_mbx_psh
    rt_system.o(i.rt_pop_req) refers to rt_task.o(.data) for os_tsk
    rt_system.o(i.rt_pop_req) refers to rtx_conf_cm.o(.bss.os_fifo) for os_fifo
    rt_system.o(i.rt_pop_req) refers to rt_list.o(.bss) for os_rdy
    rt_system.o(i.rt_psh_req) refers to rt_system.o(.data) for .data
    rt_system.o(i.rt_resume) refers to rt_list.o(i.rt_put_rdy_first) for rt_put_rdy_first
    rt_system.o(i.rt_resume) refers to rt_list.o(i.rt_dec_dly) for rt_dec_dly
    rt_system.o(i.rt_resume) refers to rt_cmsis.o(i.sysUserTimerUpdate) for sysUserTimerUpdate
    rt_system.o(i.rt_resume) refers to rt_list.o(i.rt_get_first) for rt_get_first
    rt_system.o(i.rt_resume) refers to rt_task.o(i.rt_switch_req) for rt_switch_req
    rt_system.o(i.rt_resume) refers to rt_system.o(i.rt_tsk_unlock) for rt_tsk_unlock
    rt_system.o(i.rt_resume) refers to rt_task.o(.data) for os_tsk
    rt_system.o(i.rt_resume) refers to rt_robin.o(.data) for os_robin
    rt_system.o(i.rt_resume) refers to rt_list.o(.bss) for os_dly
    rt_system.o(i.rt_resume) refers to rt_time.o(.data) for os_time
    rt_system.o(i.rt_stk_check) refers to rtx_conf_cm.o(.text) for os_error
    rt_system.o(i.rt_stk_check) refers to rt_task.o(.data) for os_tsk
    rt_system.o(i.rt_suspend) refers to rt_system.o(i.rt_tsk_lock) for rt_tsk_lock
    rt_system.o(i.rt_suspend) refers to rt_cmsis.o(i.sysUserTimerWakeupTime) for sysUserTimerWakeupTime
    rt_system.o(i.rt_suspend) refers to rt_list.o(.bss) for os_dly
    rt_system.o(i.rt_systick) refers to rt_list.o(i.rt_put_rdy_first) for rt_put_rdy_first
    rt_system.o(i.rt_systick) refers to rt_robin.o(i.rt_chk_robin) for rt_chk_robin
    rt_system.o(i.rt_systick) refers to rt_list.o(i.rt_dec_dly) for rt_dec_dly
    rt_system.o(i.rt_systick) refers to rt_cmsis.o(i.sysTimerTick) for sysTimerTick
    rt_system.o(i.rt_systick) refers to rt_list.o(i.rt_get_first) for rt_get_first
    rt_system.o(i.rt_systick) refers to rt_task.o(i.rt_switch_req) for rt_switch_req
    rt_system.o(i.rt_systick) refers to rt_task.o(.data) for os_tsk
    rt_system.o(i.rt_systick) refers to rt_time.o(.data) for os_time
    rt_system.o(i.rt_systick) refers to rt_list.o(.bss) for os_rdy
    rt_system.o(i.rt_tsk_lock) refers to rt_system.o(.data) for .data
    rt_system.o(i.rt_tsk_unlock) refers to rt_system.o(.data) for .data
    rt_event.o(i.isr_evt_set) refers to rt_list.o(i.rt_psq_enq) for rt_psq_enq
    rt_event.o(i.isr_evt_set) refers to rt_system.o(i.rt_psh_req) for rt_psh_req
    rt_event.o(i.isr_evt_set) refers to rtx_conf_cm.o(.bss.os_active_TCB) for os_active_TCB
    rt_event.o(i.rt_evt_clr) refers to rtx_conf_cm.o(.bss.os_active_TCB) for os_active_TCB
    rt_event.o(i.rt_evt_get) refers to rt_task.o(.data) for os_tsk
    rt_event.o(i.rt_evt_psh) refers to rt_list.o(i.rt_rmv_dly) for rt_rmv_dly
    rt_event.o(i.rt_evt_psh) refers to hal_cm.o(i.rt_ret_val2) for rt_ret_val2
    rt_event.o(i.rt_evt_psh) refers to rt_list.o(i.rt_put_prio) for rt_put_prio
    rt_event.o(i.rt_evt_psh) refers to rt_list.o(.bss) for os_rdy
    rt_event.o(i.rt_evt_set) refers to rt_list.o(i.rt_rmv_dly) for rt_rmv_dly
    rt_event.o(i.rt_evt_set) refers to hal_cm.o(i.rt_ret_val2) for rt_ret_val2
    rt_event.o(i.rt_evt_set) refers to rt_task.o(i.rt_dispatch) for rt_dispatch
    rt_event.o(i.rt_evt_set) refers to rtx_conf_cm.o(.bss.os_active_TCB) for os_active_TCB
    rt_event.o(i.rt_evt_wait) refers to rt_task.o(i.rt_block) for rt_block
    rt_event.o(i.rt_evt_wait) refers to rt_task.o(.data) for os_tsk
    rt_list.o(i.rt_dec_dly) refers to rt_list.o(i.rt_put_prio) for rt_put_prio
    rt_list.o(i.rt_dec_dly) refers to rt_list.o(.bss) for .bss
    rt_list.o(i.rt_dec_dly) refers to rt_time.o(.data) for os_time
    rt_list.o(i.rt_get_same_rdy_prio) refers to rt_list.o(.bss) for .bss
    rt_list.o(i.rt_get_same_rdy_prio) refers to rt_task.o(.data) for os_tsk
    rt_list.o(i.rt_psq_enq) refers to rtx_conf_cm.o(.text) for os_error
    rt_list.o(i.rt_psq_enq) refers to rtx_conf_cm.o(.bss.os_fifo) for os_fifo
    rt_list.o(i.rt_put_dly) refers to rt_list.o(.bss) for .bss
    rt_list.o(i.rt_put_rdy_first) refers to rt_list.o(.bss) for .bss
    rt_list.o(i.rt_resort_prio) refers to rt_list.o(i.rt_rmv_list) for rt_rmv_list
    rt_list.o(i.rt_resort_prio) refers to rt_list.o(i.rt_put_prio) for rt_put_prio
    rt_list.o(i.rt_resort_prio) refers to rt_list.o(.bss) for .bss
    rt_list.o(i.rt_rmv_list) refers to rt_list.o(.bss) for .bss
    rt_mailbox.o(i.isr_mbx_receive) refers to rt_list.o(i.rt_psq_enq) for rt_psq_enq
    rt_mailbox.o(i.isr_mbx_receive) refers to rt_system.o(i.rt_psh_req) for rt_psh_req
    rt_mailbox.o(i.isr_mbx_send) refers to rt_list.o(i.rt_psq_enq) for rt_psq_enq
    rt_mailbox.o(i.isr_mbx_send) refers to rt_system.o(i.rt_psh_req) for rt_psh_req
    rt_mailbox.o(i.rt_mbx_psh) refers to rt_membox.o(i.rt_alloc_box) for rt_alloc_box
    rt_mailbox.o(i.rt_mbx_psh) refers to rt_list.o(i.rt_get_first) for rt_get_first
    rt_mailbox.o(i.rt_mbx_psh) refers to hal_cm.o(i.rt_ret_val) for rt_ret_val
    rt_mailbox.o(i.rt_mbx_psh) refers to rt_list.o(i.rt_rmv_dly) for rt_rmv_dly
    rt_mailbox.o(i.rt_mbx_psh) refers to rt_list.o(i.rt_put_prio) for rt_put_prio
    rt_mailbox.o(i.rt_mbx_psh) refers to hal_cm.o(i.rt_ret_val2) for rt_ret_val2
    rt_mailbox.o(i.rt_mbx_psh) refers to rtx_conf_cm.o(.text) for os_error
    rt_mailbox.o(i.rt_mbx_psh) refers to rt_list.o(.bss) for os_rdy
    rt_mailbox.o(i.rt_mbx_send) refers to rt_list.o(i.rt_put_prio) for rt_put_prio
    rt_mailbox.o(i.rt_mbx_send) refers to rt_list.o(i.rt_get_first) for rt_get_first
    rt_mailbox.o(i.rt_mbx_send) refers to hal_cm.o(i.rt_ret_val2) for rt_ret_val2
    rt_mailbox.o(i.rt_mbx_send) refers to rt_list.o(i.rt_rmv_dly) for rt_rmv_dly
    rt_mailbox.o(i.rt_mbx_send) refers to rt_task.o(i.rt_dispatch) for rt_dispatch
    rt_mailbox.o(i.rt_mbx_send) refers to rt_task.o(i.rt_block) for rt_block
    rt_mailbox.o(i.rt_mbx_send) refers to rt_task.o(.data) for os_tsk
    rt_mailbox.o(i.rt_mbx_wait) refers to rt_list.o(i.rt_get_first) for rt_get_first
    rt_mailbox.o(i.rt_mbx_wait) refers to hal_cm.o(i.rt_ret_val) for rt_ret_val
    rt_mailbox.o(i.rt_mbx_wait) refers to rt_list.o(i.rt_rmv_dly) for rt_rmv_dly
    rt_mailbox.o(i.rt_mbx_wait) refers to rt_task.o(i.rt_dispatch) for rt_dispatch
    rt_mailbox.o(i.rt_mbx_wait) refers to rt_list.o(i.rt_put_prio) for rt_put_prio
    rt_mailbox.o(i.rt_mbx_wait) refers to rt_task.o(i.rt_block) for rt_block
    rt_mailbox.o(i.rt_mbx_wait) refers to rt_task.o(.data) for os_tsk
    rt_semaphore.o(i.isr_sem_send) refers to rt_list.o(i.rt_psq_enq) for rt_psq_enq
    rt_semaphore.o(i.isr_sem_send) refers to rt_system.o(i.rt_psh_req) for rt_psh_req
    rt_semaphore.o(i.rt_sem_delete) refers to rt_list.o(i.rt_get_first) for rt_get_first
    rt_semaphore.o(i.rt_sem_delete) refers to hal_cm.o(i.rt_ret_val) for rt_ret_val
    rt_semaphore.o(i.rt_sem_delete) refers to rt_list.o(i.rt_rmv_dly) for rt_rmv_dly
    rt_semaphore.o(i.rt_sem_delete) refers to rt_list.o(i.rt_put_prio) for rt_put_prio
    rt_semaphore.o(i.rt_sem_delete) refers to rt_task.o(i.rt_dispatch) for rt_dispatch
    rt_semaphore.o(i.rt_sem_delete) refers to rt_list.o(.bss) for os_rdy
    rt_semaphore.o(i.rt_sem_delete) refers to rt_task.o(.data) for os_tsk
    rt_semaphore.o(i.rt_sem_psh) refers to rt_list.o(i.rt_get_first) for rt_get_first
    rt_semaphore.o(i.rt_sem_psh) refers to rt_list.o(i.rt_rmv_dly) for rt_rmv_dly
    rt_semaphore.o(i.rt_sem_psh) refers to hal_cm.o(i.rt_ret_val) for rt_ret_val
    rt_semaphore.o(i.rt_sem_psh) refers to rt_list.o(i.rt_put_prio) for rt_put_prio
    rt_semaphore.o(i.rt_sem_psh) refers to rt_list.o(.bss) for os_rdy
    rt_semaphore.o(i.rt_sem_send) refers to rt_list.o(i.rt_get_first) for rt_get_first
    rt_semaphore.o(i.rt_sem_send) refers to hal_cm.o(i.rt_ret_val) for rt_ret_val
    rt_semaphore.o(i.rt_sem_send) refers to rt_list.o(i.rt_rmv_dly) for rt_rmv_dly
    rt_semaphore.o(i.rt_sem_send) refers to rt_task.o(i.rt_dispatch) for rt_dispatch
    rt_semaphore.o(i.rt_sem_wait) refers to rt_list.o(i.rt_put_prio) for rt_put_prio
    rt_semaphore.o(i.rt_sem_wait) refers to rt_task.o(i.rt_block) for rt_block
    rt_semaphore.o(i.rt_sem_wait) refers to rt_task.o(.data) for os_tsk
    rt_time.o(i.rt_dly_wait) refers to rt_task.o(i.rt_block) for rt_block
    rt_time.o(i.rt_itv_set) refers to rt_task.o(.data) for os_tsk
    rt_time.o(i.rt_itv_set) refers to rt_time.o(.data) for .data
    rt_time.o(i.rt_itv_wait) refers to rt_task.o(i.rt_block) for rt_block
    rt_time.o(i.rt_itv_wait) refers to rt_task.o(.data) for os_tsk
    rt_time.o(i.rt_itv_wait) refers to rt_time.o(.data) for .data
    rt_time.o(i.rt_time_get) refers to rt_time.o(.data) for .data
    rt_mutex.o(i.rt_mut_delete) refers to rt_list.o(i.rt_resort_prio) for rt_resort_prio
    rt_mutex.o(i.rt_mut_delete) refers to rt_list.o(i.rt_get_first) for rt_get_first
    rt_mutex.o(i.rt_mut_delete) refers to hal_cm.o(i.rt_ret_val) for rt_ret_val
    rt_mutex.o(i.rt_mut_delete) refers to rt_list.o(i.rt_rmv_dly) for rt_rmv_dly
    rt_mutex.o(i.rt_mut_delete) refers to rt_list.o(i.rt_put_prio) for rt_put_prio
    rt_mutex.o(i.rt_mut_delete) refers to rt_task.o(i.rt_dispatch) for rt_dispatch
    rt_mutex.o(i.rt_mut_delete) refers to rt_task.o(.data) for os_tsk
    rt_mutex.o(i.rt_mut_delete) refers to rt_list.o(.bss) for os_rdy
    rt_mutex.o(i.rt_mut_release) refers to rt_list.o(i.rt_get_first) for rt_get_first
    rt_mutex.o(i.rt_mut_release) refers to hal_cm.o(i.rt_ret_val) for rt_ret_val
    rt_mutex.o(i.rt_mut_release) refers to rt_list.o(i.rt_rmv_dly) for rt_rmv_dly
    rt_mutex.o(i.rt_mut_release) refers to rt_list.o(i.rt_put_prio) for rt_put_prio
    rt_mutex.o(i.rt_mut_release) refers to rt_task.o(i.rt_dispatch) for rt_dispatch
    rt_mutex.o(i.rt_mut_release) refers to rt_task.o(.data) for os_tsk
    rt_mutex.o(i.rt_mut_release) refers to rt_list.o(.bss) for os_rdy
    rt_mutex.o(i.rt_mut_wait) refers to rt_list.o(i.rt_resort_prio) for rt_resort_prio
    rt_mutex.o(i.rt_mut_wait) refers to rt_list.o(i.rt_put_prio) for rt_put_prio
    rt_mutex.o(i.rt_mut_wait) refers to rt_task.o(i.rt_block) for rt_block
    rt_mutex.o(i.rt_mut_wait) refers to rt_task.o(.data) for os_tsk
    rt_membox.o(i._calloc_box) refers to hal_cm3.o(.emb_text) for _alloc_box
    hal_cm.o(i.dbg_init) refers to hal_cm.o(.data) for .data
    hal_cm.o(i.rt_init_stack) refers to rtx_conf_cm.o(.rodata.os_stackinfo) for os_stackinfo
    rt_robin.o(i.rt_chk_robin) refers to rt_list.o(i.rt_get_first) for rt_get_first
    rt_robin.o(i.rt_chk_robin) refers to rt_list.o(i.rt_put_prio) for rt_put_prio
    rt_robin.o(i.rt_chk_robin) refers to rt_robin.o(.data) for .data
    rt_robin.o(i.rt_chk_robin) refers to rt_list.o(.bss) for os_rdy
    rt_robin.o(i.rt_chk_robin) refers to rt_time.o(.data) for os_time
    rt_robin.o(i.rt_init_robin) refers to rt_robin.o(.data) for .data
    rt_robin.o(i.rt_init_robin) refers to rtx_conf_cm.o(.rodata.os_rrobin) for os_rrobin
    hal_cm3.o(.emb_text) refers to rtx_conf_cm.o(.rodata.os_flags) for os_flags
    hal_cm3.o(.emb_text) refers to rt_membox.o(i.rt_alloc_box) for rt_alloc_box
    hal_cm3.o(.emb_text) refers to rt_membox.o(i.rt_free_box) for rt_free_box
    hal_cm3.o(.emb_text) refers to rt_system.o(i.rt_stk_check) for rt_stk_check
    hal_cm3.o(.emb_text) refers to rt_task.o(.data) for os_tsk
    hal_cm3.o(.emb_text) refers to svc_table.o(SVC_TABLE) for SVC_Count
    hal_cm3.o(.emb_text) refers to rt_system.o(i.rt_pop_req) for rt_pop_req
    hal_cm3.o(.emb_text) refers to rt_system.o(i.rt_systick) for rt_systick
    hal_cm3.o(.emb_text) refers to rt_system.o(i.os_tick_irqack) for os_tick_irqack
    entry.o(.ARM.Collect$$$$00000000) refers (Special) to entry10a.o(.ARM.Collect$$$$0000000D) for __rt_final_cpp
    entry.o(.ARM.Collect$$$$00000000) refers (Special) to entry11a.o(.ARM.Collect$$$$0000000F) for __rt_final_exit
    entry.o(.ARM.Collect$$$$00000000) refers (Special) to entry7b.o(.ARM.Collect$$$$00000008) for _main_clock
    entry.o(.ARM.Collect$$$$00000000) refers (Special) to entry8b.o(.ARM.Collect$$$$0000000A) for _main_cpp_init
    entry.o(.ARM.Collect$$$$00000000) refers (Special) to rtx_conf_cm.o(.ARM.Collect$$$$000000FF) for _main_init
    entry.o(.ARM.Collect$$$$00000000) refers (Special) to entry5.o(.ARM.Collect$$$$00000004) for _main_scatterload
    entry.o(.ARM.Collect$$$$00000000) refers (Special) to entry2.o(.ARM.Collect$$$$00000001) for _main_stk
    uldiv.o(.text) refers to llushr.o(.text) for __aeabi_llsr
    uldiv.o(.text) refers to llshl.o(.text) for __aeabi_llsl
    entry2.o(.ARM.Collect$$$$00000001) refers to entry2.o(.ARM.Collect$$$$00002712) for __lit__00000000
    entry2.o(.ARM.Collect$$$$00002712) refers to startup_stm32f10x_md.o(STACK) for __initial_sp
    entry2.o(__vectab_stack_and_reset_area) refers to startup_stm32f10x_md.o(STACK) for __initial_sp
    entry2.o(__vectab_stack_and_reset_area) refers to entry.o(.ARM.Collect$$$$00000000) for __main
    entry5.o(.ARM.Collect$$$$00000004) refers to init.o(.text) for __scatterload
    init.o(.text) refers to entry5.o(.ARM.Collect$$$$00000004) for __main_after_scatterload


==============================================================================

Removing Unused input sections from the image.

    Removing rtx_blinky.o(.ARM.exidx), (24 bytes).
    Removing rtx_blinky.o(.ARM.use_no_argv), (4 bytes).
    Removing buttons_nucleo_f103rb.o(.ARM.exidx), (32 bytes).
    Removing led_nucleo_f103rb.o(.ARM.exidx), (48 bytes).
    Removing led_nucleo_f103rb.o(.rodata.led_mask), (4 bytes).
    Removing rtx_conf_cm.o(.ARM.exidx), (40 bytes).
    Removing rtx_conf_cm.o(.ARM.exidx.ARM.Collect$$$$000000FF), (8 bytes).
    Removing rtx_conf_cm.o(.rodata.os_tickfreq), (4 bytes).
    Removing rtx_conf_cm.o(.rodata.os_tickus_i), (2 bytes).
    Removing rtx_conf_cm.o(.rodata.os_tickus_f), (2 bytes).
    Removing rtx_conf_cm.o(.bss.os_tmr), (4 bytes).
    Removing startup_stm32f10x_md.o(HEAP), (512 bytes).
    Removing system_stm32f10x.o(.ARM.exidx), (16 bytes).
    Removing rt_cmsis.o(.rev16_text), (4 bytes).
    Removing rt_cmsis.o(.revsh_text), (4 bytes).
    Removing rt_cmsis.o(.rrx_text), (6 bytes).
    Removing rt_cmsis.o(i.isrSemaphoreRelease), (40 bytes).
    Removing rt_cmsis.o(i.osKernelRunning), (36 bytes).
    Removing rt_cmsis.o(i.osKernelSysTick), (24 bytes).
    Removing rt_cmsis.o(i.osMailAlloc), (28 bytes).
    Removing rt_cmsis.o(i.osMailCAlloc), (48 bytes).
    Removing rt_cmsis.o(i.osMailCreate), (44 bytes).
    Removing rt_cmsis.o(i.osMailFree), (28 bytes).
    Removing rt_cmsis.o(i.osMailPut), (20 bytes).
    Removing rt_cmsis.o(i.osMessageCreate), (44 bytes).
    Removing rt_cmsis.o(i.osMessagePut), (24 bytes).
    Removing rt_cmsis.o(i.osMutexCreate), (44 bytes).
    Removing rt_cmsis.o(i.osMutexDelete), (24 bytes).
    Removing rt_cmsis.o(i.osMutexRelease), (24 bytes).
    Removing rt_cmsis.o(i.osMutexWait), (24 bytes).
    Removing rt_cmsis.o(i.osPoolAlloc), (32 bytes).
    Removing rt_cmsis.o(i.osPoolCAlloc), (52 bytes).
    Removing rt_cmsis.o(i.osPoolCreate), (44 bytes).
    Removing rt_cmsis.o(i.osPoolFree), (32 bytes).
    Removing rt_cmsis.o(i.osSemaphoreCreate), (44 bytes).
    Removing rt_cmsis.o(i.osSemaphoreDelete), (24 bytes).
    Removing rt_cmsis.o(i.osSemaphoreRelease), (24 bytes).
    Removing rt_cmsis.o(i.osSemaphoreWait), (24 bytes).
    Removing rt_cmsis.o(i.osSignalClear), (24 bytes).
    Removing rt_cmsis.o(i.osThreadGetId), (24 bytes).
    Removing rt_cmsis.o(i.osThreadGetPriority), (24 bytes).
    Removing rt_cmsis.o(i.osThreadSetPriority), (24 bytes).
    Removing rt_cmsis.o(i.osThreadTerminate), (24 bytes).
    Removing rt_cmsis.o(i.osThreadYield), (24 bytes).
    Removing rt_cmsis.o(i.osTimerCreate), (44 bytes).
    Removing rt_cmsis.o(i.osTimerDelete), (24 bytes).
    Removing rt_cmsis.o(i.osTimerStart), (24 bytes).
    Removing rt_cmsis.o(i.osTimerStop), (24 bytes).
    Removing rt_cmsis.o(i.osWait), (4 bytes).
    Removing rt_cmsis.o(i.os_resume), (12 bytes).
    Removing rt_cmsis.o(i.os_suspend), (12 bytes).
    Removing rt_cmsis.o(i.rt_clr_box), (24 bytes).
    Removing rt_cmsis.o(i.rt_timer_remove), (60 bytes).
    Removing rt_cmsis.o(i.svcKernelRunning), (12 bytes).
    Removing rt_cmsis.o(i.svcKernelSysTick), (56 bytes).
    Removing rt_cmsis.o(i.svcMailCreate), (66 bytes).
    Removing rt_cmsis.o(i.svcMessagePut), (54 bytes).
    Removing rt_cmsis.o(i.svcMutexCreate), (28 bytes).
    Removing rt_cmsis.o(i.svcMutexDelete), (26 bytes).
    Removing rt_cmsis.o(i.svcMutexRelease), (34 bytes).
    Removing rt_cmsis.o(i.svcMutexWait), (58 bytes).
    Removing rt_cmsis.o(i.svcPoolCreate), (40 bytes).
    Removing rt_cmsis.o(i.svcSemaphoreCreate), (36 bytes).
    Removing rt_cmsis.o(i.svcSemaphoreDelete), (26 bytes).
    Removing rt_cmsis.o(i.svcSemaphoreRelease), (40 bytes).
    Removing rt_cmsis.o(i.svcSemaphoreWait), (50 bytes).
    Removing rt_cmsis.o(i.svcSignalClear), (36 bytes).
    Removing rt_cmsis.o(i.svcThreadGetPriority), (18 bytes).
    Removing rt_cmsis.o(i.svcThreadSetPriority), (46 bytes).
    Removing rt_cmsis.o(i.svcThreadYield), (10 bytes).
    Removing rt_cmsis.o(i.svcTimerCreate), (56 bytes).
    Removing rt_cmsis.o(i.svcTimerDelete), (40 bytes).
    Removing rt_cmsis.o(i.svcTimerStart), (100 bytes).
    Removing rt_cmsis.o(i.svcTimerStop), (36 bytes).
    Removing rt_cmsis.o(i.sysMailAlloc), (88 bytes).
    Removing rt_cmsis.o(i.sysMailFree), (96 bytes).
    Removing rt_cmsis.o(i.sysPoolAlloc), (10 bytes).
    Removing rt_cmsis.o(i.sysPoolFree), (20 bytes).
    Removing rt_cmsis.o(i.sysUserTimerUpdate), (48 bytes).
    Removing rt_cmsis.o(i.sysUserTimerWakeupTime), (20 bytes).
    Removing rt_task.o(i.rt_tsk_pass), (48 bytes).
    Removing rt_system.o(.emb_text), (0 bytes).
    Removing rt_system.o(i.os_tick_ovf), (16 bytes).
    Removing rt_system.o(i.os_tick_val), (20 bytes).
    Removing rt_system.o(i.rt_resume), (136 bytes).
    Removing rt_system.o(i.rt_suspend), (36 bytes).
    Removing rt_system.o(i.rt_tsk_lock), (80 bytes).
    Removing rt_system.o(i.rt_tsk_unlock), (80 bytes).
    Removing rt_event.o(i.rt_evt_clr), (28 bytes).
    Removing rt_event.o(i.rt_evt_get), (12 bytes).
    Removing rt_list.o(i.rt_get_same_rdy_prio), (36 bytes).
    Removing rt_mailbox.o(i.rt_mbx_send), (152 bytes).
    Removing rt_semaphore.o(i.isr_sem_send), (16 bytes).
    Removing rt_semaphore.o(i.rt_sem_delete), (92 bytes).
    Removing rt_semaphore.o(i.rt_sem_init), (12 bytes).
    Removing rt_semaphore.o(i.rt_sem_send), (42 bytes).
    Removing rt_semaphore.o(i.rt_sem_wait), (64 bytes).
    Removing rt_time.o(i.rt_itv_set), (24 bytes).
    Removing rt_time.o(i.rt_itv_wait), (40 bytes).
    Removing rt_time.o(i.rt_time_get), (12 bytes).
    Removing rt_mutex.o(i.rt_mut_delete), (176 bytes).
    Removing rt_mutex.o(i.rt_mut_init), (16 bytes).
    Removing rt_mutex.o(i.rt_mut_release), (216 bytes).
    Removing rt_mutex.o(i.rt_mut_wait), (120 bytes).
    Removing rt_membox.o(i._calloc_box), (30 bytes).

105 unused section(s) (total 4468 bytes) removed from the image.

==============================================================================

Image Symbol Table

    Local Symbols

    Symbol Name                              Value     Ov Type        Size  Object(Section)

    ../clib/microlib/division.c              0x00000000   Number         0  uldiv.o ABSOLUTE
    ../clib/microlib/init/entry.s            0x00000000   Number         0  entry.o ABSOLUTE
    ../clib/microlib/init/entry.s            0x00000000   Number         0  entry2.o ABSOLUTE
    ../clib/microlib/init/entry.s            0x00000000   Number         0  entry5.o ABSOLUTE
    ../clib/microlib/init/entry.s            0x00000000   Number         0  entry7a.o ABSOLUTE
    ../clib/microlib/init/entry.s            0x00000000   Number         0  entry7b.o ABSOLUTE
    ../clib/microlib/init/entry.s            0x00000000   Number         0  entry8a.o ABSOLUTE
    ../clib/microlib/init/entry.s            0x00000000   Number         0  entry8b.o ABSOLUTE
    ../clib/microlib/init/entry.s            0x00000000   Number         0  entry10a.o ABSOLUTE
    ../clib/microlib/init/entry.s            0x00000000   Number         0  entry10b.o ABSOLUTE
    ../clib/microlib/init/entry.s            0x00000000   Number         0  entry11a.o ABSOLUTE
    ../clib/microlib/init/entry.s            0x00000000   Number         0  entry11b.o ABSOLUTE
    ../clib/microlib/longlong.c              0x00000000   Number         0  llshl.o ABSOLUTE
    ../clib/microlib/longlong.c              0x00000000   Number         0  llushr.o ABSOLUTE
    ..\HAL_CM.c                              0x00000000   Number         0  hal_cm.o ABSOLUTE
    ..\\rt_CMSIS.c                           0x00000000   Number         0  rt_cmsis.o ABSOLUTE
    ..\\rt_System.c                          0x00000000   Number         0  rt_system.o ABSOLUTE
    ..\rt_CMSIS.c                            0x00000000   Number         0  rt_cmsis.o ABSOLUTE
    ..\rt_Event.c                            0x00000000   Number         0  rt_event.o ABSOLUTE
    ..\rt_List.c                             0x00000000   Number         0  rt_list.o ABSOLUTE
    ..\rt_Mailbox.c                          0x00000000   Number         0  rt_mailbox.o ABSOLUTE
    ..\rt_MemBox.c                           0x00000000   Number         0  rt_membox.o ABSOLUTE
    ..\rt_Memory.c                           0x00000000   Number         0  rt_memory.o ABSOLUTE
    ..\rt_Mutex.c                            0x00000000   Number         0  rt_mutex.o ABSOLUTE
    ..\rt_Robin.c                            0x00000000   Number         0  rt_robin.o ABSOLUTE
    ..\rt_Semaphore.c                        0x00000000   Number         0  rt_semaphore.o ABSOLUTE
    ..\rt_System.c                           0x00000000   Number         0  rt_system.o ABSOLUTE
    ..\rt_Task.c                             0x00000000   Number         0  rt_task.o ABSOLUTE
    ..\rt_Time.c                             0x00000000   Number         0  rt_time.o ABSOLUTE
    Buttons_NUCLEO_F103RB.c                  0x00000000   Number         0  buttons_nucleo_f103rb.o ABSOLUTE
    HAL_CM3.c                                0x00000000   Number         0  hal_cm3.o ABSOLUTE
    HAL_CM3.c                                0x00000000   Number         0  hal_cm3.o ABSOLUTE
    LED_NUCLEO_F103RB.c                      0x00000000   Number         0  led_nucleo_f103rb.o ABSOLUTE
    RTE/Device/STM32F103RB/startup_stm32f10x_md.s 0x00000000   Number         0  startup_stm32f10x_md.o ABSOLUTE
    RTX_Blinky.c                             0x00000000   Number         0  rtx_blinky.o ABSOLUTE
    RTX_Conf_CM.c                            0x00000000   Number         0  rtx_conf_cm.o ABSOLUTE
    SVC_Table.s                              0x00000000   Number         0  svc_table.o ABSOLUTE
    dc.s                                     0x00000000   Number         0  dc.o ABSOLUTE
    handlers.s                               0x00000000   Number         0  handlers.o ABSOLUTE
    init.s                                   0x00000000   Number         0  init.o ABSOLUTE
    system_stm32f10x.c                       0x00000000   Number         0  system_stm32f10x.o ABSOLUTE
    RESET                                    0x08000000   Section      236  startup_stm32f10x_md.o(RESET)
    .ARM.Collect$$$$00000000                 0x080000ec   Section        0  entry.o(.ARM.Collect$$$$00000000)
    .ARM.Collect$$$$00000001                 0x080000ec   Section        4  entry2.o(.ARM.Collect$$$$00000001)
    .ARM.Collect$$$$00000004                 0x080000f0   Section        4  entry5.o(.ARM.Collect$$$$00000004)
    [Anonymous Symbol]                       0x080000f4   Section        0  rtx_conf_cm.o(.ARM.Collect$$$$000000FF)
    .ARM.Collect$$$$00000008                 0x080000f4   Section        0  entry7b.o(.ARM.Collect$$$$00000008)
    .ARM.Collect$$$$0000000A                 0x080000f4   Section        0  entry8b.o(.ARM.Collect$$$$0000000A)
    .ARM.Collect$$$$0000000D                 0x080000f4   Section        0  entry10a.o(.ARM.Collect$$$$0000000D)
    .ARM.Collect$$$$0000000F                 0x080000f4   Section        0  entry11a.o(.ARM.Collect$$$$0000000F)
    __lit__00000000                          0x08000110   Data           4  entry2.o(.ARM.Collect$$$$00002712)
    .ARM.Collect$$$$00002712                 0x08000110   Section        4  entry2.o(.ARM.Collect$$$$00002712)
    .emb_text                                0x08000114   Section      304  hal_cm3.o(.emb_text)
    [Anonymous Symbol]                       0x08000244   Section        0  rtx_blinky.o(.text)
    [Anonymous Symbol]                       0x0800037c   Section        0  buttons_nucleo_f103rb.o(.text)
    [Anonymous Symbol]                       0x080003d4   Section        0  led_nucleo_f103rb.o(.text)
    [Anonymous Symbol]                       0x0800045c   Section        0  rtx_conf_cm.o(.text)
    .text                                    0x080004a0   Section       36  startup_stm32f10x_md.o(.text)
    [Anonymous Symbol]                       0x080004c4   Section        0  system_stm32f10x.o(.text)
    .text                                    0x08000644   Section       36  init.o(.text)
    SVC_TABLE                                0x08000668   Section        4  svc_table.o(SVC_TABLE)
    i.__scatterload_copy                     0x0800066c   Section       14  handlers.o(i.__scatterload_copy)
    i.__scatterload_null                     0x0800067a   Section        2  handlers.o(i.__scatterload_null)
    i.__scatterload_zeroinit                 0x0800067c   Section       14  handlers.o(i.__scatterload_zeroinit)
    i._init_box                              0x0800068a   Section        0  rt_membox.o(i._init_box)
    i.dbg_init                               0x080006d0   Section        0  hal_cm.o(i.dbg_init)
    i.dbg_task_notify                        0x08000700   Section        0  hal_cm.o(i.dbg_task_notify)
    i.dbg_task_switch                        0x08000720   Section        0  hal_cm.o(i.dbg_task_switch)
    i.isrMessageGet                          0x08000730   Section        0  rt_cmsis.o(i.isrMessageGet)
    i.isrMessagePut                          0x0800075a   Section        0  rt_cmsis.o(i.isrMessagePut)
    i.isrSignalSet                           0x08000786   Section        0  rt_cmsis.o(i.isrSignalSet)
    i.isr_evt_set                            0x080007ac   Section        0  rt_event.o(i.isr_evt_set)
    i.isr_mbx_receive                        0x080007d4   Section        0  rt_mailbox.o(i.isr_mbx_receive)
    i.isr_mbx_send                           0x0800082a   Section        0  rt_mailbox.o(i.isr_mbx_send)
    i.osDelay                                0x08000838   Section        0  rt_cmsis.o(i.osDelay)
    i.osKernelInitialize                     0x08000850   Section        0  rt_cmsis.o(i.osKernelInitialize)
    i.osKernelStart                          0x08000874   Section        0  rt_cmsis.o(i.osKernelStart)
    i.osMailGet                              0x080008e0   Section        0  rt_cmsis.o(i.osMailGet)
    i.osMessageGet                           0x080008f8   Section        0  rt_cmsis.o(i.osMessageGet)
    i.osSignalSet                            0x08000910   Section        0  rt_cmsis.o(i.osSignalSet)
    i.osSignalWait                           0x08000928   Section        0  rt_cmsis.o(i.osSignalWait)
    i.osThreadCreate                         0x08000940   Section        0  rt_cmsis.o(i.osThreadCreate)
    i.osThreadExit                           0x0800096c   Section        0  rt_cmsis.o(i.osThreadExit)
    i.osTimerCall                            0x08000984   Section        0  rt_cmsis.o(i.osTimerCall)
    i.osTimerThread                          0x08000990   Section        0  rt_cmsis.o(i.osTimerThread)
    i.os_tick_init                           0x080009bc   Section        0  rt_system.o(i.os_tick_init)
    i.os_tick_irqack                         0x080009e4   Section        0  rt_system.o(i.os_tick_irqack)
    i.rt_alloc_box                           0x080009e6   Section        0  rt_membox.o(i.rt_alloc_box)
    i.rt_alloc_mem                           0x08000a00   Section        0  rt_memory.o(i.rt_alloc_mem)
    i.rt_block                               0x08000a40   Section        0  rt_task.o(i.rt_block)
    i.rt_chk_robin                           0x08000a78   Section        0  rt_robin.o(i.rt_chk_robin)
    i.rt_dec_dly                             0x08000ac0   Section        0  rt_list.o(i.rt_dec_dly)
    i.rt_dispatch                            0x08000b30   Section        0  rt_task.o(i.rt_dispatch)
    i.rt_dly_wait                            0x08000b74   Section        0  rt_time.o(i.rt_dly_wait)
    i.rt_evt_psh                             0x08000b7c   Section        0  rt_event.o(i.rt_evt_psh)
    i.rt_evt_set                             0x08000bcc   Section        0  rt_event.o(i.rt_evt_set)
    i.rt_evt_wait                            0x08000c28   Section        0  rt_event.o(i.rt_evt_wait)
    i.rt_free_box                            0x08000c64   Section        0  rt_membox.o(i.rt_free_box)
    i.rt_free_mem                            0x08000c90   Section        0  rt_memory.o(i.rt_free_mem)
    i.rt_get_first                           0x08000cb8   Section        0  rt_list.o(i.rt_get_first)
    rt_id2obj                                0x08000ce1   Thumb Code     8  rt_cmsis.o(i.rt_id2obj)
    i.rt_id2obj                              0x08000ce0   Section        0  rt_cmsis.o(i.rt_id2obj)
    rt_init_context                          0x08000ce9   Thumb Code    66  rt_task.o(i.rt_init_context)
    i.rt_init_context                        0x08000ce8   Section        0  rt_task.o(i.rt_init_context)
    i.rt_init_mem                            0x08000d30   Section        0  rt_memory.o(i.rt_init_mem)
    i.rt_init_robin                          0x08000d4c   Section        0  rt_robin.o(i.rt_init_robin)
    i.rt_init_stack                          0x08000d64   Section        0  hal_cm.o(i.rt_init_stack)
    i.rt_mbx_check                           0x08000de4   Section        0  rt_mailbox.o(i.rt_mbx_check)
    i.rt_mbx_init                            0x08000dec   Section        0  rt_mailbox.o(i.rt_mbx_init)
    i.rt_mbx_psh                             0x08000e08   Section        0  rt_mailbox.o(i.rt_mbx_psh)
    i.rt_mbx_wait                            0x08000ef8   Section        0  rt_mailbox.o(i.rt_mbx_wait)
    rt_ms2tick                               0x08000fad   Thumb Code    58  rt_cmsis.o(i.rt_ms2tick)
    i.rt_ms2tick                             0x08000fac   Section        0  rt_cmsis.o(i.rt_ms2tick)
    i.rt_pop_req                             0x08000ff0   Section        0  rt_system.o(i.rt_pop_req)
    i.rt_psh_req                             0x0800106c   Section        0  rt_system.o(i.rt_psh_req)
    i.rt_psq_enq                             0x0800108c   Section        0  rt_list.o(i.rt_psq_enq)
    i.rt_put_dly                             0x080010e8   Section        0  rt_list.o(i.rt_put_dly)
    i.rt_put_prio                            0x08001130   Section        0  rt_list.o(i.rt_put_prio)
    i.rt_put_rdy_first                       0x08001168   Section        0  rt_list.o(i.rt_put_rdy_first)
    i.rt_resort_prio                         0x0800117c   Section        0  rt_list.o(i.rt_resort_prio)
    i.rt_ret_val                             0x080011b0   Section        0  hal_cm.o(i.rt_ret_val)
    i.rt_ret_val2                            0x080011b6   Section        0  hal_cm.o(i.rt_ret_val2)
    i.rt_rmv_dly                             0x080011be   Section        0  rt_list.o(i.rt_rmv_dly)
    i.rt_rmv_list                            0x080011e8   Section        0  rt_list.o(i.rt_rmv_list)
    i.rt_sem_psh                             0x08001218   Section        0  rt_semaphore.o(i.rt_sem_psh)
    i.rt_stk_check                           0x0800124c   Section        0  rt_system.o(i.rt_stk_check)
    i.rt_switch_req                          0x08001270   Section        0  rt_task.o(i.rt_switch_req)
    i.rt_sys_init                            0x08001298   Section        0  rt_task.o(i.rt_sys_init)
    i.rt_sys_start                           0x08001364   Section        0  rt_task.o(i.rt_sys_start)
    i.rt_systick                             0x080013dc   Section        0  rt_system.o(i.rt_systick)
    rt_tid2ptcb                              0x0800141d   Thumb Code    18  rt_cmsis.o(i.rt_tid2ptcb)
    i.rt_tid2ptcb                            0x0800141c   Section        0  rt_cmsis.o(i.rt_tid2ptcb)
    rt_timer_insert                          0x08001431   Thumb Code    48  rt_cmsis.o(i.rt_timer_insert)
    i.rt_timer_insert                        0x08001430   Section        0  rt_cmsis.o(i.rt_timer_insert)
    i.rt_tsk_create                          0x08001464   Section        0  rt_task.o(i.rt_tsk_create)
    i.rt_tsk_delete                          0x080014ec   Section        0  rt_task.o(i.rt_tsk_delete)
    i.rt_tsk_prio                            0x08001668   Section        0  rt_task.o(i.rt_tsk_prio)
    i.rt_tsk_self                            0x080016e4   Section        0  rt_task.o(i.rt_tsk_self)
    i.svcDelay                               0x080016f4   Section        0  rt_cmsis.o(i.svcDelay)
    i.svcKernelInitialize                    0x08001708   Section        0  rt_cmsis.o(i.svcKernelInitialize)
    i.svcKernelStart                         0x08001778   Section        0  rt_cmsis.o(i.svcKernelStart)
    i.svcMessageCreate                       0x080017c0   Section        0  rt_cmsis.o(i.svcMessageCreate)
    i.svcMessageGet                          0x080017e4   Section        0  rt_cmsis.o(i.svcMessageGet)
    i.svcSignalSet                           0x0800181e   Section        0  rt_cmsis.o(i.svcSignalSet)
    i.svcSignalWait                          0x08001844   Section        0  rt_cmsis.o(i.svcSignalWait)
    i.svcThreadCreate                        0x08001898   Section        0  rt_cmsis.o(i.svcThreadCreate)
    i.svcThreadGetId                         0x08001904   Section        0  rt_cmsis.o(i.svcThreadGetId)
    i.svcThreadTerminate                     0x08001920   Section        0  rt_cmsis.o(i.svcThreadTerminate)
    i.svcTimerCall                           0x08001958   Section        0  rt_cmsis.o(i.svcTimerCall)
    i.sysTimerTick                           0x08001970   Section        0  rt_cmsis.o(i.sysTimerTick)
    __tagsym$$used.0                         0x080019dc   Number         0  rtx_conf_cm.o(.rodata.CMSIS_RTOS_API_Version)
    __tagsym$$used.1                         0x080019e0   Number         0  rtx_conf_cm.o(.rodata.CMSIS_RTOS_RTX_Version)
    __tagsym$$used.2                         0x080019ec   Number         0  rtx_conf_cm.o(.rodata.os_clockrate)
    __tagsym$$used.3                         0x08001a38   Number         0  rtx_conf_cm.o(.rodata.os_timernum)
    .data                                    0x20000000   Section        8  rt_cmsis.o(.data)
    .data                                    0x20000008   Section        8  rt_task.o(.data)
    os_lock                                  0x20000010   Data           1  rt_system.o(.data)
    .data                                    0x20000010   Section        8  rt_system.o(.data)
    os_psh_flag                              0x20000011   Data           1  rt_system.o(.data)
    pend_flags                               0x20000012   Data           1  rt_system.o(.data)
    .data                                    0x20000018   Section        4  rt_time.o(.data)
    .data                                    0x2000001c   Section        1  hal_cm.o(.data)
    .data                                    0x20000020   Section        8  rt_robin.o(.data)
    .bss                                     0x20000030   Section       52  rt_task.o(.bss)
    .bss                                     0x20000064   Section       48  rt_list.o(.bss)
    STACK                                    0x20000550   Section     1024  startup_stm32f10x_md.o(STACK)

    Global Symbols

    Symbol Name                              Value     Ov Type        Size  Object(Section)

    BuildAttributes$$THM_ISAv4$P$D$K$B$S$PE$A:L22UL41UL21$X:L11$S22US41US21$IEEE1$IW$~IW$USESV6$~STKCKD$USESV7$~SHL$OTIME$EBA8$MICROLIB$REQ8$PRES8$EABIv2 0x00000000   Number         0  anon$$obj.o ABSOLUTE
    __cpp_initialize__aeabi_                  - Undefined Weak Reference
    __cxa_finalize                            - Undefined Weak Reference
    __decompress                              - Undefined Weak Reference
    _clock_init                               - Undefined Weak Reference
    _microlib_exit                            - Undefined Weak Reference
    __Vectors_Size                           0x000000ec   Number         0  startup_stm32f10x_md.o ABSOLUTE
    __RL_RTX_VER                             0x00000482   Number         0  rt_system.o ABSOLUTE
    __Vectors                                0x08000000   Data           4  startup_stm32f10x_md.o(RESET)
    __Vectors_End                            0x080000ec   Data           0  startup_stm32f10x_md.o(RESET)
    __main                                   0x080000ed   Thumb Code     0  entry.o(.ARM.Collect$$$$00000000)
    _main_stk                                0x080000ed   Thumb Code     0  entry2.o(.ARM.Collect$$$$00000001)
    _main_scatterload                        0x080000f1   Thumb Code     0  entry5.o(.ARM.Collect$$$$00000004)
    __main_after_scatterload                 0x080000f5   Thumb Code     0  entry5.o(.ARM.Collect$$$$00000004)
    __rt_final_cpp                           0x080000f5   Thumb Code     0  entry10a.o(.ARM.Collect$$$$0000000D)
    __rt_final_exit                          0x080000f5   Thumb Code     0  entry11a.o(.ARM.Collect$$$$0000000F)
    _main_clock                              0x080000f5   Thumb Code     0  entry7b.o(.ARM.Collect$$$$00000008)
    _main_cpp_init                           0x080000f5   Thumb Code     0  entry8b.o(.ARM.Collect$$$$0000000A)
    _main_init                               0x080000f5   Thumb Code    26  rtx_conf_cm.o(.ARM.Collect$$$$000000FF)
    rt_set_PSP                               0x08000115   Thumb Code     6  hal_cm3.o(.emb_text)
    rt_get_PSP                               0x0800011b   Thumb Code     6  hal_cm3.o(.emb_text)
    os_set_env                               0x08000121   Thumb Code    24  hal_cm3.o(.emb_text)
    _alloc_box                               0x0800013d   Thumb Code    28  hal_cm3.o(.emb_text)
    _free_box                                0x0800015d   Thumb Code    28  hal_cm3.o(.emb_text)
    SVC_Handler                              0x0800017d   Thumb Code   108  hal_cm3.o(.emb_text)
    PendSV_Handler                           0x080001f5   Thumb Code    56  hal_cm3.o(.emb_text)
    SysTick_Handler                          0x08000231   Thumb Code     8  hal_cm3.o(.emb_text)
    OS_Tick_Handler                          0x08000239   Thumb Code    12  hal_cm3.o(.emb_text)
    SystemCoreClockConfigure                 0x08000245   Thumb Code   156  rtx_blinky.o(.text)
    blinkLED                                 0x080002e1   Thumb Code    62  rtx_blinky.o(.text)
    main                                     0x08000321   Thumb Code    90  rtx_blinky.o(.text)
    Buttons_Initialize                       0x0800037d   Thumb Code    44  buttons_nucleo_f103rb.o(.text)
    Buttons_Uninitialize                     0x080003a9   Thumb Code    20  buttons_nucleo_f103rb.o(.text)
    Buttons_GetState                         0x080003bd   Thumb Code    18  buttons_nucleo_f103rb.o(.text)
    Buttons_GetCount                         0x080003d1   Thumb Code     4  buttons_nucleo_f103rb.o(.text)
    LED_Initialize                           0x080003d5   Thumb Code    44  led_nucleo_f103rb.o(.text)
    LED_Uninitialize                         0x08000401   Thumb Code     4  led_nucleo_f103rb.o(.text)
    LED_On                                   0x08000405   Thumb Code    26  led_nucleo_f103rb.o(.text)
    LED_Off                                  0x08000421   Thumb Code    28  led_nucleo_f103rb.o(.text)
    LED_SetOut                               0x0800043d   Thumb Code    28  led_nucleo_f103rb.o(.text)
    LED_GetCount                             0x08000459   Thumb Code     4  led_nucleo_f103rb.o(.text)
    os_idle_demon                            0x0800045d   Thumb Code     2  rtx_conf_cm.o(.text)
    os_error                                 0x08000461   Thumb Code     2  rtx_conf_cm.o(.text)
    __osSignalWait                           0x08000465   Thumb Code    18  rtx_conf_cm.o(.text)
    __osMessageGet                           0x08000479   Thumb Code    18  rtx_conf_cm.o(.text)
    __osMailGet                              0x0800048d   Thumb Code    18  rtx_conf_cm.o(.text)
    Reset_Handler                            0x080004a1   Thumb Code     8  startup_stm32f10x_md.o(.text)
    NMI_Handler                              0x080004a9   Thumb Code     2  startup_stm32f10x_md.o(.text)
    HardFault_Handler                        0x080004ab   Thumb Code     2  startup_stm32f10x_md.o(.text)
    MemManage_Handler                        0x080004ad   Thumb Code     2  startup_stm32f10x_md.o(.text)
    BusFault_Handler                         0x080004af   Thumb Code     2  startup_stm32f10x_md.o(.text)
    UsageFault_Handler                       0x080004b1   Thumb Code     2  startup_stm32f10x_md.o(.text)
    DebugMon_Handler                         0x080004b5   Thumb Code     2  startup_stm32f10x_md.o(.text)
    ADC1_2_IRQHandler                        0x080004bb   Thumb Code     0  startup_stm32f10x_md.o(.text)
    CAN1_RX1_IRQHandler                      0x080004bb   Thumb Code     0  startup_stm32f10x_md.o(.text)
    CAN1_SCE_IRQHandler                      0x080004bb   Thumb Code     0  startup_stm32f10x_md.o(.text)
    DMA1_Channel1_IRQHandler                 0x080004bb   Thumb Code     0  startup_stm32f10x_md.o(.text)
    DMA1_Channel2_IRQHandler                 0x080004bb   Thumb Code     0  startup_stm32f10x_md.o(.text)
    DMA1_Channel3_IRQHandler                 0x080004bb   Thumb Code     0  startup_stm32f10x_md.o(.text)
    DMA1_Channel4_IRQHandler                 0x080004bb   Thumb Code     0  startup_stm32f10x_md.o(.text)
    DMA1_Channel5_IRQHandler                 0x080004bb   Thumb Code     0  startup_stm32f10x_md.o(.text)
    DMA1_Channel6_IRQHandler                 0x080004bb   Thumb Code     0  startup_stm32f10x_md.o(.text)
    DMA1_Channel7_IRQHandler                 0x080004bb   Thumb Code     0  startup_stm32f10x_md.o(.text)
    EXTI0_IRQHandler                         0x080004bb   Thumb Code     0  startup_stm32f10x_md.o(.text)
    EXTI15_10_IRQHandler                     0x080004bb   Thumb Code     0  startup_stm32f10x_md.o(.text)
    EXTI1_IRQHandler                         0x080004bb   Thumb Code     0  startup_stm32f10x_md.o(.text)
    EXTI2_IRQHandler                         0x080004bb   Thumb Code     0  startup_stm32f10x_md.o(.text)
    EXTI3_IRQHandler                         0x080004bb   Thumb Code     0  startup_stm32f10x_md.o(.text)
    EXTI4_IRQHandler                         0x080004bb   Thumb Code     0  startup_stm32f10x_md.o(.text)
    EXTI9_5_IRQHandler                       0x080004bb   Thumb Code     0  startup_stm32f10x_md.o(.text)
    FLASH_IRQHandler                         0x080004bb   Thumb Code     0  startup_stm32f10x_md.o(.text)
    I2C1_ER_IRQHandler                       0x080004bb   Thumb Code     0  startup_stm32f10x_md.o(.text)
    I2C1_EV_IRQHandler                       0x080004bb   Thumb Code     0  startup_stm32f10x_md.o(.text)
    I2C2_ER_IRQHandler                       0x080004bb   Thumb Code     0  startup_stm32f10x_md.o(.text)
    I2C2_EV_IRQHandler                       0x080004bb   Thumb Code     0  startup_stm32f10x_md.o(.text)
    PVD_IRQHandler                           0x080004bb   Thumb Code     0  startup_stm32f10x_md.o(.text)
    RCC_IRQHandler                           0x080004bb   Thumb Code     0  startup_stm32f10x_md.o(.text)
    RTCAlarm_IRQHandler                      0x080004bb   Thumb Code     0  startup_stm32f10x_md.o(.text)
    RTC_IRQHandler                           0x080004bb   Thumb Code     0  startup_stm32f10x_md.o(.text)
    SPI1_IRQHandler                          0x080004bb   Thumb Code     0  startup_stm32f10x_md.o(.text)
    SPI2_IRQHandler                          0x080004bb   Thumb Code     0  startup_stm32f10x_md.o(.text)
    TAMPER_IRQHandler                        0x080004bb   Thumb Code     0  startup_stm32f10x_md.o(.text)
    TIM1_BRK_IRQHandler                      0x080004bb   Thumb Code     0  startup_stm32f10x_md.o(.text)
    TIM1_CC_IRQHandler                       0x080004bb   Thumb Code     0  startup_stm32f10x_md.o(.text)
    TIM1_TRG_COM_IRQHandler                  0x080004bb   Thumb Code     0  startup_stm32f10x_md.o(.text)
    TIM1_UP_IRQHandler                       0x080004bb   Thumb Code     0  startup_stm32f10x_md.o(.text)
    TIM2_IRQHandler                          0x080004bb   Thumb Code     0  startup_stm32f10x_md.o(.text)
    TIM3_IRQHandler                          0x080004bb   Thumb Code     0  startup_stm32f10x_md.o(.text)
    TIM4_IRQHandler                          0x080004bb   Thumb Code     0  startup_stm32f10x_md.o(.text)
    USART1_IRQHandler                        0x080004bb   Thumb Code     0  startup_stm32f10x_md.o(.text)
    USART2_IRQHandler                        0x080004bb   Thumb Code     0  startup_stm32f10x_md.o(.text)
    USART3_IRQHandler                        0x080004bb   Thumb Code     0  startup_stm32f10x_md.o(.text)
    USBWakeUp_IRQHandler                     0x080004bb   Thumb Code     0  startup_stm32f10x_md.o(.text)
    USB_HP_CAN1_TX_IRQHandler                0x080004bb   Thumb Code     0  startup_stm32f10x_md.o(.text)
    USB_LP_CAN1_RX0_IRQHandler               0x080004bb   Thumb Code     0  startup_stm32f10x_md.o(.text)
    WWDG_IRQHandler                          0x080004bb   Thumb Code     0  startup_stm32f10x_md.o(.text)
    SystemInit                               0x080004c5   Thumb Code   272  system_stm32f10x.o(.text)
    SystemCoreClockUpdate                    0x080005d5   Thumb Code   110  system_stm32f10x.o(.text)
    __scatterload                            0x08000645   Thumb Code    28  init.o(.text)
    __scatterload_rt2                        0x08000645   Thumb Code     0  init.o(.text)
    SVC_Count                                0x08000668   Data           4  svc_table.o(SVC_TABLE)
    SVC_Table                                0x0800066c   Data           0  svc_table.o(SVC_TABLE)
    __scatterload_copy                       0x0800066d   Thumb Code    14  handlers.o(i.__scatterload_copy)
    __scatterload_null                       0x0800067b   Thumb Code     2  handlers.o(i.__scatterload_null)
    __scatterload_zeroinit                   0x0800067d   Thumb Code    14  handlers.o(i.__scatterload_zeroinit)
    _init_box                                0x0800068b   Thumb Code    70  rt_membox.o(i._init_box)
    dbg_init                                 0x080006d1   Thumb Code    34  hal_cm.o(i.dbg_init)
    dbg_task_notify                          0x08000701   Thumb Code    32  hal_cm.o(i.dbg_task_notify)
    dbg_task_switch                          0x08000721   Thumb Code    16  hal_cm.o(i.dbg_task_switch)
    isrMessageGet                            0x08000731   Thumb Code    42  rt_cmsis.o(i.isrMessageGet)
    isrMessagePut                            0x0800075b   Thumb Code    44  rt_cmsis.o(i.isrMessagePut)
    isrSignalSet                             0x08000787   Thumb Code    36  rt_cmsis.o(i.isrSignalSet)
    isr_evt_set                              0x080007ad   Thumb Code    34  rt_event.o(i.isr_evt_set)
    isr_mbx_receive                          0x080007d5   Thumb Code    86  rt_mailbox.o(i.isr_mbx_receive)
    isr_mbx_send                             0x0800082b   Thumb Code    14  rt_mailbox.o(i.isr_mbx_send)
    osDelay                                  0x08000839   Thumb Code    18  rt_cmsis.o(i.osDelay)
    osKernelInitialize                       0x08000851   Thumb Code    30  rt_cmsis.o(i.osKernelInitialize)
    osKernelStart                            0x08000875   Thumb Code    98  rt_cmsis.o(i.osKernelStart)
    osMailGet                                0x080008e1   Thumb Code    22  rt_cmsis.o(i.osMailGet)
    osMessageGet                             0x080008f9   Thumb Code    18  rt_cmsis.o(i.osMessageGet)
    osSignalSet                              0x08000911   Thumb Code    18  rt_cmsis.o(i.osSignalSet)
    osSignalWait                             0x08000929   Thumb Code    18  rt_cmsis.o(i.osSignalWait)
    osThreadCreate                           0x08000941   Thumb Code    36  rt_cmsis.o(i.osThreadCreate)
    osThreadExit                             0x0800096d   Thumb Code    14  rt_cmsis.o(i.osThreadExit)
    osTimerCall                              0x08000985   Thumb Code     8  rt_cmsis.o(i.osTimerCall)
    osTimerThread                            0x08000991   Thumb Code    38  rt_cmsis.o(i.osTimerThread)
    os_tick_init                             0x080009bd   Thumb Code    32  rt_system.o(i.os_tick_init)
    os_tick_irqack                           0x080009e5   Thumb Code     2  rt_system.o(i.os_tick_irqack)
    rt_alloc_box                             0x080009e7   Thumb Code    26  rt_membox.o(i.rt_alloc_box)
    rt_alloc_mem                             0x08000a01   Thumb Code    62  rt_memory.o(i.rt_alloc_mem)
    rt_block                                 0x08000a41   Thumb Code    48  rt_task.o(i.rt_block)
    rt_chk_robin                             0x08000a79   Thumb Code    60  rt_robin.o(i.rt_chk_robin)
    rt_dec_dly                               0x08000ac1   Thumb Code   102  rt_list.o(i.rt_dec_dly)
    rt_dispatch                              0x08000b31   Thumb Code    60  rt_task.o(i.rt_dispatch)
    rt_dly_wait                              0x08000b75   Thumb Code     6  rt_time.o(i.rt_dly_wait)
    rt_evt_psh                               0x08000b7d   Thumb Code    76  rt_event.o(i.rt_evt_psh)
    rt_evt_set                               0x08000bcd   Thumb Code    88  rt_event.o(i.rt_evt_set)
    rt_evt_wait                              0x08000c29   Thumb Code    56  rt_event.o(i.rt_evt_wait)
    rt_free_box                              0x08000c65   Thumb Code    44  rt_membox.o(i.rt_free_box)
    rt_free_mem                              0x08000c91   Thumb Code    40  rt_memory.o(i.rt_free_mem)
    rt_get_first                             0x08000cb9   Thumb Code    40  rt_list.o(i.rt_get_first)
    rt_init_mem                              0x08000d31   Thumb Code    26  rt_memory.o(i.rt_init_mem)
    rt_init_robin                            0x08000d4d   Thumb Code    14  rt_robin.o(i.rt_init_robin)
    rt_init_stack                            0x08000d65   Thumb Code   118  hal_cm.o(i.rt_init_stack)
    rt_mbx_check                             0x08000de5   Thumb Code     8  rt_mailbox.o(i.rt_mbx_check)
    rt_mbx_init                              0x08000ded   Thumb Code    26  rt_mailbox.o(i.rt_mbx_init)
    rt_mbx_psh                               0x08000e09   Thumb Code   236  rt_mailbox.o(i.rt_mbx_psh)
    rt_mbx_wait                              0x08000ef9   Thumb Code   174  rt_mailbox.o(i.rt_mbx_wait)
    rt_pop_req                               0x08000ff1   Thumb Code   112  rt_system.o(i.rt_pop_req)
    rt_psh_req                               0x0800106d   Thumb Code    22  rt_system.o(i.rt_psh_req)
    rt_psq_enq                               0x0800108d   Thumb Code    88  rt_list.o(i.rt_psq_enq)
    rt_put_dly                               0x080010e9   Thumb Code    68  rt_list.o(i.rt_put_dly)
    rt_put_prio                              0x08001131   Thumb Code    54  rt_list.o(i.rt_put_prio)
    rt_put_rdy_first                         0x08001169   Thumb Code    14  rt_list.o(i.rt_put_rdy_first)
    rt_resort_prio                           0x0800117d   Thumb Code    46  rt_list.o(i.rt_resort_prio)
    rt_ret_val                               0x080011b1   Thumb Code     6  hal_cm.o(i.rt_ret_val)
    rt_ret_val2                              0x080011b7   Thumb Code     8  hal_cm.o(i.rt_ret_val2)
    rt_rmv_dly                               0x080011bf   Thumb Code    40  rt_list.o(i.rt_rmv_dly)
    rt_rmv_list                              0x080011e9   Thumb Code    44  rt_list.o(i.rt_rmv_list)
    rt_sem_psh                               0x08001219   Thumb Code    48  rt_semaphore.o(i.rt_sem_psh)
    rt_stk_check                             0x0800124d   Thumb Code    28  rt_system.o(i.rt_stk_check)
    rt_switch_req                            0x08001271   Thumb Code    30  rt_task.o(i.rt_switch_req)
    rt_sys_init                              0x08001299   Thumb Code   138  rt_task.o(i.rt_sys_init)
    rt_sys_start                             0x08001365   Thumb Code   110  rt_task.o(i.rt_sys_start)
    rt_systick                               0x080013dd   Thumb Code    50  rt_system.o(i.rt_systick)
    rt_tsk_create                            0x08001465   Thumb Code   118  rt_task.o(i.rt_tsk_create)
    rt_tsk_delete                            0x080014ed   Thumb Code   352  rt_task.o(i.rt_tsk_delete)
    rt_tsk_prio                              0x08001669   Thumb Code   108  rt_task.o(i.rt_tsk_prio)
    rt_tsk_self                              0x080016e5   Thumb Code    12  rt_task.o(i.rt_tsk_self)
    svcDelay                                 0x080016f5   Thumb Code    18  rt_cmsis.o(i.svcDelay)
    svcKernelInitialize                      0x08001709   Thumb Code    80  rt_cmsis.o(i.svcKernelInitialize)
    svcKernelStart                           0x08001779   Thumb Code    62  rt_cmsis.o(i.svcKernelStart)
    svcMessageCreate                         0x080017c1   Thumb Code    36  rt_cmsis.o(i.svcMessageCreate)
    svcMessageGet                            0x080017e5   Thumb Code    58  rt_cmsis.o(i.svcMessageGet)
    svcSignalSet                             0x0800181f   Thumb Code    36  rt_cmsis.o(i.svcSignalSet)
    svcSignalWait                            0x08001845   Thumb Code    80  rt_cmsis.o(i.svcSignalWait)
    svcThreadCreate                          0x08001899   Thumb Code    96  rt_cmsis.o(i.svcThreadCreate)
    svcThreadGetId                           0x08001905   Thumb Code    22  rt_cmsis.o(i.svcThreadGetId)
    svcThreadTerminate                       0x08001921   Thumb Code    50  rt_cmsis.o(i.svcThreadTerminate)
    svcTimerCall                             0x08001959   Thumb Code    24  rt_cmsis.o(i.svcTimerCall)
    sysTimerTick                             0x08001971   Thumb Code    84  rt_cmsis.o(i.sysTimerTick)
    AHBPrescTable                            0x080019cc   Data          16  system_stm32f10x.o(.rodata.AHBPrescTable)
    CMSIS_RTOS_API_Version                   0x080019dc   Data           4  rtx_conf_cm.o(.rodata.CMSIS_RTOS_API_Version)
    CMSIS_RTOS_RTX_Version                   0x080019e0   Data           4  rtx_conf_cm.o(.rodata.CMSIS_RTOS_RTX_Version)
    mp_stk_size                              0x080019e4   Data           4  rtx_conf_cm.o(.rodata.mp_stk_size)
    mp_tcb_size                              0x080019e8   Data           2  rtx_conf_cm.o(.rodata.mp_tcb_size)
    mp_tmr_size                              0x080019ea   Data           2  rtx_conf_cm.o(.rodata.mp_tmr_size)
    os_clockrate                             0x080019ec   Data           4  rtx_conf_cm.o(.rodata.os_clockrate)
    os_fifo_size                             0x080019f0   Data           1  rtx_conf_cm.o(.rodata.os_fifo_size)
    os_flags                                 0x080019f1   Data           1  rtx_conf_cm.o(.rodata.os_flags)
    os_maxtaskrun                            0x080019f2   Data           2  rtx_conf_cm.o(.rodata.os_maxtaskrun)
    os_messageQ_def_osTimerMessageQ          0x080019f4   Data           8  rtx_conf_cm.o(.rodata.os_messageQ_def_osTimerMessageQ)
    os_rrobin                                0x080019fc   Data           4  rtx_conf_cm.o(.rodata.os_rrobin)
    os_stack_sz                              0x08001a00   Data           4  rtx_conf_cm.o(.rodata.os_stack_sz)
    os_stackinfo                             0x08001a04   Data           4  rtx_conf_cm.o(.rodata.os_stackinfo)
    os_thread_def_blinkLED                   0x08001a08   Data          16  rtx_blinky.o(.rodata.os_thread_def_blinkLED)
    os_thread_def_main                       0x08001a18   Data          16  rtx_conf_cm.o(.rodata.os_thread_def_main)
    os_thread_def_osTimerThread              0x08001a28   Data          16  rtx_conf_cm.o(.rodata.os_thread_def_osTimerThread)
    os_timernum                              0x08001a38   Data           4  rtx_conf_cm.o(.rodata.os_timernum)
    os_trv                                   0x08001a3c   Data           4  rtx_conf_cm.o(.rodata.os_trv)
    Region$$Table$$Base                      0x08001a40   Number         0  anon$$obj.o(Region$$Table)
    Region$$Table$$Limit                     0x08001a60   Number         0  anon$$obj.o(Region$$Table)
    os_initialized                           0x20000000   Data           1  rt_cmsis.o(.data)
    os_running                               0x20000001   Data           1  rt_cmsis.o(.data)
    os_timer_head                            0x20000004   Data           4  rt_cmsis.o(.data)
    os_tsk                                   0x20000008   Data           8  rt_task.o(.data)
    os_tick_irqn                             0x20000014   Data           4  rt_system.o(.data)
    os_time                                  0x20000018   Data           4  rt_time.o(.data)
    dbg_msg                                  0x2000001c   Data           1  hal_cm.o(.data)
    os_robin                                 0x20000020   Data           8  rt_robin.o(.data)
    SystemCoreClock                          0x20000028   Data           4  system_stm32f10x.o(.data.SystemCoreClock)
    os_idle_TCB                              0x20000030   Data          52  rt_task.o(.bss)
    os_rdy                                   0x20000064   Data          24  rt_list.o(.bss)
    os_dly                                   0x2000007c   Data          24  rt_list.o(.bss)
    m_tmr                                    0x20000094   Data           4  rtx_conf_cm.o(.bss.m_tmr)
    mp_stk                                   0x20000098   Data         416  rtx_conf_cm.o(.bss.mp_stk)
    mp_tcb                                   0x20000238   Data         168  rtx_conf_cm.o(.bss.mp_tcb)
    osMessageQId_osTimerMessageQ             0x200002e0   Data           4  rtx_conf_cm.o(.bss.osMessageQId_osTimerMessageQ)
    osThreadId_osTimerThread                 0x200002e4   Data           4  rtx_conf_cm.o(.bss.osThreadId_osTimerThread)
    os_active_TCB                            0x200002e8   Data          12  rtx_conf_cm.o(.bss.os_active_TCB)
    os_fifo                                  0x200002f4   Data         132  rtx_conf_cm.o(.bss.os_fifo)
    os_messageQ_q_osTimerMessageQ            0x20000378   Data          32  rtx_conf_cm.o(.bss.os_messageQ_q_osTimerMessageQ)
    os_stack_mem                             0x20000398   Data         432  rtx_conf_cm.o(.bss.os_stack_mem)
    tid_blinkLED                             0x20000548   Data           4  rtx_blinky.o(.bss.tid_blinkLED)
    __initial_sp                             0x20000950   Data           0  startup_stm32f10x_md.o(STACK)



==============================================================================

Memory Map of the image

  Image Entry point : 0x080000ed

  Load Region LR_IROM1 (Base: 0x08000000, Size: 0x00001a90, Max: 0x00020000, ABSOLUTE)

    Execution Region ER_IROM1 (Exec base: 0x08000000, Load base: 0x08000000, Size: 0x00001a60, Max: 0x00020000, ABSOLUTE)

    Exec Addr    Load Addr    Size         Type   Attr      Idx    E Section Name        Object

    0x08000000   0x08000000   0x000000ec   Data   RO           72    RESET               startup_stm32f10x_md.o
    0x080000ec   0x080000ec   0x00000000   Code   RO         1301  * .ARM.Collect$$$$00000000  mc_w.l(entry.o)
    0x080000ec   0x080000ec   0x00000004   Code   RO         1306    .ARM.Collect$$$$00000001  mc_w.l(entry2.o)
    0x080000f0   0x080000f0   0x00000004   Code   RO         1309    .ARM.Collect$$$$00000004  mc_w.l(entry5.o)
    0x080000f4   0x080000f4   0x00000000   Code   RO         1311    .ARM.Collect$$$$00000008  mc_w.l(entry7b.o)
    0x080000f4   0x080000f4   0x00000000   Code   RO         1313    .ARM.Collect$$$$0000000A  mc_w.l(entry8b.o)
    0x080000f4   0x080000f4   0x00000000   Code   RO         1314    .ARM.Collect$$$$0000000D  mc_w.l(entry10a.o)
    0x080000f4   0x080000f4   0x00000000   Code   RO         1316    .ARM.Collect$$$$0000000F  mc_w.l(entry11a.o)
    0x080000f4   0x080000f4   0x0000001a   Code   RO           31    .ARM.Collect$$$$000000FF  rtx_conf_cm.o
    0x0800010e   0x0800010e   0x00000002   PAD
    0x08000110   0x08000110   0x00000004   Code   RO         1307    .ARM.Collect$$$$00002712  mc_w.l(entry2.o)
    0x08000114   0x08000114   0x00000130   Code   RO         1288    .emb_text           RTX_CM3.lib(hal_cm3.o)
    0x08000244   0x08000244   0x00000136   Code   RO            1    .text               rtx_blinky.o
    0x0800037a   0x0800037a   0x00000002   PAD
    0x0800037c   0x0800037c   0x00000058   Code   RO           12    .text               buttons_nucleo_f103rb.o
    0x080003d4   0x080003d4   0x00000088   Code   RO           20    .text               led_nucleo_f103rb.o
    0x0800045c   0x0800045c   0x00000042   Code   RO           29    .text               rtx_conf_cm.o
    0x0800049e   0x0800049e   0x00000002   PAD
    0x080004a0   0x080004a0   0x00000024   Code   RO           73    .text               startup_stm32f10x_md.o
    0x080004c4   0x080004c4   0x0000017e   Code   RO           79    .text               system_stm32f10x.o
    0x08000642   0x08000642   0x00000002   PAD
    0x08000644   0x08000644   0x00000024   Code   RO         1322    .text               mc_w.l(init.o)
    0x08000668   0x08000668   0x00000004   Code   RO         1298    SVC_TABLE           RTX_CM3.lib(svc_table.o)
    0x0800066c   0x0800066c   0x0000000e   Code   RO         1326    i.__scatterload_copy  mc_w.l(handlers.o)
    0x0800067a   0x0800067a   0x00000002   Code   RO         1327    i.__scatterload_null  mc_w.l(handlers.o)
    0x0800067c   0x0800067c   0x0000000e   Code   RO         1328    i.__scatterload_zeroinit  mc_w.l(handlers.o)
    0x0800068a   0x0800068a   0x00000046   Code   RO         1166    i._init_box         RTX_CM3.lib(rt_membox.o)
    0x080006d0   0x080006d0   0x00000030   Code   RO         1219    i.dbg_init          RTX_CM3.lib(hal_cm.o)
    0x08000700   0x08000700   0x00000020   Code   RO         1220    i.dbg_task_notify   RTX_CM3.lib(hal_cm.o)
    0x08000720   0x08000720   0x00000010   Code   RO         1221    i.dbg_task_switch   RTX_CM3.lib(hal_cm.o)
    0x08000730   0x08000730   0x0000002a   Code   RO           92    i.isrMessageGet     RTX_CM3.lib(rt_cmsis.o)
    0x0800075a   0x0800075a   0x0000002c   Code   RO           93    i.isrMessagePut     RTX_CM3.lib(rt_cmsis.o)
    0x08000786   0x08000786   0x00000024   Code   RO           95    i.isrSignalSet      RTX_CM3.lib(rt_cmsis.o)
    0x080007aa   0x080007aa   0x00000002   PAD
    0x080007ac   0x080007ac   0x00000028   Code   RO          890    i.isr_evt_set       RTX_CM3.lib(rt_event.o)
    0x080007d4   0x080007d4   0x00000056   Code   RO         1012    i.isr_mbx_receive   RTX_CM3.lib(rt_mailbox.o)
    0x0800082a   0x0800082a   0x0000000e   Code   RO         1013    i.isr_mbx_send      RTX_CM3.lib(rt_mailbox.o)
    0x08000838   0x08000838   0x00000018   Code   RO           96    i.osDelay           RTX_CM3.lib(rt_cmsis.o)
    0x08000850   0x08000850   0x00000024   Code   RO           97    i.osKernelInitialize  RTX_CM3.lib(rt_cmsis.o)
    0x08000874   0x08000874   0x0000006c   Code   RO           99    i.osKernelStart     RTX_CM3.lib(rt_cmsis.o)
    0x080008e0   0x080008e0   0x00000016   Code   RO          105    i.osMailGet         RTX_CM3.lib(rt_cmsis.o)
    0x080008f6   0x080008f6   0x00000002   PAD
    0x080008f8   0x080008f8   0x00000018   Code   RO          108    i.osMessageGet      RTX_CM3.lib(rt_cmsis.o)
    0x08000910   0x08000910   0x00000018   Code   RO          123    i.osSignalSet       RTX_CM3.lib(rt_cmsis.o)
    0x08000928   0x08000928   0x00000018   Code   RO          124    i.osSignalWait      RTX_CM3.lib(rt_cmsis.o)
    0x08000940   0x08000940   0x0000002c   Code   RO          125    i.osThreadCreate    RTX_CM3.lib(rt_cmsis.o)
    0x0800096c   0x0800096c   0x00000018   Code   RO          126    i.osThreadExit      RTX_CM3.lib(rt_cmsis.o)
    0x08000984   0x08000984   0x0000000c   Code   RO          132    i.osTimerCall       RTX_CM3.lib(rt_cmsis.o)
    0x08000990   0x08000990   0x0000002c   Code   RO          137    i.osTimerThread     RTX_CM3.lib(rt_cmsis.o)
    0x080009bc   0x080009bc   0x00000028   Code   RO          800    i.os_tick_init      RTX_CM3.lib(rt_system.o)
    0x080009e4   0x080009e4   0x00000002   Code   RO          801    i.os_tick_irqack    RTX_CM3.lib(rt_system.o)
    0x080009e6   0x080009e6   0x0000001a   Code   RO         1167    i.rt_alloc_box      RTX_CM3.lib(rt_membox.o)
    0x08000a00   0x08000a00   0x0000003e   Code   RO         1195    i.rt_alloc_mem      RTX_CM3.lib(rt_memory.o)
    0x08000a3e   0x08000a3e   0x00000002   PAD
    0x08000a40   0x08000a40   0x00000038   Code   RO          715    i.rt_block          RTX_CM3.lib(rt_task.o)
    0x08000a78   0x08000a78   0x00000048   Code   RO         1267    i.rt_chk_robin      RTX_CM3.lib(rt_robin.o)
    0x08000ac0   0x08000ac0   0x00000070   Code   RO          936    i.rt_dec_dly        RTX_CM3.lib(rt_list.o)
    0x08000b30   0x08000b30   0x00000044   Code   RO          716    i.rt_dispatch       RTX_CM3.lib(rt_task.o)
    0x08000b74   0x08000b74   0x00000006   Code   RO         1102    i.rt_dly_wait       RTX_CM3.lib(rt_time.o)
    0x08000b7a   0x08000b7a   0x00000002   PAD
    0x08000b7c   0x08000b7c   0x00000050   Code   RO          893    i.rt_evt_psh        RTX_CM3.lib(rt_event.o)
    0x08000bcc   0x08000bcc   0x0000005c   Code   RO          894    i.rt_evt_set        RTX_CM3.lib(rt_event.o)
    0x08000c28   0x08000c28   0x0000003c   Code   RO          895    i.rt_evt_wait       RTX_CM3.lib(rt_event.o)
    0x08000c64   0x08000c64   0x0000002c   Code   RO         1168    i.rt_free_box       RTX_CM3.lib(rt_membox.o)
    0x08000c90   0x08000c90   0x00000028   Code   RO         1196    i.rt_free_mem       RTX_CM3.lib(rt_memory.o)
    0x08000cb8   0x08000cb8   0x00000028   Code   RO          937    i.rt_get_first      RTX_CM3.lib(rt_list.o)
    0x08000ce0   0x08000ce0   0x00000008   Code   RO          142    i.rt_id2obj         RTX_CM3.lib(rt_cmsis.o)
    0x08000ce8   0x08000ce8   0x00000048   Code   RO          717    i.rt_init_context   RTX_CM3.lib(rt_task.o)
    0x08000d30   0x08000d30   0x0000001a   Code   RO         1197    i.rt_init_mem       RTX_CM3.lib(rt_memory.o)
    0x08000d4a   0x08000d4a   0x00000002   PAD
    0x08000d4c   0x08000d4c   0x00000018   Code   RO         1268    i.rt_init_robin     RTX_CM3.lib(rt_robin.o)
    0x08000d64   0x08000d64   0x00000080   Code   RO         1222    i.rt_init_stack     RTX_CM3.lib(hal_cm.o)
    0x08000de4   0x08000de4   0x00000008   Code   RO         1014    i.rt_mbx_check      RTX_CM3.lib(rt_mailbox.o)
    0x08000dec   0x08000dec   0x0000001a   Code   RO         1015    i.rt_mbx_init       RTX_CM3.lib(rt_mailbox.o)
    0x08000e06   0x08000e06   0x00000002   PAD
    0x08000e08   0x08000e08   0x000000f0   Code   RO         1016    i.rt_mbx_psh        RTX_CM3.lib(rt_mailbox.o)
    0x08000ef8   0x08000ef8   0x000000b4   Code   RO         1018    i.rt_mbx_wait       RTX_CM3.lib(rt_mailbox.o)
    0x08000fac   0x08000fac   0x00000044   Code   RO          143    i.rt_ms2tick        RTX_CM3.lib(rt_cmsis.o)
    0x08000ff0   0x08000ff0   0x0000007c   Code   RO          804    i.rt_pop_req        RTX_CM3.lib(rt_system.o)
    0x0800106c   0x0800106c   0x00000020   Code   RO          805    i.rt_psh_req        RTX_CM3.lib(rt_system.o)
    0x0800108c   0x0800108c   0x0000005c   Code   RO          939    i.rt_psq_enq        RTX_CM3.lib(rt_list.o)
    0x080010e8   0x080010e8   0x00000048   Code   RO          940    i.rt_put_dly        RTX_CM3.lib(rt_list.o)
    0x08001130   0x08001130   0x00000036   Code   RO          941    i.rt_put_prio       RTX_CM3.lib(rt_list.o)
    0x08001166   0x08001166   0x00000002   PAD
    0x08001168   0x08001168   0x00000014   Code   RO          942    i.rt_put_rdy_first  RTX_CM3.lib(rt_list.o)
    0x0800117c   0x0800117c   0x00000034   Code   RO          943    i.rt_resort_prio    RTX_CM3.lib(rt_list.o)
    0x080011b0   0x080011b0   0x00000006   Code   RO         1223    i.rt_ret_val        RTX_CM3.lib(hal_cm.o)
    0x080011b6   0x080011b6   0x00000008   Code   RO         1224    i.rt_ret_val2       RTX_CM3.lib(hal_cm.o)
    0x080011be   0x080011be   0x00000028   Code   RO          944    i.rt_rmv_dly        RTX_CM3.lib(rt_list.o)
    0x080011e6   0x080011e6   0x00000002   PAD
    0x080011e8   0x080011e8   0x00000030   Code   RO          945    i.rt_rmv_list       RTX_CM3.lib(rt_list.o)
    0x08001218   0x08001218   0x00000034   Code   RO         1063    i.rt_sem_psh        RTX_CM3.lib(rt_semaphore.o)
    0x0800124c   0x0800124c   0x00000024   Code   RO          807    i.rt_stk_check      RTX_CM3.lib(rt_system.o)
    0x08001270   0x08001270   0x00000028   Code   RO          718    i.rt_switch_req     RTX_CM3.lib(rt_task.o)
    0x08001298   0x08001298   0x000000cc   Code   RO          719    i.rt_sys_init       RTX_CM3.lib(rt_task.o)
    0x08001364   0x08001364   0x00000078   Code   RO          720    i.rt_sys_start      RTX_CM3.lib(rt_task.o)
    0x080013dc   0x080013dc   0x00000040   Code   RO          809    i.rt_systick        RTX_CM3.lib(rt_system.o)
    0x0800141c   0x0800141c   0x00000012   Code   RO          144    i.rt_tid2ptcb       RTX_CM3.lib(rt_cmsis.o)
    0x0800142e   0x0800142e   0x00000002   PAD
    0x08001430   0x08001430   0x00000034   Code   RO          145    i.rt_timer_insert   RTX_CM3.lib(rt_cmsis.o)
    0x08001464   0x08001464   0x00000088   Code   RO          721    i.rt_tsk_create     RTX_CM3.lib(rt_task.o)
    0x080014ec   0x080014ec   0x0000017c   Code   RO          722    i.rt_tsk_delete     RTX_CM3.lib(rt_task.o)
    0x08001668   0x08001668   0x0000007c   Code   RO          724    i.rt_tsk_prio       RTX_CM3.lib(rt_task.o)
    0x080016e4   0x080016e4   0x00000010   Code   RO          725    i.rt_tsk_self       RTX_CM3.lib(rt_task.o)
    0x080016f4   0x080016f4   0x00000012   Code   RO          147    i.svcDelay          RTX_CM3.lib(rt_cmsis.o)
    0x08001706   0x08001706   0x00000002   PAD
    0x08001708   0x08001708   0x00000070   Code   RO          148    i.svcKernelInitialize  RTX_CM3.lib(rt_cmsis.o)
    0x08001778   0x08001778   0x00000048   Code   RO          150    i.svcKernelStart    RTX_CM3.lib(rt_cmsis.o)
    0x080017c0   0x080017c0   0x00000024   Code   RO          153    i.svcMessageCreate  RTX_CM3.lib(rt_cmsis.o)
    0x080017e4   0x080017e4   0x0000003a   Code   RO          154    i.svcMessageGet     RTX_CM3.lib(rt_cmsis.o)
    0x0800181e   0x0800181e   0x00000024   Code   RO          166    i.svcSignalSet      RTX_CM3.lib(rt_cmsis.o)
    0x08001842   0x08001842   0x00000002   PAD
    0x08001844   0x08001844   0x00000054   Code   RO          167    i.svcSignalWait     RTX_CM3.lib(rt_cmsis.o)
    0x08001898   0x08001898   0x0000006c   Code   RO          168    i.svcThreadCreate   RTX_CM3.lib(rt_cmsis.o)
    0x08001904   0x08001904   0x0000001c   Code   RO          169    i.svcThreadGetId    RTX_CM3.lib(rt_cmsis.o)
    0x08001920   0x08001920   0x00000038   Code   RO          172    i.svcThreadTerminate  RTX_CM3.lib(rt_cmsis.o)
    0x08001958   0x08001958   0x00000018   Code   RO          174    i.svcTimerCall      RTX_CM3.lib(rt_cmsis.o)
    0x08001970   0x08001970   0x0000005c   Code   RO          183    i.sysTimerTick      RTX_CM3.lib(rt_cmsis.o)
    0x080019cc   0x080019cc   0x00000010   Data   RO           82    .rodata.AHBPrescTable  system_stm32f10x.o
    0x080019dc   0x080019dc   0x00000004   Data   RO           41    .rodata.CMSIS_RTOS_API_Version  rtx_conf_cm.o
    0x080019e0   0x080019e0   0x00000004   Data   RO           42    .rodata.CMSIS_RTOS_RTX_Version  rtx_conf_cm.o
    0x080019e4   0x080019e4   0x00000004   Data   RO           46    .rodata.mp_stk_size  rtx_conf_cm.o
    0x080019e8   0x080019e8   0x00000002   Data   RO           45    .rodata.mp_tcb_size  rtx_conf_cm.o
    0x080019ea   0x080019ea   0x00000002   Data   RO           54    .rodata.mp_tmr_size  rtx_conf_cm.o
    0x080019ec   0x080019ec   0x00000004   Data   RO           43    .rodata.os_clockrate  rtx_conf_cm.o
    0x080019f0   0x080019f0   0x00000001   Data   RO           48    .rodata.os_fifo_size  rtx_conf_cm.o
    0x080019f1   0x080019f1   0x00000001   Data   RO           40    .rodata.os_flags    rtx_conf_cm.o
    0x080019f2   0x080019f2   0x00000002   Data   RO           33    .rodata.os_maxtaskrun  rtx_conf_cm.o
    0x080019f4   0x080019f4   0x00000008   Data   RO           51    .rodata.os_messageQ_def_osTimerMessageQ  rtx_conf_cm.o
    0x080019fc   0x080019fc   0x00000004   Data   RO           35    .rodata.os_rrobin   rtx_conf_cm.o
    0x08001a00   0x08001a00   0x00000004   Data   RO           47    .rodata.os_stack_sz  rtx_conf_cm.o
    0x08001a04   0x08001a04   0x00000004   Data   RO           34    .rodata.os_stackinfo  rtx_conf_cm.o
    0x08001a08   0x08001a08   0x00000010   Data   RO            3    .rodata.os_thread_def_blinkLED  rtx_blinky.o
    0x08001a18   0x08001a18   0x00000010   Data   RO           55    .rodata.os_thread_def_main  rtx_conf_cm.o
    0x08001a28   0x08001a28   0x00000010   Data   RO           49    .rodata.os_thread_def_osTimerThread  rtx_conf_cm.o
    0x08001a38   0x08001a38   0x00000004   Data   RO           44    .rodata.os_timernum  rtx_conf_cm.o
    0x08001a3c   0x08001a3c   0x00000004   Data   RO           39    .rodata.os_trv      rtx_conf_cm.o
    0x08001a40   0x08001a40   0x00000020   Data   RO         1325    Region$$Table       anon$$obj.o


    Execution Region RW_IRAM1 (Exec base: 0x20000000, Load base: 0x08001a60, Size: 0x00000950, Max: 0x00005000, ABSOLUTE)

    Exec Addr    Load Addr    Size         Type   Attr      Idx    E Section Name        Object

    0x20000000   0x08001a60   0x00000008   Data   RW          186    .data               RTX_CM3.lib(rt_cmsis.o)
    0x20000008   0x08001a68   0x00000008   Data   RW          727    .data               RTX_CM3.lib(rt_task.o)
    0x20000010   0x08001a70   0x00000008   Data   RW          812    .data               RTX_CM3.lib(rt_system.o)
    0x20000018   0x08001a78   0x00000004   Data   RW         1106    .data               RTX_CM3.lib(rt_time.o)
    0x2000001c   0x08001a7c   0x00000001   Data   RW         1225    .data               RTX_CM3.lib(hal_cm.o)
    0x2000001d   0x08001a7d   0x00000003   PAD
    0x20000020   0x08001a80   0x00000008   Data   RW         1269    .data               RTX_CM3.lib(rt_robin.o)
    0x20000028   0x08001a88   0x00000004   Data   RW           81    .data.SystemCoreClock  system_stm32f10x.o
    0x2000002c   0x08001a8c   0x00000004   PAD
    0x20000030        -       0x00000034   Zero   RW          726    .bss                RTX_CM3.lib(rt_task.o)
    0x20000064        -       0x00000030   Zero   RW          946    .bss                RTX_CM3.lib(rt_list.o)
    0x20000094        -       0x00000004   Zero   RW           53    .bss.m_tmr          rtx_conf_cm.o
    0x20000098        -       0x000001a0   Zero   RW           57    .bss.mp_stk         rtx_conf_cm.o
    0x20000238        -       0x000000a8   Zero   RW           56    .bss.mp_tcb         rtx_conf_cm.o
    0x200002e0        -       0x00000004   Zero   RW           62    .bss.osMessageQId_osTimerMessageQ  rtx_conf_cm.o
    0x200002e4        -       0x00000004   Zero   RW           61    .bss.osThreadId_osTimerThread  rtx_conf_cm.o
    0x200002e8        -       0x0000000c   Zero   RW           60    .bss.os_active_TCB  rtx_conf_cm.o
    0x200002f4        -       0x00000084   Zero   RW           59    .bss.os_fifo        rtx_conf_cm.o
    0x20000378        -       0x00000020   Zero   RW           50    .bss.os_messageQ_q_osTimerMessageQ  rtx_conf_cm.o
    0x20000398        -       0x000001b0   Zero   RW           58    .bss.os_stack_mem   rtx_conf_cm.o
    0x20000548        -       0x00000004   Zero   RW            4    .bss.tid_blinkLED   rtx_blinky.o
    0x2000054c   0x08001a8c   0x00000004   PAD
    0x20000550        -       0x00000400   Zero   RW           70    STACK               startup_stm32f10x_md.o


==============================================================================

Image component sizes


      Code (inc. data)   RO Data    RW Data    ZI Data      Debug   Object Name

        88          0          0          0          0       1595   buttons_nucleo_f103rb.o
       136          0          0          0          0       2114   led_nucleo_f103rb.o
       310          0         16          0          4       2716   rtx_blinky.o
        92          0         84          0       1204       4378   rtx_conf_cm.o
        36          8        236          0       1024        860   startup_stm32f10x_md.o
       382          0         16          4          0       2755   system_stm32f10x.o

    ----------------------------------------------------------------------
      1052          8        384          4       2240      14418   Object Totals
         0          0         32          0          0          0   (incl. Generated)
         8          0          0          0          8          0   (incl. Padding)

    ----------------------------------------------------------------------

      Code (inc. data)   RO Data    RW Data    ZI Data      Debug   Library Member Name

       238         24          0          1          0       3244   hal_cm.o
       304         36          0          0          0        756   hal_cm3.o
      1378        160          0          8          0      38670   rt_cmsis.o
       272         18          0          0          0       2606   rt_event.o
       530         34          0          0         48       8157   rt_list.o
       554         10          0          0          0       3889   rt_mailbox.o
       140          0          0          0          0       1889   rt_membox.o
       128          0          0          0          0       2267   rt_memory.o
        96         22          0          8          0       1134   rt_robin.o
        52          4          0          0          0        565   rt_semaphore.o
       298         52          0          8          0       6139   rt_system.o
      1216        174          0          8         52       9537   rt_task.o
         6          0          0          4          0        636   rt_time.o
         4          4          0          0          0        196   svc_table.o
         0          0          0          0          0          0   entry.o
         0          0          0          0          0          0   entry10a.o
         0          0          0          0          0          0   entry11a.o
         8          4          0          0          0          0   entry2.o
         4          0          0          0          0          0   entry5.o
         0          0          0          0          0          0   entry7b.o
         0          0          0          0          0          0   entry8b.o
        30          0          0          0          0          0   handlers.o
        36          8          0          0          0         68   init.o

    ----------------------------------------------------------------------
      5316        550          0         40        100      79753   Library Totals
        22          0          0          3          0          0   (incl. Padding)

    ----------------------------------------------------------------------

      Code (inc. data)   RO Data    RW Data    ZI Data      Debug   Library Name

      5216        538          0         37        100      79685   RTX_CM3.lib
        78         12          0          0          0         68   mc_w.l

    ----------------------------------------------------------------------
      5316        550          0         40        100      79753   Library Totals

    ----------------------------------------------------------------------

==============================================================================


      Code (inc. data)   RO Data    RW Data    ZI Data      Debug   

      6368        558        384         44       2340      90239   Grand Totals
      6368        558        384         44       2340      90239   ELF Image Totals
      6368        558        384         44          0          0   ROM Totals

==============================================================================

    Total RO  Size (Code + RO Data)                 6752 (   6.59kB)
    Total RW  Size (RW Data + ZI Data)              2384 (   2.33kB)
    Total ROM Size (Code + RO Data + RW Data)       6796 (   6.64kB)

==============================================================================

